  SCINE QCMaquis 
  Quantum Chemical Density Matrix Renormalization group
  available from https://scine.ethz.ch/download/qcmaquis
  based on the ALPS MPS codes from http://alps.comp-phys.org/
  copyright (c) 2015-2018 Laboratory of Physical Chemistry, ETH Zurich
  copyright (c) 2012-2016 by Sebastian Keller
  copyright (c) 2016-2018 by Alberto Baiardi, Leon Freitag, 
  Stefan Knecht, Yingjin Ma 
  for details see the publication: 
  S. Keller et al., J. Chem. Phys. 143, 244118 (2015)

This binary contains symmetries: u1dg 2u1 2u1pg su2u1pg 
DMRG version 3.1.0-0a16862dc132f9e3849ef20f8a6d3545f1fb796f (TranscorrelatedHamiltonian) release-3.0.6-gitlab
Temporary storage is disabled
coeff: -1.245095342
operators: {0,8}

coeff: -1.245095342
operators: {0,9}

coeff: -0.167073344
operators: {0,16} {1,5}

coeff: -0.167073344
operators: {0,17} {1,2}

coeff: 0.167073344
operators: {0,3} {1,7}

coeff: 0.167073344
operators: {0,6} {1,4}

coeff: -0.178953018
operators: {1,8}

coeff: -0.178953018
operators: {1,9}

coeff: -0.5492842238
operators: {2,8}

coeff: -0.5492842238
operators: {2,9}

coeff: -0.207313807
operators: {2,16} {3,5}

coeff: -0.207313807
operators: {2,17} {3,2}

coeff: 0.207313807
operators: {2,3} {3,7}

coeff: 0.207313807
operators: {2,6} {3,4}

coeff: 0.2144791648
operators: {3,8}

coeff: 0.2144791648
operators: {3,9}

The hamiltonian will contain 185 terms
MPO Bond 0: 38/14
MPO Bond 1: 42/16
MPO Bond 2: 16/6
MPO Bond 3: 1/0
site_types: 0 0 0 0 
phys[0]: |( <1,1,0>: 1 )( <1,0,0>: 1 )( <0,1,0>: 1 )( <0,0,0>: 1 )|
Right end: <1,1,0>
init norm: 0.01479289941
MPS site 0
|( <0,0,0>: 1 )|
Sum: 1
|( <1,1,0>: 1 )( <1,0,0>: 1 )( <0,1,0>: 1 )( <0,0,0>: 1 )|
Sum: 4
MPS site 1
|( <1,1,0>: 1 )( <1,0,0>: 1 )( <0,1,0>: 1 )( <0,0,0>: 1 )|
Sum: 4
|( <1,1,0>: 1 )( <1,0,0>: 2 )( <0,1,0>: 2 )( <0,0,0>: 1 )|
Sum: 6
MPS site 2
|( <1,1,0>: 1 )( <1,0,0>: 2 )( <0,1,0>: 2 )( <0,0,0>: 1 )|
Sum: 6
|( <1,1,0>: 1 )( <1,0,0>: 1 )( <0,1,0>: 1 )( <0,0,0>: 1 )|
Sum: 4
MPS site 3
|( <1,1,0>: 1 )( <1,0,0>: 1 )( <0,1,0>: 1 )( <0,0,0>: 1 )|
Sum: 4
|( <1,1,0>: 1 )|
Sum: 1

MPS initialization has finished...
Expecting 0 states to orthogonalize to.
Boundaries are partially initialized...
Boundaries are fully initialized...
Done init_left_right
Sweep 0, optimizing site 0
JCD used 4 iterations.
Time elapsed in JCD: 0.004396107
Energy 1 -1.12927985891714
Growing, alpha = 1e-30
Sum: 4 -> 4
Sweep has been running for 0.007371928 seconds.
Sweep 0, optimizing site 1
JCD used 10 iterations.
Time elapsed in JCD: 0.017787003
Energy 1 -1.1382353834555
Growing, alpha = 1e-30
Sum: 9 -> 7
Sweep has been running for 0.029014776 seconds.
Sweep 0, optimizing site 2
JCD used 7 iterations.
Time elapsed in JCD: 0.012846812
Energy 1 -1.15163341790967
Growing, alpha = 1e-30
Sum: 14 -> 8
Sweep has been running for 0.044916067 seconds.
Sweep 0, optimizing site 3
JCD used 1 iterations.
Time elapsed in JCD: 0.001015473
Energy 1 -1.15163341782104
Sweep has been running for 0.046802571 seconds.
Syncing storage
Sweep 0, optimizing site 3
JCD used 1 iterations.
Time elapsed in JCD: 0.001056022
Energy -1 -1.15163341782104
Growing, alpha = 1e-30
Sum: 4 -> 4
Sweep has been running for 0.053896175 seconds.
Sweep 0, optimizing site 2
JCD used 1 iterations.
Time elapsed in JCD: 0.001309325
Energy -1 -1.15163341782104
Growing, alpha = 1e-30
Sum: 9 -> 8
Sweep has been running for 0.059544839 seconds.
Sweep 0, optimizing site 1
JCD used 7 iterations.
Time elapsed in JCD: 0.015663225
Energy -1 -1.15168253500643
Growing, alpha = 1e-30
Sum: 15 -> 11
Sweep has been running for 0.079330248 seconds.
Sweep 0, optimizing site 0
JCD used 1 iterations.
Time elapsed in JCD: 0.000955766
Energy -1 -1.15168253719906
Sweep has been running for 0.083891644 seconds.
Sweep 1, optimizing site 0
JCD used 1 iterations.
Time elapsed in JCD: 0.001042267
Energy 1 -1.15168253719906
Growing, alpha = 1e-30
Sum: 4 -> 4
Sweep has been running for 0.003515118 seconds.
Sweep 1, optimizing site 1
JCD used 1 iterations.
Time elapsed in JCD: 0.001380675
Energy 1 -1.15168253719906
Growing, alpha = 1e-30
Sum: 9 -> 7
Sweep has been running for 0.008939317 seconds.
Sweep 1, optimizing site 2
JCD used 6 iterations.
Time elapsed in JCD: 0.009144726
Energy 1 -1.15168273348953
Growing, alpha = 1e-30
Sum: 14 -> 10
Sweep has been running for 0.021122238 seconds.
Sweep 1, optimizing site 3
JCD used 1 iterations.
Time elapsed in JCD: 0.00110245
Energy 1 -1.1516827311551
Sweep has been running for 0.023133416 seconds.
Syncing storage
Sweep 1, optimizing site 3
JCD used 1 iterations.
Time elapsed in JCD: 0.001297712
Energy -1 -1.1516827311551
Growing, alpha = 1e-30
Sum: 4 -> 4
Sweep has been running for 0.030466073 seconds.
Sweep 1, optimizing site 2
JCD used 1 iterations.
Time elapsed in JCD: 0.001314995
Energy -1 -1.1516827311551
Growing, alpha = 1e-30
Sum: 9 -> 8
Sweep has been running for 0.035615959 seconds.
Sweep 1, optimizing site 1
JCD used 6 iterations.
Time elapsed in JCD: 0.010311151
Energy -1 -1.15168273283487
Growing, alpha = 1e-30
Sum: 15 -> 9
Sweep has been running for 0.049936141 seconds.
Sweep 1, optimizing site 0
JCD used 1 iterations.
Time elapsed in JCD: 0.001022864
Energy -1 -1.15168273211718
Sweep has been running for 0.052424405 seconds.
Sweep 2, optimizing site 0
JCD used 1 iterations.
Time elapsed in JCD: 0.001124402
Energy 1 -1.15168273211718
Growing, alpha = 1e-30
Sum: 4 -> 4
Sweep has been running for 0.003699384 seconds.
Sweep 2, optimizing site 1
JCD used 1 iterations.
Time elapsed in JCD: 0.001611655
Energy 1 -1.15168273211718
Growing, alpha = 1e-30
Sum: 9 -> 7
Sweep has been running for 0.009570258 seconds.
Sweep 2, optimizing site 2
JCD used 4 iterations.
Time elapsed in JCD: 0.005356744
Energy 1 -1.15168273266214
Growing, alpha = 1e-30
Sum: 14 -> 8
Sweep has been running for 0.020470758 seconds.
Sweep 2, optimizing site 3
JCD used 1 iterations.
Time elapsed in JCD: 0.001214054
Energy 1 -1.1516827321181
Sweep has been running for 0.022620019 seconds.
Syncing storage
Sweep 2, optimizing site 3
JCD used 1 iterations.
Time elapsed in JCD: 0.001127999
Energy -1 -1.1516827321181
Growing, alpha = 1e-30
Sum: 4 -> 4
Sweep has been running for 0.026051193 seconds.
Sweep 2, optimizing site 2
JCD used 1 iterations.
Time elapsed in JCD: 0.001363757
Energy -1 -1.1516827321181
Growing, alpha = 1e-30
Sum: 9 -> 7
Sweep has been running for 0.031473396 seconds.
Sweep 2, optimizing site 1
JCD used 2 iterations.
Time elapsed in JCD: 0.005530913
Energy -1 -1.15168273520771
Growing, alpha = 1e-30
Sum: 14 -> 9
Sweep has been running for 0.041243025 seconds.
Sweep 2, optimizing site 0
JCD used 1 iterations.
Time elapsed in JCD: 0.001657891
Energy -1 -1.1516827321181
Sweep has been running for 0.044461096 seconds.
Sweep 3, optimizing site 0
JCD used 1 iterations.
Time elapsed in JCD: 0.003245871
Energy 1 -1.1516827321181
Growing, alpha = 1e-30
Sum: 4 -> 4
Sweep has been running for 0.006140146 seconds.
Sweep 3, optimizing site 1
JCD used 1 iterations.
Time elapsed in JCD: 0.001576382
Energy 1 -1.1516827321181
Growing, alpha = 1e-30
Sum: 9 -> 7
Sweep has been running for 0.011987001 seconds.
Sweep 3, optimizing site 2
JCD used 1 iterations.
Time elapsed in JCD: 0.001296486
Energy 1 -1.1516827321181
Growing, alpha = 1e-30
Sum: 14 -> 8
Sweep has been running for 0.019300435 seconds.
Sweep 3, optimizing site 3
JCD used 1 iterations.
Time elapsed in JCD: 0.001289559
Energy 1 -1.1516827321181
Sweep has been running for 0.02170866 seconds.
Syncing storage
Sweep 3, optimizing site 3
JCD used 1 iterations.
Time elapsed in JCD: 0.001274529
Energy -1 -1.1516827321181
Growing, alpha = 1e-30
Sum: 4 -> 4
Sweep has been running for 0.025137962 seconds.
Sweep 3, optimizing site 2
JCD used 1 iterations.
Time elapsed in JCD: 0.002558796
Energy -1 -1.1516827321181
Growing, alpha = 1e-30
Sum: 9 -> 7
Sweep has been running for 0.032007968 seconds.
Sweep 3, optimizing site 1
JCD used 1 iterations.
Time elapsed in JCD: 0.001614741
Energy -1 -1.1516827321181
Growing, alpha = 1e-30
Sum: 14 -> 10
Sweep has been running for 0.040479387 seconds.
Sweep 3, optimizing site 0
JCD used 1 iterations.
Time elapsed in JCD: 0.000980929
Energy -1 -1.1516827321181
Sweep has been running for 0.042967106 seconds.
Sweep 4, optimizing site 0
JCD used 1 iterations.
Time elapsed in JCD: 0.001906013
Energy 1 -1.1516827321181
Growing, alpha = 1e-30
Sum: 4 -> 4
Sweep has been running for 0.02341321 seconds.
Sweep 4, optimizing site 1
JCD used 1 iterations.
Time elapsed in JCD: 0.009606896
Energy 1 -1.1516827321181
Growing, alpha = 1e-30
Sum: 9 -> 8
Sweep has been running for 0.03784531 seconds.
Sweep 4, optimizing site 2
JCD used 1 iterations.
Time elapsed in JCD: 0.001942988
Energy 1 -1.1516827321181
Growing, alpha = 1e-30
Sum: 15 -> 8
Sweep has been running for 0.04604275 seconds.
Sweep 4, optimizing site 3
JCD used 1 iterations.
Time elapsed in JCD: 0.001055861
Energy 1 -1.1516827321181
Sweep has been running for 0.053187318 seconds.
Syncing storage
Sweep 4, optimizing site 3
JCD used 1 iterations.
Time elapsed in JCD: 0.001420452
Energy -1 -1.1516827321181
Growing, alpha = 1e-30
Sum: 4 -> 4
Sweep has been running for 0.061128411 seconds.
Sweep 4, optimizing site 2
JCD used 1 iterations.
Time elapsed in JCD: 0.007276231
Energy -1 -1.1516827321181
Growing, alpha = 1e-30
Sum: 9 -> 7
Sweep has been running for 0.075339428 seconds.
Sweep 4, optimizing site 1
JCD used 1 iterations.
Time elapsed in JCD: 0.001995487
Energy -1 -1.1516827321181
Growing, alpha = 1e-30
Sum: 14 -> 8
Sweep has been running for 0.083654769 seconds.
Sweep 4, optimizing site 0
JCD used 1 iterations.
Time elapsed in JCD: 0.004666183
Energy -1 -1.1516827321181
Sweep has been running for 0.091592105 seconds.
Sweep 5, optimizing site 0
JCD used 1 iterations.
Time elapsed in JCD: 0.001100377
Energy 1 -1.15168273211811
Growing, alpha = 1e-30
Sum: 4 -> 4
Sweep has been running for 0.003563723 seconds.
Sweep 5, optimizing site 1
JCD used 1 iterations.
Time elapsed in JCD: 0.001531185
Energy 1 -1.1516827321181
Growing, alpha = 1e-30
Sum: 9 -> 8
Sweep has been running for 0.00927958 seconds.
Sweep 5, optimizing site 2
JCD used 1 iterations.
Time elapsed in JCD: 0.002114482
Energy 1 -1.1516827321181
Growing, alpha = 1e-30
Sum: 15 -> 9
Sweep has been running for 0.015794054 seconds.
Sweep 5, optimizing site 3
JCD used 1 iterations.
Time elapsed in JCD: 0.001266405
Energy 1 -1.1516827321181
Sweep has been running for 0.018216555 seconds.
Syncing storage
Sweep 5, optimizing site 3
JCD used 1 iterations.
Time elapsed in JCD: 0.001273399
Energy -1 -1.1516827321181
Growing, alpha = 1e-30
Sum: 4 -> 4
Sweep has been running for 0.021424684 seconds.
Sweep 5, optimizing site 2
JCD used 1 iterations.
Time elapsed in JCD: 0.001379661
Energy -1 -1.1516827321181
Growing, alpha = 1e-30
Sum: 9 -> 8
Sweep has been running for 0.027694274 seconds.
Sweep 5, optimizing site 1
JCD used 1 iterations.
Time elapsed in JCD: 0.001775181
Energy -1 -1.1516827321181
Growing, alpha = 1e-30
Sum: 15 -> 11
Sweep has been running for 0.034143952 seconds.
Sweep 5, optimizing site 0
JCD used 1 iterations.
Time elapsed in JCD: 0.001124027
Energy -1 -1.1516827321181
Sweep has been running for 0.037058515 seconds.
Sweep 6, optimizing site 0
JCD used 1 iterations.
Time elapsed in JCD: 0.001095379
Energy 1 -1.15168273211811
Growing, alpha = 1e-30
Sum: 4 -> 4
Sweep has been running for 0.003732463 seconds.
Sweep 6, optimizing site 1
JCD used 1 iterations.
Time elapsed in JCD: 0.001593915
Energy 1 -1.1516827321181
Growing, alpha = 1e-30
Sum: 9 -> 8
Sweep has been running for 0.011928097 seconds.
Sweep 6, optimizing site 2
JCD used 1 iterations.
Time elapsed in JCD: 0.004671685
Energy 1 -1.1516827321181
Growing, alpha = 1e-30
Sum: 15 -> 9
Sweep has been running for 0.019578096 seconds.
Sweep 6, optimizing site 3
JCD used 1 iterations.
Time elapsed in JCD: 0.001246782
Energy 1 -1.1516827321181
Sweep has been running for 0.021862846 seconds.
Syncing storage
Sweep 6, optimizing site 3
JCD used 1 iterations.
Time elapsed in JCD: 0.001160615
Energy -1 -1.1516827321181
Growing, alpha = 1e-30
Sum: 4 -> 4
Sweep has been running for 0.024713112 seconds.
Sweep 6, optimizing site 2
JCD used 1 iterations.
Time elapsed in JCD: 0.001279318
Energy -1 -1.1516827321181
Growing, alpha = 1e-30
Sum: 9 -> 7
Sweep has been running for 0.029670003 seconds.
Sweep 6, optimizing site 1
JCD used 1 iterations.
Time elapsed in JCD: 0.004828608
Energy -1 -1.1516827321181
Growing, alpha = 1e-30
Sum: 14 -> 8
Sweep has been running for 0.038794405 seconds.
Sweep 6, optimizing site 0
JCD used 1 iterations.
Time elapsed in JCD: 0.001312886
Energy -1 -1.1516827321181
Sweep has been running for 0.041676782 seconds.
Sweep 7, optimizing site 0
JCD used 1 iterations.
Time elapsed in JCD: 0.002983489
Energy 1 -1.15168273211811
Growing, alpha = 1e-30
Sum: 4 -> 4
Sweep has been running for 0.005654209 seconds.
Sweep 7, optimizing site 1
JCD used 1 iterations.
Time elapsed in JCD: 0.001463648
Energy 1 -1.1516827321181
Growing, alpha = 1e-30
Sum: 9 -> 8
Sweep has been running for 0.011503182 seconds.
Sweep 7, optimizing site 2
JCD used 1 iterations.
Time elapsed in JCD: 0.002713692
Energy 1 -1.1516827321181
Growing, alpha = 1e-30
Sum: 15 -> 7
Sweep has been running for 0.029000979 seconds.
Sweep 7, optimizing site 3
JCD used 1 iterations.
Time elapsed in JCD: 0.001173491
Energy 1 -1.1516827321181
Sweep has been running for 0.031171749 seconds.
Syncing storage
Sweep 7, optimizing site 3
JCD used 1 iterations.
Time elapsed in JCD: 0.001189361
Energy -1 -1.1516827321181
Growing, alpha = 1e-30
Sum: 4 -> 4
Sweep has been running for 0.034625425 seconds.
Sweep 7, optimizing site 2
JCD used 1 iterations.
Time elapsed in JCD: 0.001389334
Energy -1 -1.1516827321181
Growing, alpha = 1e-30
Sum: 9 -> 6
Sweep has been running for 0.040236801 seconds.
Sweep 7, optimizing site 1
JCD used 1 iterations.
Time elapsed in JCD: 0.001632861
Energy -1 -1.1516827321181
Growing, alpha = 1e-30
Sum: 13 -> 8
Sweep has been running for 0.045970291 seconds.
Sweep 7, optimizing site 0
JCD used 1 iterations.
Time elapsed in JCD: 0.001051686
Energy -1 -1.1516827321181
Sweep has been running for 0.049337131 seconds.
Sweep 8, optimizing site 0
JCD used 1 iterations.
Time elapsed in JCD: 0.001109579
Energy 1 -1.15168273211811
Growing, alpha = 1e-30
Sum: 4 -> 4
Sweep has been running for 0.003667111 seconds.
Sweep 8, optimizing site 1
JCD used 1 iterations.
Time elapsed in JCD: 0.00155244
Energy 1 -1.1516827321181
Growing, alpha = 1e-30
Sum: 9 -> 7
Sweep has been running for 0.010687626 seconds.
Sweep 8, optimizing site 2
JCD used 1 iterations.
Time elapsed in JCD: 0.001384538
Energy 1 -1.1516827321181
Growing, alpha = 1e-30
Sum: 14 -> 9
Sweep has been running for 0.015271543 seconds.
Sweep 8, optimizing site 3
JCD used 1 iterations.
Time elapsed in JCD: 0.001081527
Energy 1 -1.15168273211811
Sweep has been running for 0.017194539 seconds.
Syncing storage
Sweep 8, optimizing site 3
JCD used 1 iterations.
Time elapsed in JCD: 0.001075082
Energy -1 -1.15168273211811
Growing, alpha = 1e-30
Sum: 4 -> 4
Sweep has been running for 0.019914093 seconds.
Sweep 8, optimizing site 2
JCD used 1 iterations.
Time elapsed in JCD: 0.001461213
Energy -1 -1.1516827321181
Growing, alpha = 1e-30
Sum: 9 -> 8
Sweep has been running for 0.028144226 seconds.
Sweep 8, optimizing site 1
JCD used 1 iterations.
Time elapsed in JCD: 0.001653867
Energy -1 -1.1516827321181
Growing, alpha = 1e-30
Sum: 15 -> 7
Sweep has been running for 0.033691159 seconds.
Sweep 8, optimizing site 0
JCD used 1 iterations.
Time elapsed in JCD: 0.001040706
Energy -1 -1.1516827321181
Sweep has been running for 0.036098392 seconds.
Sweep 9, optimizing site 0
JCD used 1 iterations.
Time elapsed in JCD: 0.002552477
Energy 1 -1.15168273211811
Growing, alpha = 1e-30
Sum: 4 -> 4
Sweep has been running for 0.005378655 seconds.
Sweep 9, optimizing site 1
JCD used 1 iterations.
Time elapsed in JCD: 0.001673501
Energy 1 -1.1516827321181
Growing, alpha = 1e-30
Sum: 9 -> 6
Sweep has been running for 0.011509993 seconds.
Sweep 9, optimizing site 2
JCD used 1 iterations.
Time elapsed in JCD: 0.001257723
Energy 1 -1.15168273211811
Growing, alpha = 1e-30
Sum: 13 -> 7
Sweep has been running for 0.015657796 seconds.
Sweep 9, optimizing site 3
JCD used 1 iterations.
Time elapsed in JCD: 0.001223439
Energy 1 -1.1516827321181
Sweep has been running for 0.018365741 seconds.
Syncing storage
Sweep 9, optimizing site 3
JCD used 1 iterations.
Time elapsed in JCD: 0.001322219
Energy -1 -1.1516827321181
Growing, alpha = 1e-30
Sum: 4 -> 4
Sweep has been running for 0.021668841 seconds.
Sweep 9, optimizing site 2
JCD used 1 iterations.
Time elapsed in JCD: 0.001491541
Energy -1 -1.1516827321181
Growing, alpha = 1e-30
Sum: 9 -> 7
Sweep has been running for 0.027909281 seconds.
Sweep 9, optimizing site 1
JCD used 1 iterations.
Time elapsed in JCD: 0.001664042
Energy -1 -1.1516827321181
Growing, alpha = 1e-30
Sum: 14 -> 8
Sweep has been running for 0.033378701 seconds.
Sweep 9, optimizing site 0
JCD used 1 iterations.
Time elapsed in JCD: 0.002521715
Energy -1 -1.1516827321181
Sweep has been running for 0.03760821 seconds.
Sweep 10, optimizing site 0
JCD used 1 iterations.
Time elapsed in JCD: 0.001126431
Energy 1 -1.15168273211811
Growing, alpha = 1e-30
Sum: 4 -> 4
Sweep has been running for 0.003773947 seconds.
Sweep 10, optimizing site 1
JCD used 1 iterations.
Time elapsed in JCD: 0.00150639
Energy 1 -1.1516827321181
Growing, alpha = 1e-30
Sum: 9 -> 8
Sweep has been running for 0.009570322 seconds.
Sweep 10, optimizing site 2
JCD used 1 iterations.
Time elapsed in JCD: 0.001272356
Energy 1 -1.1516827321181
Growing, alpha = 1e-30
Sum: 15 -> 6
Sweep has been running for 0.017334889 seconds.
Sweep 10, optimizing site 3
JCD used 1 iterations.
Time elapsed in JCD: 0.001290011
Energy 1 -1.1516827321181
Sweep has been running for 0.019691819 seconds.
Syncing storage
Sweep 10, optimizing site 3
JCD used 1 iterations.
Time elapsed in JCD: 0.001194007
Energy -1 -1.1516827321181
Growing, alpha = 1e-30
Sum: 4 -> 4
Sweep has been running for 0.02267544 seconds.
Sweep 10, optimizing site 2
JCD used 1 iterations.
Time elapsed in JCD: 0.001389469
Energy -1 -1.1516827321181
Growing, alpha = 1e-30
Sum: 9 -> 7
Sweep has been running for 0.027989287 seconds.
Sweep 10, optimizing site 1
JCD used 1 iterations.
Time elapsed in JCD: 0.003551035
Energy -1 -1.1516827321181
Growing, alpha = 1e-30
Sum: 14 -> 10
Sweep has been running for 0.035908971 seconds.
Sweep 10, optimizing site 0
JCD used 1 iterations.
Time elapsed in JCD: 0.00240862
Energy -1 -1.1516827321181
Sweep has been running for 0.040087617 seconds.
Sweep 11, optimizing site 0
JCD used 1 iterations.
Time elapsed in JCD: 0.001209787
Energy 1 -1.1516827321181
Growing, alpha = 1e-30
Sum: 4 -> 4
Sweep has been running for 0.003755127 seconds.
Sweep 11, optimizing site 1
JCD used 1 iterations.
Time elapsed in JCD: 0.001414994
Energy 1 -1.1516827321181
Growing, alpha = 1e-30
Sum: 9 -> 8
Sweep has been running for 0.010616909 seconds.
Sweep 11, optimizing site 2
JCD used 1 iterations.
Time elapsed in JCD: 0.001378843
Energy 1 -1.1516827321181
Growing, alpha = 1e-30
Sum: 15 -> 9
Sweep has been running for 0.014719961 seconds.
Sweep 11, optimizing site 3
JCD used 1 iterations.
Time elapsed in JCD: 0.000976071
Energy 1 -1.1516827321181
Sweep has been running for 0.016488092 seconds.
Syncing storage
Sweep 11, optimizing site 3
JCD used 1 iterations.
Time elapsed in JCD: 0.001129703
Energy -1 -1.1516827321181
Growing, alpha = 1e-30
Sum: 4 -> 4
Sweep has been running for 0.019486406 seconds.
Sweep 11, optimizing site 2
JCD used 1 iterations.
Time elapsed in JCD: 0.001262428
Energy -1 -1.1516827321181
Growing, alpha = 1e-30
Sum: 9 -> 8
Sweep has been running for 0.024493559 seconds.
Sweep 11, optimizing site 1
JCD used 1 iterations.
Time elapsed in JCD: 0.001846401
Energy -1 -1.1516827321181
Growing, alpha = 1e-30
Sum: 15 -> 9
Sweep has been running for 0.030195084 seconds.
Sweep 11, optimizing site 0
JCD used 1 iterations.
Time elapsed in JCD: 0.000964645
Energy -1 -1.1516827321181
Sweep has been running for 0.032672942 seconds.
Sweep 12, optimizing site 0
JCD used 1 iterations.
Time elapsed in JCD: 0.011769449
Energy 1 -1.15168273211811
Growing, alpha = 1e-30
Sum: 4 -> 4
Sweep has been running for 0.014531776 seconds.
Sweep 12, optimizing site 1
JCD used 1 iterations.
Time elapsed in JCD: 0.001550434
Energy 1 -1.1516827321181
Growing, alpha = 1e-30
Sum: 9 -> 7
Sweep has been running for 0.020293801 seconds.
Sweep 12, optimizing site 2
JCD used 1 iterations.
Time elapsed in JCD: 0.001267042
Energy 1 -1.15168273211811
Growing, alpha = 1e-30
Sum: 14 -> 6
Sweep has been running for 0.02482901 seconds.
Sweep 12, optimizing site 3
JCD used 1 iterations.
Time elapsed in JCD: 0.001411839
Energy 1 -1.15168273211811
Sweep has been running for 0.027591732 seconds.
Syncing storage
Sweep 12, optimizing site 3
JCD used 1 iterations.
Time elapsed in JCD: 0.001422515
Energy -1 -1.15168273211811
Growing, alpha = 1e-30
Sum: 4 -> 4
Sweep has been running for 0.030971724 seconds.
Sweep 12, optimizing site 2
JCD used 1 iterations.
Time elapsed in JCD: 0.001387692
Energy -1 -1.1516827321181
Growing, alpha = 1e-30
Sum: 9 -> 7
Sweep has been running for 0.036357573 seconds.
Sweep 12, optimizing site 1
JCD used 1 iterations.
Time elapsed in JCD: 0.001599044
Energy -1 -1.1516827321181
Growing, alpha = 1e-30
Sum: 14 -> 8
Sweep has been running for 0.042645267 seconds.
Sweep 12, optimizing site 0
JCD used 1 iterations.
Time elapsed in JCD: 0.001146516
Energy -1 -1.1516827321181
Sweep has been running for 0.04738576 seconds.
Sweep 13, optimizing site 0
JCD used 1 iterations.
Time elapsed in JCD: 0.0011882
Energy 1 -1.15168273211811
Growing, alpha = 1e-30
Sum: 4 -> 4
Sweep has been running for 0.007077165 seconds.
Sweep 13, optimizing site 1
JCD used 1 iterations.
Time elapsed in JCD: 0.018715796
Energy 1 -1.1516827321181
Growing, alpha = 1e-30
Sum: 9 -> 7
Sweep has been running for 0.032705148 seconds.
Sweep 13, optimizing site 2
JCD used 1 iterations.
Time elapsed in JCD: 0.001336055
Energy 1 -1.1516827321181
Growing, alpha = 1e-30
Sum: 14 -> 8
Sweep has been running for 0.041952188 seconds.
Sweep 13, optimizing site 3
JCD used 1 iterations.
Time elapsed in JCD: 0.00114725
Energy 1 -1.1516827321181
Sweep has been running for 0.044075152 seconds.
Syncing storage
Sweep 13, optimizing site 3
JCD used 1 iterations.
Time elapsed in JCD: 0.001079002
Energy -1 -1.1516827321181
Growing, alpha = 1e-30
Sum: 4 -> 4
Sweep has been running for 0.048493603 seconds.
Sweep 13, optimizing site 2
JCD used 1 iterations.
Time elapsed in JCD: 0.006260093
Energy -1 -1.1516827321181
Growing, alpha = 1e-30
Sum: 9 -> 7
Sweep has been running for 0.061824544 seconds.
Sweep 13, optimizing site 1
JCD used 1 iterations.
Time elapsed in JCD: 0.001553671
Energy -1 -1.1516827321181
Growing, alpha = 1e-30
Sum: 14 -> 10
Sweep has been running for 0.071667427 seconds.
Sweep 13, optimizing site 0
JCD used 1 iterations.
Time elapsed in JCD: 0.001111625
Energy -1 -1.1516827321181
Sweep has been running for 0.077462029 seconds.
Sweep 14, optimizing site 0
JCD used 1 iterations.
Time elapsed in JCD: 0.003990093
Energy 1 -1.15168273211811
Growing, alpha = 1e-30
Sum: 4 -> 4
Sweep has been running for 0.008400299 seconds.
Sweep 14, optimizing site 1
JCD used 1 iterations.
Time elapsed in JCD: 0.001467218
Energy 1 -1.1516827321181
Growing, alpha = 1e-30
Sum: 9 -> 8
Sweep has been running for 0.014543246 seconds.
Sweep 14, optimizing site 2
JCD used 1 iterations.
Time elapsed in JCD: 0.001189578
Energy 1 -1.1516827321181
Growing, alpha = 1e-30
Sum: 15 -> 9
Sweep has been running for 0.023320903 seconds.
Sweep 14, optimizing site 3
JCD used 1 iterations.
Time elapsed in JCD: 0.001129194
Energy 1 -1.1516827321181
Sweep has been running for 0.025481518 seconds.
Syncing storage
Sweep 14, optimizing site 3
JCD used 1 iterations.
Time elapsed in JCD: 0.001144815
Energy -1 -1.1516827321181
Growing, alpha = 1e-30
Sum: 4 -> 4
Sweep has been running for 0.02833513 seconds.
Sweep 14, optimizing site 2
JCD used 1 iterations.
Time elapsed in JCD: 0.00127389
Energy -1 -1.1516827321181
Growing, alpha = 1e-30
Sum: 9 -> 8
Sweep has been running for 0.033504058 seconds.
Sweep 14, optimizing site 1
JCD used 1 iterations.
Time elapsed in JCD: 0.005276833
Energy -1 -1.1516827321181
Growing, alpha = 1e-30
Sum: 15 -> 10
Sweep has been running for 0.043489499 seconds.
Sweep 14, optimizing site 0
JCD used 1 iterations.
Time elapsed in JCD: 0.00100803
Energy -1 -1.1516827321181
Sweep has been running for 0.046057196 seconds.
Sweep 15, optimizing site 0
JCD used 1 iterations.
Time elapsed in JCD: 0.001160651
Energy 1 -1.1516827321181
Growing, alpha = 1e-30
Sum: 4 -> 4
Sweep has been running for 0.007470957 seconds.
Sweep 15, optimizing site 1
JCD used 1 iterations.
Time elapsed in JCD: 0.00175081
Energy 1 -1.1516827321181
Growing, alpha = 1e-30
Sum: 9 -> 7
Sweep has been running for 0.015712126 seconds.
Sweep 15, optimizing site 2
JCD used 1 iterations.
Time elapsed in JCD: 0.005809689
Energy 1 -1.15168273211811
Growing, alpha = 1e-30
Sum: 14 -> 8
Sweep has been running for 0.032934987 seconds.
Sweep 15, optimizing site 3
JCD used 1 iterations.
Time elapsed in JCD: 0.002513702
Energy 1 -1.15168273211811
Sweep has been running for 0.036591691 seconds.
Syncing storage
Sweep 15, optimizing site 3
JCD used 1 iterations.
Time elapsed in JCD: 0.001258083
Energy -1 -1.15168273211811
Growing, alpha = 1e-30
Sum: 4 -> 4
Sweep has been running for 0.039762133 seconds.
Sweep 15, optimizing site 2
JCD used 1 iterations.
Time elapsed in JCD: 0.001366917
Energy -1 -1.1516827321181
Growing, alpha = 1e-30
Sum: 9 -> 8
Sweep has been running for 0.052665288 seconds.
Sweep 15, optimizing site 1
JCD used 1 iterations.
Time elapsed in JCD: 0.00192212
Energy -1 -1.1516827321181
Growing, alpha = 1e-30
Sum: 15 -> 11
Sweep has been running for 0.059069033 seconds.
Sweep 15, optimizing site 0
JCD used 1 iterations.
Time elapsed in JCD: 0.001041259
Energy -1 -1.1516827321181
Sweep has been running for 0.061713284 seconds.
Sweep 16, optimizing site 0
JCD used 1 iterations.
Time elapsed in JCD: 0.001073316
Energy 1 -1.15168273211811
Growing, alpha = 1e-30
Sum: 4 -> 4
Sweep has been running for 0.014950967 seconds.
Sweep 16, optimizing site 1
JCD used 1 iterations.
Time elapsed in JCD: 0.001566636
Energy 1 -1.1516827321181
Growing, alpha = 1e-30
Sum: 9 -> 8
Sweep has been running for 0.020854379 seconds.
Sweep 16, optimizing site 2
JCD used 1 iterations.
Time elapsed in JCD: 0.001184755
Energy 1 -1.1516827321181
Growing, alpha = 1e-30
Sum: 15 -> 8
Sweep has been running for 0.034157855 seconds.
Sweep 16, optimizing site 3
JCD used 1 iterations.
Time elapsed in JCD: 0.001107838
Energy 1 -1.1516827321181
Sweep has been running for 0.036210789 seconds.
Syncing storage
Sweep 16, optimizing site 3
JCD used 1 iterations.
Time elapsed in JCD: 0.001203195
Energy -1 -1.1516827321181
Growing, alpha = 1e-30
Sum: 4 -> 4
Sweep has been running for 0.039098919 seconds.
Sweep 16, optimizing site 2
JCD used 1 iterations.
Time elapsed in JCD: 0.001286732
Energy -1 -1.1516827321181
Growing, alpha = 1e-30
Sum: 9 -> 7
Sweep has been running for 0.046261849 seconds.
Sweep 16, optimizing site 1
JCD used 1 iterations.
Time elapsed in JCD: 0.003289566
Energy -1 -1.1516827321181
Growing, alpha = 1e-30
Sum: 14 -> 8
Sweep has been running for 0.05439422 seconds.
Sweep 16, optimizing site 0
JCD used 1 iterations.
Time elapsed in JCD: 0.001031653
Energy -1 -1.1516827321181
Sweep has been running for 0.057020396 seconds.
Sweep 17, optimizing site 0
JCD used 1 iterations.
Time elapsed in JCD: 0.001183883
Energy 1 -1.1516827321181
Growing, alpha = 1e-30
Sum: 4 -> 4
Sweep has been running for 0.003922175 seconds.
Sweep 17, optimizing site 1
JCD used 1 iterations.
Time elapsed in JCD: 0.001578322
Energy 1 -1.1516827321181
Growing, alpha = 1e-30
Sum: 9 -> 8
Sweep has been running for 0.009944467 seconds.
Sweep 17, optimizing site 2
JCD used 1 iterations.
Time elapsed in JCD: 0.001298984
Energy 1 -1.1516827321181
Growing, alpha = 1e-30
Sum: 15 -> 9
Sweep has been running for 0.015646708 seconds.
Sweep 17, optimizing site 3
JCD used 1 iterations.
Time elapsed in JCD: 0.001669357
Energy 1 -1.1516827321181
Sweep has been running for 0.018650962 seconds.
Syncing storage
Sweep 17, optimizing site 3
JCD used 1 iterations.
Time elapsed in JCD: 0.001428771
Energy -1 -1.1516827321181
Growing, alpha = 1e-30
Sum: 4 -> 4
Sweep has been running for 0.022281604 seconds.
Sweep 17, optimizing site 2
JCD used 1 iterations.
Time elapsed in JCD: 0.001461463
Energy -1 -1.1516827321181
Growing, alpha = 1e-30
Sum: 9 -> 7
Sweep has been running for 0.028077018 seconds.
Sweep 17, optimizing site 1
JCD used 1 iterations.
Time elapsed in JCD: 0.0016849
Energy -1 -1.1516827321181
Growing, alpha = 1e-30
Sum: 14 -> 8
Sweep has been running for 0.036630114 seconds.
Sweep 17, optimizing site 0
JCD used 1 iterations.
Time elapsed in JCD: 0.001124312
Energy -1 -1.1516827321181
Sweep has been running for 0.039258056 seconds.
Sweep 18, optimizing site 0
JCD used 1 iterations.
Time elapsed in JCD: 0.001040019
Energy 1 -1.1516827321181
Growing, alpha = 1e-30
Sum: 4 -> 4
Sweep has been running for 0.006078368 seconds.
Sweep 18, optimizing site 1
JCD used 1 iterations.
Time elapsed in JCD: 0.00161657
Energy 1 -1.1516827321181
Growing, alpha = 1e-30
Sum: 9 -> 8
Sweep has been running for 0.012292076 seconds.
Sweep 18, optimizing site 2
JCD used 1 iterations.
Time elapsed in JCD: 0.001257117
Energy 1 -1.1516827321181
Growing, alpha = 1e-30
Sum: 15 -> 10
Sweep has been running for 0.016606458 seconds.
Sweep 18, optimizing site 3
JCD used 1 iterations.
Time elapsed in JCD: 0.001125969
Energy 1 -1.1516827321181
Sweep has been running for 0.018677195 seconds.
Syncing storage
Sweep 18, optimizing site 3
JCD used 1 iterations.
Time elapsed in JCD: 0.001195779
Energy -1 -1.1516827321181
Growing, alpha = 1e-30
Sum: 4 -> 4
Sweep has been running for 0.024407925 seconds.
Sweep 18, optimizing site 2
JCD used 1 iterations.
Time elapsed in JCD: 0.001521539
Energy -1 -1.1516827321181
Growing, alpha = 1e-30
Sum: 9 -> 8
Sweep has been running for 0.030156929 seconds.
Sweep 18, optimizing site 1
JCD used 1 iterations.
Time elapsed in JCD: 0.00158319
Energy -1 -1.1516827321181
Growing, alpha = 1e-30
Sum: 15 -> 9
Sweep has been running for 0.035754153 seconds.
Sweep 18, optimizing site 0
JCD used 1 iterations.
Time elapsed in JCD: 0.004139529
Energy -1 -1.1516827321181
Sweep has been running for 0.04196487 seconds.
Sweep 19, optimizing site 0
JCD used 1 iterations.
Time elapsed in JCD: 0.001044162
Energy 1 -1.1516827321181
Growing, alpha = 1e-30
Sum: 4 -> 4
Sweep has been running for 0.01775672 seconds.
Sweep 19, optimizing site 1
JCD used 1 iterations.
Time elapsed in JCD: 0.005741906
Energy 1 -1.1516827321181
Growing, alpha = 1e-30
Sum: 9 -> 7
Sweep has been running for 0.030693652 seconds.
Sweep 19, optimizing site 2
JCD used 1 iterations.
Time elapsed in JCD: 0.001254275
Energy 1 -1.1516827321181
Growing, alpha = 1e-30
Sum: 14 -> 9
Sweep has been running for 0.046862 seconds.
Sweep 19, optimizing site 3
JCD used 1 iterations.
Time elapsed in JCD: 0.001184984
Energy 1 -1.1516827321181
Sweep has been running for 0.049000329 seconds.
Syncing storage
Sweep 19, optimizing site 3
JCD used 1 iterations.
Time elapsed in JCD: 0.001172099
Energy -1 -1.1516827321181
Growing, alpha = 1e-30
Sum: 4 -> 4
Sweep has been running for 0.051956637 seconds.
Sweep 19, optimizing site 2
JCD used 1 iterations.
Time elapsed in JCD: 0.001407194
Energy -1 -1.1516827321181
Growing, alpha = 1e-30
Sum: 9 -> 8
Sweep has been running for 0.06686002 seconds.
Sweep 19, optimizing site 1
JCD used 1 iterations.
Time elapsed in JCD: 0.001644887
Energy -1 -1.1516827321181
Growing, alpha = 1e-30
Sum: 15 -> 9
Sweep has been running for 0.07397813 seconds.
Sweep 19, optimizing site 0
JCD used 1 iterations.
Time elapsed in JCD: 0.001260301
Energy -1 -1.1516827321181
Sweep has been running for 0.080320351 seconds.
Sweep 20, optimizing site 0
JCD used 1 iterations.
Time elapsed in JCD: 0.018084282
Energy 1 -1.1516827321181
Growing, alpha = 1e-30
Sum: 4 -> 4
Sweep has been running for 0.02432712 seconds.
Sweep 20, optimizing site 1
JCD used 1 iterations.
Time elapsed in JCD: 0.00163312
Energy 1 -1.1516827321181
Growing, alpha = 1e-30
Sum: 9 -> 8
Sweep has been running for 0.034228379 seconds.
Sweep 20, optimizing site 2
JCD used 1 iterations.
Time elapsed in JCD: 0.002566827
Energy 1 -1.1516827321181
Growing, alpha = 1e-30
Sum: 15 -> 9
Sweep has been running for 0.041669612 seconds.
Sweep 20, optimizing site 3
JCD used 1 iterations.
Time elapsed in JCD: 0.001242961
Energy 1 -1.1516827321181
Sweep has been running for 0.04404608 seconds.
Syncing storage
Sweep 20, optimizing site 3
JCD used 1 iterations.
Time elapsed in JCD: 0.002517554
Energy -1 -1.1516827321181
Growing, alpha = 1e-30
Sum: 4 -> 4
Sweep has been running for 0.048415563 seconds.
Sweep 20, optimizing site 2
JCD used 1 iterations.
Time elapsed in JCD: 0.001409505
Energy -1 -1.1516827321181
Growing, alpha = 1e-30
Sum: 9 -> 7
Sweep has been running for 0.055746084 seconds.
Sweep 20, optimizing site 1
JCD used 1 iterations.
Time elapsed in JCD: 0.001738044
Energy -1 -1.1516827321181
Growing, alpha = 1e-30
Sum: 14 -> 8
Sweep has been running for 0.061988171 seconds.
Sweep 20, optimizing site 0
JCD used 1 iterations.
Time elapsed in JCD: 0.0011207
Energy -1 -1.1516827321181
Sweep has been running for 0.064796692 seconds.
Sweep 21, optimizing site 0
JCD used 1 iterations.
Time elapsed in JCD: 0.001234024
Energy 1 -1.1516827321181
Growing, alpha = 1e-30
Sum: 4 -> 4
Sweep has been running for 0.004106343 seconds.
Sweep 21, optimizing site 1
JCD used 1 iterations.
Time elapsed in JCD: 0.001587632
Energy 1 -1.1516827321181
Growing, alpha = 1e-30
Sum: 9 -> 7
Sweep has been running for 0.009927707 seconds.
Sweep 21, optimizing site 2
JCD used 1 iterations.
Time elapsed in JCD: 0.024148847
Energy 1 -1.1516827321181
Growing, alpha = 1e-30
Sum: 14 -> 7
Sweep has been running for 0.037513462 seconds.
Sweep 21, optimizing site 3
JCD used 1 iterations.
Time elapsed in JCD: 0.001210456
Energy 1 -1.1516827321181
Sweep has been running for 0.039768692 seconds.
Syncing storage
Sweep 21, optimizing site 3
JCD used 1 iterations.
Time elapsed in JCD: 0.001222533
Energy -1 -1.1516827321181
Growing, alpha = 1e-30
Sum: 4 -> 4
Sweep has been running for 0.042906542 seconds.
Sweep 21, optimizing site 2
JCD used 1 iterations.
Time elapsed in JCD: 0.002192156
Energy -1 -1.1516827321181
Growing, alpha = 1e-30
Sum: 9 -> 8
Sweep has been running for 0.050091341 seconds.
Sweep 21, optimizing site 1
JCD used 1 iterations.
Time elapsed in JCD: 0.001886294
Energy -1 -1.1516827321181
Growing, alpha = 1e-30
Sum: 15 -> 9
Sweep has been running for 0.056478394 seconds.
Sweep 21, optimizing site 0
JCD used 1 iterations.
Time elapsed in JCD: 0.001200114
Energy -1 -1.1516827321181
Sweep has been running for 0.059332985 seconds.
Sweep 22, optimizing site 0
JCD used 1 iterations.
Time elapsed in JCD: 0.004166473
Energy 1 -1.1516827321181
Growing, alpha = 1e-30
Sum: 4 -> 4
Sweep has been running for 0.00682387 seconds.
Sweep 22, optimizing site 1
JCD used 1 iterations.
Time elapsed in JCD: 0.00156607
Energy 1 -1.1516827321181
Growing, alpha = 1e-30
Sum: 9 -> 8
Sweep has been running for 0.012704826 seconds.
Sweep 22, optimizing site 2
JCD used 1 iterations.
Time elapsed in JCD: 0.001327574
Energy 1 -1.1516827321181
Growing, alpha = 1e-30
Sum: 15 -> 9
Sweep has been running for 0.017016527 seconds.
Sweep 22, optimizing site 3
JCD used 1 iterations.
Time elapsed in JCD: 0.00356104
Energy 1 -1.1516827321181
Sweep has been running for 0.021654644 seconds.
Syncing storage
Sweep 22, optimizing site 3
JCD used 1 iterations.
Time elapsed in JCD: 0.001267931
Energy -1 -1.1516827321181
Growing, alpha = 1e-30
Sum: 4 -> 4
Sweep has been running for 0.024839953 seconds.
Sweep 22, optimizing site 2
JCD used 1 iterations.
Time elapsed in JCD: 0.001454296
Energy -1 -1.1516827321181
Growing, alpha = 1e-30
Sum: 9 -> 7
Sweep has been running for 0.030252321 seconds.
Sweep 22, optimizing site 1
JCD used 1 iterations.
Time elapsed in JCD: 0.001594425
Energy -1 -1.1516827321181
Growing, alpha = 1e-30
Sum: 14 -> 10
Sweep has been running for 0.055413264 seconds.
Sweep 22, optimizing site 0
JCD used 1 iterations.
Time elapsed in JCD: 0.001553524
Energy -1 -1.1516827321181
Sweep has been running for 0.059247269 seconds.
Sweep 23, optimizing site 0
JCD used 1 iterations.
Time elapsed in JCD: 0.005313106
Energy 1 -1.1516827321181
Growing, alpha = 1e-30
Sum: 4 -> 4
Sweep has been running for 0.010788864 seconds.
Sweep 23, optimizing site 1
JCD used 1 iterations.
Time elapsed in JCD: 0.001628894
Energy 1 -1.1516827321181
Growing, alpha = 1e-30
Sum: 9 -> 7
Sweep has been running for 0.020372993 seconds.
Sweep 23, optimizing site 2
JCD used 1 iterations.
Time elapsed in JCD: 0.001834613
Energy 1 -1.1516827321181
Growing, alpha = 1e-30
Sum: 14 -> 8
Sweep has been running for 0.025423737 seconds.
Sweep 23, optimizing site 3
JCD used 1 iterations.
Time elapsed in JCD: 0.00120051
Energy 1 -1.1516827321181
Sweep has been running for 0.027701736 seconds.
Syncing storage
Sweep 23, optimizing site 3
JCD used 1 iterations.
Time elapsed in JCD: 0.001173221
Energy -1 -1.1516827321181
Growing, alpha = 1e-30
Sum: 4 -> 4
Sweep has been running for 0.031429135 seconds.
Sweep 23, optimizing site 2
JCD used 1 iterations.
Time elapsed in JCD: 0.004616104
Energy -1 -1.1516827321181
Growing, alpha = 1e-30
Sum: 9 -> 7
Sweep has been running for 0.041550867 seconds.
Sweep 23, optimizing site 1
JCD used 1 iterations.
Time elapsed in JCD: 0.001679567
Energy -1 -1.1516827321181
Growing, alpha = 1e-30
Sum: 14 -> 8
Sweep has been running for 0.047531997 seconds.
Sweep 23, optimizing site 0
JCD used 1 iterations.
Time elapsed in JCD: 0.024956955
Energy -1 -1.1516827321181
Sweep has been running for 0.074256448 seconds.
Sweep 24, optimizing site 0
JCD used 1 iterations.
Time elapsed in JCD: 0.002204794
Energy 1 -1.1516827321181
Growing, alpha = 1e-30
Sum: 4 -> 4
Sweep has been running for 0.008089738 seconds.
Sweep 24, optimizing site 1
JCD used 1 iterations.
Time elapsed in JCD: 0.001650942
Energy 1 -1.1516827321181
Growing, alpha = 1e-30
Sum: 9 -> 8
Sweep has been running for 0.014354687 seconds.
Sweep 24, optimizing site 2
JCD used 1 iterations.
Time elapsed in JCD: 0.001239024
Energy 1 -1.1516827321181
Growing, alpha = 1e-30
Sum: 15 -> 6
Sweep has been running for 0.020457263 seconds.
Sweep 24, optimizing site 3
JCD used 1 iterations.
Time elapsed in JCD: 0.001129163
Energy 1 -1.1516827321181
Sweep has been running for 0.023830289 seconds.
Syncing storage
Sweep 24, optimizing site 3
JCD used 1 iterations.
Time elapsed in JCD: 0.001341969
Energy -1 -1.1516827321181
Growing, alpha = 1e-30
Sum: 4 -> 4
Sweep has been running for 0.02703529 seconds.
Sweep 24, optimizing site 2
JCD used 1 iterations.
Time elapsed in JCD: 0.002327773
Energy -1 -1.1516827321181
Growing, alpha = 1e-30
Sum: 9 -> 8
Sweep has been running for 0.034765779 seconds.
Sweep 24, optimizing site 1
JCD used 1 iterations.
Time elapsed in JCD: 0.002255949
Energy -1 -1.1516827321181
Growing, alpha = 1e-30
Sum: 15 -> 9
Sweep has been running for 0.041705122 seconds.
Sweep 24, optimizing site 0
JCD used 1 iterations.
Time elapsed in JCD: 0.001132989
Energy -1 -1.1516827321181
Sweep has been running for 0.044548805 seconds.
Sweep 25, optimizing site 0
JCD used 1 iterations.
Time elapsed in JCD: 0.002132314
Energy 1 -1.1516827321181
Growing, alpha = 1e-30
Sum: 4 -> 4
Sweep has been running for 0.004710305 seconds.
Sweep 25, optimizing site 1
JCD used 1 iterations.
Time elapsed in JCD: 0.001443117
Energy 1 -1.1516827321181
Growing, alpha = 1e-30
Sum: 9 -> 7
Sweep has been running for 0.010143615 seconds.
Sweep 25, optimizing site 2
JCD used 1 iterations.
Time elapsed in JCD: 0.003022012
Energy 1 -1.1516827321181
Growing, alpha = 1e-30
Sum: 14 -> 7
Sweep has been running for 0.016644986 seconds.
Sweep 25, optimizing site 3
JCD used 1 iterations.
Time elapsed in JCD: 0.00121065
Energy 1 -1.1516827321181
Sweep has been running for 0.019054784 seconds.
Syncing storage
Sweep 25, optimizing site 3
JCD used 1 iterations.
Time elapsed in JCD: 0.001256284
Energy -1 -1.1516827321181
Growing, alpha = 1e-30
Sum: 4 -> 4
Sweep has been running for 0.022388224 seconds.
Sweep 25, optimizing site 2
JCD used 1 iterations.
Time elapsed in JCD: 0.001725353
Energy -1 -1.1516827321181
Growing, alpha = 1e-30
Sum: 9 -> 7
Sweep has been running for 0.028498026 seconds.
Sweep 25, optimizing site 1
JCD used 1 iterations.
Time elapsed in JCD: 0.002298785
Energy -1 -1.1516827321181
Growing, alpha = 1e-30
Sum: 14 -> 9
Sweep has been running for 0.035362125 seconds.
Sweep 25, optimizing site 0
JCD used 1 iterations.
Time elapsed in JCD: 0.001386623
Energy -1 -1.1516827321181
Sweep has been running for 0.038726736 seconds.
Sweep 26, optimizing site 0
JCD used 1 iterations.
Time elapsed in JCD: 0.001204637
Energy 1 -1.1516827321181
Growing, alpha = 1e-30
Sum: 4 -> 4
Sweep has been running for 0.003971833 seconds.
Sweep 26, optimizing site 1
JCD used 1 iterations.
Time elapsed in JCD: 0.003416832
Energy 1 -1.1516827321181
Growing, alpha = 1e-30
Sum: 9 -> 7
Sweep has been running for 0.015352081 seconds.
Sweep 26, optimizing site 2
JCD used 1 iterations.
Time elapsed in JCD: 0.001284751
Energy 1 -1.1516827321181
Growing, alpha = 1e-30
Sum: 14 -> 8
Sweep has been running for 0.019656465 seconds.
Sweep 26, optimizing site 3
JCD used 1 iterations.
Time elapsed in JCD: 0.001125531
Energy 1 -1.1516827321181
Sweep has been running for 0.021724413 seconds.
Syncing storage
Sweep 26, optimizing site 3
JCD used 1 iterations.
Time elapsed in JCD: 0.001533021
Energy -1 -1.1516827321181
Growing, alpha = 1e-30
Sum: 4 -> 4
Sweep has been running for 0.025091957 seconds.
Sweep 26, optimizing site 2
JCD used 1 iterations.
Time elapsed in JCD: 0.001658794
Energy -1 -1.1516827321181
Growing, alpha = 1e-30
Sum: 9 -> 7
Sweep has been running for 0.032746441 seconds.
Sweep 26, optimizing site 1
JCD used 1 iterations.
Time elapsed in JCD: 0.001582075
Energy -1 -1.1516827321181
Growing, alpha = 1e-30
Sum: 14 -> 8
Sweep has been running for 0.038372906 seconds.
Sweep 26, optimizing site 0
JCD used 1 iterations.
Time elapsed in JCD: 0.001935297
Energy -1 -1.1516827321181
Sweep has been running for 0.042137294 seconds.
Sweep 27, optimizing site 0
JCD used 1 iterations.
Time elapsed in JCD: 0.001124348
Energy 1 -1.1516827321181
Growing, alpha = 1e-30
Sum: 4 -> 4
Sweep has been running for 0.004986629 seconds.
Sweep 27, optimizing site 1
JCD used 1 iterations.
Time elapsed in JCD: 0.004448971
Energy 1 -1.1516827321181
Growing, alpha = 1e-30
Sum: 9 -> 8
Sweep has been running for 0.014147541 seconds.
Sweep 27, optimizing site 2
JCD used 1 iterations.
Time elapsed in JCD: 0.001323965
Energy 1 -1.1516827321181
Growing, alpha = 1e-30
Sum: 15 -> 7
Sweep has been running for 0.018504022 seconds.
Sweep 27, optimizing site 3
JCD used 1 iterations.
Time elapsed in JCD: 0.001193791
Energy 1 -1.1516827321181
Sweep has been running for 0.023987949 seconds.
Syncing storage
Sweep 27, optimizing site 3
JCD used 1 iterations.
Time elapsed in JCD: 0.002360718
Energy -1 -1.1516827321181
Growing, alpha = 1e-30
Sum: 4 -> 4
Sweep has been running for 0.029277208 seconds.
Sweep 27, optimizing site 2
JCD used 1 iterations.
Time elapsed in JCD: 0.001402248
Energy -1 -1.1516827321181
Growing, alpha = 1e-30
Sum: 9 -> 7
Sweep has been running for 0.034351519 seconds.
Sweep 27, optimizing site 1
JCD used 1 iterations.
Time elapsed in JCD: 0.001609131
Energy -1 -1.1516827321181
Growing, alpha = 1e-30
Sum: 14 -> 9
Sweep has been running for 0.043570834 seconds.
Sweep 27, optimizing site 0
JCD used 1 iterations.
Time elapsed in JCD: 0.001585712
Energy -1 -1.1516827321181
Sweep has been running for 0.046805941 seconds.
Sweep 28, optimizing site 0
JCD used 1 iterations.
Time elapsed in JCD: 0.0023101
Energy 1 -1.1516827321181
Growing, alpha = 1e-30
Sum: 4 -> 4
Sweep has been running for 0.006196014 seconds.
Sweep 28, optimizing site 1
JCD used 1 iterations.
Time elapsed in JCD: 0.0015409
Energy 1 -1.1516827321181
Growing, alpha = 1e-30
Sum: 9 -> 8
Sweep has been running for 0.012342267 seconds.
Sweep 28, optimizing site 2
JCD used 1 iterations.
Time elapsed in JCD: 0.00182257
Energy 1 -1.1516827321181
Growing, alpha = 1e-30
Sum: 15 -> 9
Sweep has been running for 0.019005291 seconds.
Sweep 28, optimizing site 3
JCD used 1 iterations.
Time elapsed in JCD: 0.001241968
Energy 1 -1.1516827321181
Sweep has been running for 0.02148039 seconds.
Syncing storage
Sweep 28, optimizing site 3
JCD used 1 iterations.
Time elapsed in JCD: 0.001241295
Energy -1 -1.1516827321181
Growing, alpha = 1e-30
Sum: 4 -> 4
Sweep has been running for 0.024713586 seconds.
Sweep 28, optimizing site 2
JCD used 1 iterations.
Time elapsed in JCD: 0.001457848
Energy -1 -1.1516827321181
Growing, alpha = 1e-30
Sum: 9 -> 8
Sweep has been running for 0.031920679 seconds.
Sweep 28, optimizing site 1
JCD used 1 iterations.
Time elapsed in JCD: 0.002273166
Energy -1 -1.1516827321181
Growing, alpha = 1e-30
Sum: 15 -> 10
Sweep has been running for 0.038850723 seconds.
Sweep 28, optimizing site 0
JCD used 1 iterations.
Time elapsed in JCD: 0.001177927
Energy -1 -1.1516827321181
Sweep has been running for 0.041729317 seconds.
Sweep 29, optimizing site 0
JCD used 1 iterations.
Time elapsed in JCD: 0.00117053
Energy 1 -1.1516827321181
Growing, alpha = 1e-30
Sum: 4 -> 4
Sweep has been running for 0.003885873 seconds.
Sweep 29, optimizing site 1
JCD used 1 iterations.
Time elapsed in JCD: 0.001659737
Energy 1 -1.1516827321181
Growing, alpha = 1e-30
Sum: 9 -> 7
Sweep has been running for 0.010698285 seconds.
Sweep 29, optimizing site 2
JCD used 1 iterations.
Time elapsed in JCD: 0.004727107
Energy 1 -1.15168273211811
Growing, alpha = 1e-30
Sum: 14 -> 8
Sweep has been running for 0.018617679 seconds.
Sweep 29, optimizing site 3
JCD used 1 iterations.
Time elapsed in JCD: 0.001193409
Energy 1 -1.1516827321181
Sweep has been running for 0.020843948 seconds.
Syncing storage
Sweep 29, optimizing site 3
JCD used 1 iterations.
Time elapsed in JCD: 0.001486706
Energy -1 -1.1516827321181
Growing, alpha = 1e-30
Sum: 4 -> 4
Sweep has been running for 0.024280191 seconds.
Sweep 29, optimizing site 2
JCD used 1 iterations.
Time elapsed in JCD: 0.002612682
Energy -1 -1.1516827321181
Growing, alpha = 1e-30
Sum: 9 -> 7
Sweep has been running for 0.033038065 seconds.
Sweep 29, optimizing site 1
JCD used 1 iterations.
Time elapsed in JCD: 0.001729317
Energy -1 -1.1516827321181
Growing, alpha = 1e-30
Sum: 14 -> 8
Sweep has been running for 0.038856409 seconds.
Sweep 29, optimizing site 0
JCD used 1 iterations.
Time elapsed in JCD: 0.00100931
Energy -1 -1.1516827321181
Sweep has been running for 0.041403058 seconds.
Sweep 30, optimizing site 0
JCD used 1 iterations.
Time elapsed in JCD: 0.001272442
Energy 1 -1.1516827321181
Growing, alpha = 1e-30
Sum: 4 -> 4
Sweep has been running for 0.004500055 seconds.
Sweep 30, optimizing site 1
JCD used 1 iterations.
Time elapsed in JCD: 0.001828258
Energy 1 -1.15168273211811
Growing, alpha = 1e-30
Sum: 9 -> 7
Sweep has been running for 0.012413702 seconds.
Sweep 30, optimizing site 2
JCD used 1 iterations.
Time elapsed in JCD: 0.001571287
Energy 1 -1.15168273211811
Growing, alpha = 1e-30
Sum: 14 -> 8
Sweep has been running for 0.017804412 seconds.
Sweep 30, optimizing site 3
JCD used 1 iterations.
Time elapsed in JCD: 0.00140888
Energy 1 -1.1516827321181
Sweep has been running for 0.020474506 seconds.
Syncing storage
Sweep 30, optimizing site 3
JCD used 1 iterations.
Time elapsed in JCD: 0.001451762
Energy -1 -1.1516827321181
Growing, alpha = 1e-30
Sum: 4 -> 4
Sweep has been running for 0.024279495 seconds.
Sweep 30, optimizing site 2
JCD used 1 iterations.
Time elapsed in JCD: 0.001888894
Energy -1 -1.15168273211811
Growing, alpha = 1e-30
Sum: 9 -> 7
Sweep has been running for 0.031665088 seconds.
Sweep 30, optimizing site 1
JCD used 1 iterations.
Time elapsed in JCD: 0.002066929
Energy -1 -1.1516827321181
Growing, alpha = 1e-30
Sum: 14 -> 8
Sweep has been running for 0.040372946 seconds.
Sweep 30, optimizing site 0
JCD used 1 iterations.
Time elapsed in JCD: 0.002906861
Energy -1 -1.1516827321181
Sweep has been running for 0.045489128 seconds.
Sweep 31, optimizing site 0
JCD used 1 iterations.
Time elapsed in JCD: 0.000967563
Energy 1 -1.1516827321181
Growing, alpha = 1e-30
Sum: 4 -> 4
Sweep has been running for 0.003411813 seconds.
Sweep 31, optimizing site 1
JCD used 1 iterations.
Time elapsed in JCD: 0.001580521
Energy 1 -1.1516827321181
Growing, alpha = 1e-30
Sum: 9 -> 8
Sweep has been running for 0.00890787 seconds.
Sweep 31, optimizing site 2
JCD used 1 iterations.
Time elapsed in JCD: 0.001264888
Energy 1 -1.15168273211811
Growing, alpha = 1e-30
Sum: 15 -> 12
Sweep has been running for 0.014894475 seconds.
Sweep 31, optimizing site 3
JCD used 1 iterations.
Time elapsed in JCD: 0.002165025
Energy 1 -1.1516827321181
Sweep has been running for 0.01907915 seconds.
Syncing storage
Sweep 31, optimizing site 3
JCD used 1 iterations.
Time elapsed in JCD: 0.001504904
Energy -1 -1.1516827321181
Growing, alpha = 1e-30
Sum: 4 -> 4
Sweep has been running for 0.023075073 seconds.
Sweep 31, optimizing site 2
JCD used 1 iterations.
Time elapsed in JCD: 0.001606566
Energy -1 -1.15168273211811
Growing, alpha = 1e-30
Sum: 9 -> 8
Sweep has been running for 0.030187171 seconds.
Sweep 31, optimizing site 1
JCD used 1 iterations.
Time elapsed in JCD: 0.002133014
Energy -1 -1.15168273211811
Growing, alpha = 1e-30
Sum: 15 -> 6
Sweep has been running for 0.038068199 seconds.
Sweep 31, optimizing site 0
JCD used 1 iterations.
Time elapsed in JCD: 0.001374219
Energy -1 -1.1516827321181
Sweep has been running for 0.041397978 seconds.
Sweep 32, optimizing site 0
JCD used 1 iterations.
Time elapsed in JCD: 0.001395561
Energy 1 -1.1516827321181
Growing, alpha = 1e-30
Sum: 4 -> 4
Sweep has been running for 0.004796077 seconds.
Sweep 32, optimizing site 1
JCD used 1 iterations.
Time elapsed in JCD: 0.001470063
Energy 1 -1.15168273211811
Growing, alpha = 1e-30
Sum: 9 -> 7
Sweep has been running for 0.010381646 seconds.
Sweep 32, optimizing site 2
JCD used 1 iterations.
Time elapsed in JCD: 0.005948095
Energy 1 -1.1516827321181
Growing, alpha = 1e-30
Sum: 14 -> 10
Sweep has been running for 0.020083834 seconds.
Sweep 32, optimizing site 3
JCD used 1 iterations.
Time elapsed in JCD: 0.001521116
Energy 1 -1.1516827321181
Sweep has been running for 0.022810202 seconds.
Syncing storage
Sweep 32, optimizing site 3
JCD used 1 iterations.
Time elapsed in JCD: 0.00117762
Energy -1 -1.1516827321181
Growing, alpha = 1e-30
Sum: 4 -> 4
Sweep has been running for 0.025705576 seconds.
Sweep 32, optimizing site 2
JCD used 1 iterations.
Time elapsed in JCD: 0.001322473
Energy -1 -1.1516827321181
Growing, alpha = 1e-30
Sum: 9 -> 8
Sweep has been running for 0.033930323 seconds.
Sweep 32, optimizing site 1
JCD used 1 iterations.
Time elapsed in JCD: 0.006309056
Energy -1 -1.1516827321181
Growing, alpha = 1e-30
Sum: 15 -> 8
Sweep has been running for 0.046678515 seconds.
Sweep 32, optimizing site 0
JCD used 1 iterations.
Time elapsed in JCD: 0.003112374
Energy -1 -1.1516827321181
Sweep has been running for 0.052476628 seconds.
Sweep 33, optimizing site 0
JCD used 1 iterations.
Time elapsed in JCD: 0.001129594
Energy 1 -1.1516827321181
Growing, alpha = 1e-30
Sum: 4 -> 4
Sweep has been running for 0.003655942 seconds.
Sweep 33, optimizing site 1
JCD used 1 iterations.
Time elapsed in JCD: 0.001526899
Energy 1 -1.1516827321181
Growing, alpha = 1e-30
Sum: 9 -> 8
Sweep has been running for 0.011160929 seconds.
Sweep 33, optimizing site 2
JCD used 1 iterations.
Time elapsed in JCD: 0.001418362
Energy 1 -1.1516827321181
Growing, alpha = 1e-30
Sum: 15 -> 8
Sweep has been running for 0.033513657 seconds.
Sweep 33, optimizing site 3
JCD used 1 iterations.
Time elapsed in JCD: 0.007668876
Energy 1 -1.1516827321181
Sweep has been running for 0.043604963 seconds.
Syncing storage
Sweep 33, optimizing site 3
JCD used 1 iterations.
Time elapsed in JCD: 0.001209743
Energy -1 -1.1516827321181
Growing, alpha = 1e-30
Sum: 4 -> 4
Sweep has been running for 0.046585397 seconds.
Sweep 33, optimizing site 2
JCD used 1 iterations.
Time elapsed in JCD: 0.001374147
Energy -1 -1.1516827321181
Growing, alpha = 1e-30
Sum: 9 -> 6
Sweep has been running for 0.056130958 seconds.
Sweep 33, optimizing site 1
JCD used 1 iterations.
Time elapsed in JCD: 0.002157545
Energy -1 -1.1516827321181
Growing, alpha = 1e-30
Sum: 13 -> 8
Sweep has been running for 0.065012115 seconds.
Sweep 33, optimizing site 0
JCD used 1 iterations.
Time elapsed in JCD: 0.006648943
Energy -1 -1.1516827321181
Sweep has been running for 0.073538768 seconds.
Sweep 34, optimizing site 0
JCD used 1 iterations.
Time elapsed in JCD: 0.00152946
Energy 1 -1.15168273211811
Growing, alpha = 1e-30
Sum: 4 -> 4
Sweep has been running for 0.009835327 seconds.
Sweep 34, optimizing site 1
JCD used 1 iterations.
Time elapsed in JCD: 0.001541275
Energy 1 -1.1516827321181
Growing, alpha = 1e-30
Sum: 9 -> 8
Sweep has been running for 0.02201887 seconds.
Sweep 34, optimizing site 2
JCD used 1 iterations.
Time elapsed in JCD: 0.00127214
Energy 1 -1.1516827321181
Growing, alpha = 1e-30
Sum: 15 -> 9
Sweep has been running for 0.026732816 seconds.
Sweep 34, optimizing site 3
JCD used 1 iterations.
Time elapsed in JCD: 0.001342087
Energy 1 -1.1516827321181
Sweep has been running for 0.029324842 seconds.
Syncing storage
Sweep 34, optimizing site 3
JCD used 1 iterations.
Time elapsed in JCD: 0.002535751
Energy -1 -1.1516827321181
Growing, alpha = 1e-30
Sum: 4 -> 4
Sweep has been running for 0.036410904 seconds.
Sweep 34, optimizing site 2
JCD used 1 iterations.
Time elapsed in JCD: 0.003497641
Energy -1 -1.1516827321181
Growing, alpha = 1e-30
Sum: 9 -> 6
Sweep has been running for 0.049695428 seconds.
Sweep 34, optimizing site 1
JCD used 1 iterations.
Time elapsed in JCD: 0.004557721
Energy -1 -1.1516827321181
Growing, alpha = 1e-30
Sum: 13 -> 9
Sweep has been running for 0.062502213 seconds.
Sweep 34, optimizing site 0
JCD used 1 iterations.
Time elapsed in JCD: 0.002544178
Energy -1 -1.1516827321181
Sweep has been running for 0.066589546 seconds.
Sweep 35, optimizing site 0
JCD used 1 iterations.
Time elapsed in JCD: 0.001488209
Energy 1 -1.1516827321181
Growing, alpha = 1e-30
Sum: 4 -> 4
Sweep has been running for 0.007062957 seconds.
Sweep 35, optimizing site 1
JCD used 1 iterations.
Time elapsed in JCD: 0.00156398
Energy 1 -1.1516827321181
Growing, alpha = 1e-30
Sum: 9 -> 8
Sweep has been running for 0.012956622 seconds.
Sweep 35, optimizing site 2
JCD used 1 iterations.
Time elapsed in JCD: 0.001198359
Energy 1 -1.1516827321181
Growing, alpha = 1e-30
Sum: 15 -> 9
Sweep has been running for 0.016969747 seconds.
Sweep 35, optimizing site 3
JCD used 1 iterations.
Time elapsed in JCD: 0.002021758
Energy 1 -1.15168273211811
Sweep has been running for 0.020245126 seconds.
Syncing storage
Sweep 35, optimizing site 3
JCD used 1 iterations.
Time elapsed in JCD: 0.00410436
Energy -1 -1.15168273211811
Growing, alpha = 1e-30
Sum: 4 -> 4
Sweep has been running for 0.026296501 seconds.
Sweep 35, optimizing site 2
JCD used 1 iterations.
Time elapsed in JCD: 0.001329408
Energy -1 -1.1516827321181
Growing, alpha = 1e-30
Sum: 9 -> 8
Sweep has been running for 0.031479944 seconds.
Sweep 35, optimizing site 1
JCD used 1 iterations.
Time elapsed in JCD: 0.00188448
Energy -1 -1.1516827321181
Growing, alpha = 1e-30
Sum: 15 -> 9
Sweep has been running for 0.042424967 seconds.
Sweep 35, optimizing site 0
JCD used 1 iterations.
Time elapsed in JCD: 0.001091802
Energy -1 -1.1516827321181
Sweep has been running for 0.045217828 seconds.
Sweep 36, optimizing site 0
JCD used 1 iterations.
Time elapsed in JCD: 0.001091282
Energy 1 -1.1516827321181
Growing, alpha = 1e-30
Sum: 4 -> 4
Sweep has been running for 0.005806108 seconds.
Sweep 36, optimizing site 1
JCD used 1 iterations.
Time elapsed in JCD: 0.001697303
Energy 1 -1.1516827321181
Growing, alpha = 1e-30
Sum: 9 -> 7
Sweep has been running for 0.0141485 seconds.
Sweep 36, optimizing site 2
JCD used 1 iterations.
Time elapsed in JCD: 0.00126811
Energy 1 -1.1516827321181
Growing, alpha = 1e-30
Sum: 14 -> 7
Sweep has been running for 0.019090356 seconds.
Sweep 36, optimizing site 3
JCD used 1 iterations.
Time elapsed in JCD: 0.003276638
Energy 1 -1.15168273211811
Sweep has been running for 0.023498115 seconds.
Syncing storage
Sweep 36, optimizing site 3
JCD used 1 iterations.
Time elapsed in JCD: 0.001244767
Energy -1 -1.15168273211811
Growing, alpha = 1e-30
Sum: 4 -> 4
Sweep has been running for 0.026687976 seconds.
Sweep 36, optimizing site 2
JCD used 1 iterations.
Time elapsed in JCD: 0.001467411
Energy -1 -1.1516827321181
Growing, alpha = 1e-30
Sum: 9 -> 8
Sweep has been running for 0.032161993 seconds.
Sweep 36, optimizing site 1
JCD used 1 iterations.
Time elapsed in JCD: 0.001626623
Energy -1 -1.1516827321181
Growing, alpha = 1e-30
Sum: 15 -> 10
Sweep has been running for 0.060968763 seconds.
Sweep 36, optimizing site 0
JCD used 1 iterations.
Time elapsed in JCD: 0.001044946
Energy -1 -1.1516827321181
Sweep has been running for 0.0636309 seconds.
Sweep 37, optimizing site 0
JCD used 1 iterations.
Time elapsed in JCD: 0.001359516
Energy 1 -1.1516827321181
Growing, alpha = 1e-30
Sum: 4 -> 4
Sweep has been running for 0.004569268 seconds.
Sweep 37, optimizing site 1
JCD used 1 iterations.
Time elapsed in JCD: 0.001630833
Energy 1 -1.1516827321181
Growing, alpha = 1e-30
Sum: 9 -> 7
Sweep has been running for 0.017115293 seconds.
Sweep 37, optimizing site 2
JCD used 1 iterations.
Time elapsed in JCD: 0.001828779
Energy 1 -1.1516827321181
Growing, alpha = 1e-30
Sum: 14 -> 8
Sweep has been running for 0.02401858 seconds.
Sweep 37, optimizing site 3
JCD used 1 iterations.
Time elapsed in JCD: 0.001339026
Energy 1 -1.15168273211811
Sweep has been running for 0.026486366 seconds.
Syncing storage
Sweep 37, optimizing site 3
JCD used 1 iterations.
Time elapsed in JCD: 0.001322901
Energy -1 -1.15168273211811
Growing, alpha = 1e-30
Sum: 4 -> 4
Sweep has been running for 0.032189778 seconds.
Sweep 37, optimizing site 2
JCD used 1 iterations.
Time elapsed in JCD: 0.002849114
Energy -1 -1.1516827321181
Growing, alpha = 1e-30
Sum: 9 -> 7
Sweep has been running for 0.039468412 seconds.
Sweep 37, optimizing site 1
JCD used 1 iterations.
Time elapsed in JCD: 0.001709689
Energy -1 -1.1516827321181
Growing, alpha = 1e-30
Sum: 14 -> 9
Sweep has been running for 0.047749002 seconds.
Sweep 37, optimizing site 0
JCD used 1 iterations.
Time elapsed in JCD: 0.001181037
Energy -1 -1.1516827321181
Sweep has been running for 0.050695854 seconds.
Sweep 38, optimizing site 0
JCD used 1 iterations.
Time elapsed in JCD: 0.001177379
Energy 1 -1.1516827321181
Growing, alpha = 1e-30
Sum: 4 -> 4
Sweep has been running for 0.003923861 seconds.
Sweep 38, optimizing site 1
JCD used 1 iterations.
Time elapsed in JCD: 0.001558556
Energy 1 -1.1516827321181
Growing, alpha = 1e-30
Sum: 9 -> 7
Sweep has been running for 0.009767032 seconds.
Sweep 38, optimizing site 2
JCD used 1 iterations.
Time elapsed in JCD: 0.005953279
Energy 1 -1.15168273211811
Growing, alpha = 1e-30
Sum: 14 -> 9
Sweep has been running for 0.018818207 seconds.
Sweep 38, optimizing site 3
JCD used 1 iterations.
Time elapsed in JCD: 0.001246024
Energy 1 -1.15168273211811
Sweep has been running for 0.02107756 seconds.
Syncing storage
Sweep 38, optimizing site 3
JCD used 1 iterations.
Time elapsed in JCD: 0.001150226
Energy -1 -1.15168273211811
Growing, alpha = 1e-30
Sum: 4 -> 4
Sweep has been running for 0.023914501 seconds.
Sweep 38, optimizing site 2
JCD used 1 iterations.
Time elapsed in JCD: 0.002522281
Energy -1 -1.1516827321181
Growing, alpha = 1e-30
Sum: 9 -> 7
Sweep has been running for 0.034176138 seconds.
Sweep 38, optimizing site 1
JCD used 1 iterations.
Time elapsed in JCD: 0.001682334
Energy -1 -1.15168273211811
Growing, alpha = 1e-30
Sum: 14 -> 9
Sweep has been running for 0.040170524 seconds.
Sweep 38, optimizing site 0
JCD used 1 iterations.
Time elapsed in JCD: 0.000999263
Energy -1 -1.1516827321181
Sweep has been running for 0.042711339 seconds.
Sweep 39, optimizing site 0
JCD used 1 iterations.
Time elapsed in JCD: 0.003138279
Energy 1 -1.1516827321181
Growing, alpha = 1e-30
Sum: 4 -> 4
Sweep has been running for 0.013590906 seconds.
Sweep 39, optimizing site 1
JCD used 1 iterations.
Time elapsed in JCD: 0.001555275
Energy 1 -1.15168273211811
Growing, alpha = 1e-30
Sum: 9 -> 8
Sweep has been running for 0.01952941 seconds.
Sweep 39, optimizing site 2
JCD used 1 iterations.
Time elapsed in JCD: 0.003236499
Energy 1 -1.1516827321181
Growing, alpha = 1e-30
Sum: 15 -> 10
Sweep has been running for 0.032690908 seconds.
Sweep 39, optimizing site 3
JCD used 1 iterations.
Time elapsed in JCD: 0.001206763
Energy 1 -1.15168273211811
Sweep has been running for 0.034950054 seconds.
Syncing storage
Sweep 39, optimizing site 3
JCD used 1 iterations.
Time elapsed in JCD: 0.001149096
Energy -1 -1.15168273211811
Growing, alpha = 1e-30
Sum: 4 -> 4
Sweep has been running for 0.039282271 seconds.
Sweep 39, optimizing site 2
JCD used 1 iterations.
Time elapsed in JCD: 0.001437322
Energy -1 -1.1516827321181
Growing, alpha = 1e-30
Sum: 9 -> 7
Sweep has been running for 0.048672855 seconds.
Sweep 39, optimizing site 1
JCD used 1 iterations.
Time elapsed in JCD: 0.001619462
Energy -1 -1.15168273211811
Growing, alpha = 1e-30
Sum: 14 -> 9
Sweep has been running for 0.055799977 seconds.
Sweep 39, optimizing site 0
JCD used 1 iterations.
Time elapsed in JCD: 0.001119211
Energy -1 -1.1516827321181
Sweep has been running for 0.05857957 seconds.
Task took 5.342971 seconds.
