  SCINE QCMaquis 
  Quantum Chemical Density Matrix Renormalization group
  available from https://scine.ethz.ch/download/qcmaquis
  based on the ALPS MPS codes from http://alps.comp-phys.org/
  copyright (c) 2015-2018 Laboratory of Physical Chemistry, ETH Zurich
  copyright (c) 2012-2016 by Sebastian Keller
  copyright (c) 2016-2018 by Alberto Baiardi, Leon Freitag, 
  Stefan Knecht, Yingjin Ma 
  for details see the publication: 
  S. Keller et al., J. Chem. Phys. 143, 244118 (2015)

This binary contains symmetries: 2u1 2u1pg su2u1 su2u1pg 
DMRG version 2.2.0-29f2113cd07d67f39f54cb2cb0e85ebfa1239c04 (TranscorrelatedHamiltonian) release-3.1.2-gitlab
Disk storage of boundaries disabled
Retrieving integrals from the file FCIDUMP_be_dz_conventional
The hamiltonian will contain 23942 terms
MPO Bond 0: 126/48
MPO Bond 1: 138/54
MPO Bond 2: 218/94
MPO Bond 3: 270/120
MPO Bond 4: 310/142
MPO Bond 5: 348/162
MPO Bond 6: 440/208
MPO Bond 7: 548/262
MPO Bond 8: 360/168
MPO Bond 9: 404/190
MPO Bond 10: 464/220
MPO Bond 11: 540/258
MPO Bond 12: 16/6
MPO Bond 13: 1/0
MPS initialization has finished...

+----------------------------------+
 NEW SwEEP-BASED SIMULATION STARTED
+----------------------------------+

 Simulation settings:
 - Simulation type: Optimization
 - Sweep-based modality: Two site
 - Maximum number of sweeps: 20

 -------------------
   SWEEP NUMBER 0
 -------------------
 - Noise parameter: 0.01
 - Maximum bond dimension: 100
 - Truncation parameter: 1e-20

 MICROITERATION NUMBER = 0  , forward sweep
 - Left boundaries taken from index: 0
 - Right boundaries taken from index: 2

 Jacobi-Davidson diagonalization converged after 5 iterations.
 Energy = -14.58089955001118

 MICROITERATION NUMBER = 1  , forward sweep
 - Left boundaries taken from index: 1
 - Right boundaries taken from index: 3

 Jacobi-Davidson diagonalization converged after 10 iterations.
 Energy = -14.59564280141221

 MICROITERATION NUMBER = 2  , forward sweep
 - Left boundaries taken from index: 2
 - Right boundaries taken from index: 4

 Jacobi-Davidson diagonalization converged after 10 iterations.
 Energy = -14.6099266136486

 MICROITERATION NUMBER = 3  , forward sweep
 - Left boundaries taken from index: 3
 - Right boundaries taken from index: 5

 Jacobi-Davidson diagonalization converged after 10 iterations.
 Energy = -14.61383518387996

 MICROITERATION NUMBER = 4  , forward sweep
 - Left boundaries taken from index: 4
 - Right boundaries taken from index: 6

 Jacobi-Davidson diagonalization converged after 10 iterations.
 Energy = -14.61486888193106

 MICROITERATION NUMBER = 5  , forward sweep
 - Left boundaries taken from index: 5
 - Right boundaries taken from index: 7

 Jacobi-Davidson diagonalization converged after 10 iterations.
 Energy = -14.61587269629007

 MICROITERATION NUMBER = 6  , forward sweep
 - Left boundaries taken from index: 6
 - Right boundaries taken from index: 8

 Jacobi-Davidson diagonalization converged after 10 iterations.
 Energy = -14.6168418430541

 MICROITERATION NUMBER = 7  , forward sweep
 - Left boundaries taken from index: 7
 - Right boundaries taken from index: 9

 Jacobi-Davidson diagonalization converged after 10 iterations.
 Energy = -14.61692559364415

 MICROITERATION NUMBER = 8  , forward sweep
 - Left boundaries taken from index: 8
 - Right boundaries taken from index: 10

 Jacobi-Davidson diagonalization converged after 10 iterations.
 Energy = -14.61700063032134

 MICROITERATION NUMBER = 9  , forward sweep
 - Left boundaries taken from index: 9
 - Right boundaries taken from index: 11

 Jacobi-Davidson diagonalization converged after 10 iterations.
 Energy = -14.61707748879813

 MICROITERATION NUMBER = 10  , forward sweep
 - Left boundaries taken from index: 10
 - Right boundaries taken from index: 12

 Jacobi-Davidson diagonalization converged after 10 iterations.
 Energy = -14.61722225095787

 MICROITERATION NUMBER = 11  , forward sweep
 - Left boundaries taken from index: 11
 - Right boundaries taken from index: 13

 Jacobi-Davidson diagonalization converged after 4 iterations.
 Energy = -14.61722225167204

 MICROITERATION NUMBER = 12  , forward sweep
 - Left boundaries taken from index: 12
 - Right boundaries taken from index: 14

 Jacobi-Davidson diagonalization converged after 1 iterations.
 Energy = -14.61722224928739

 MICROITERATION NUMBER = 13  , backward sweep
 - Left boundaries taken from index: 11
 - Right boundaries taken from index: 13

 Jacobi-Davidson diagonalization converged after 1 iterations.
 Energy = -14.61722224928739

 MICROITERATION NUMBER = 14  , backward sweep
 - Left boundaries taken from index: 10
 - Right boundaries taken from index: 12

 Jacobi-Davidson diagonalization converged after 4 iterations.
 Energy = -14.61722224792859

 MICROITERATION NUMBER = 15  , backward sweep
 - Left boundaries taken from index: 9
 - Right boundaries taken from index: 11

 Jacobi-Davidson diagonalization converged after 10 iterations.
 Energy = -14.61722229388988

 MICROITERATION NUMBER = 16  , backward sweep
 - Left boundaries taken from index: 8
 - Right boundaries taken from index: 10

 Jacobi-Davidson diagonalization converged after 10 iterations.
 Energy = -14.61722298309146

 MICROITERATION NUMBER = 17  , backward sweep
 - Left boundaries taken from index: 7
 - Right boundaries taken from index: 9

 Jacobi-Davidson diagonalization converged after 10 iterations.
 Energy = -14.61722380648638

 MICROITERATION NUMBER = 18  , backward sweep
 - Left boundaries taken from index: 6
 - Right boundaries taken from index: 8

 Jacobi-Davidson diagonalization converged after 10 iterations.
 Energy = -14.61722651525332

 MICROITERATION NUMBER = 19  , backward sweep
 - Left boundaries taken from index: 5
 - Right boundaries taken from index: 7

 Jacobi-Davidson diagonalization converged after 10 iterations.
 Energy = -14.61724928437787

 MICROITERATION NUMBER = 20  , backward sweep
 - Left boundaries taken from index: 4
 - Right boundaries taken from index: 6

 Jacobi-Davidson diagonalization converged after 10 iterations.
 Energy = -14.61727728527623

 MICROITERATION NUMBER = 21  , backward sweep
 - Left boundaries taken from index: 3
 - Right boundaries taken from index: 5

 Jacobi-Davidson diagonalization converged after 10 iterations.
 Energy = -14.61731889605765

 MICROITERATION NUMBER = 22  , backward sweep
 - Left boundaries taken from index: 2
 - Right boundaries taken from index: 4

 Jacobi-Davidson diagonalization converged after 10 iterations.
 Energy = -14.61740783179978

 MICROITERATION NUMBER = 23  , backward sweep
 - Left boundaries taken from index: 1
 - Right boundaries taken from index: 3

 Jacobi-Davidson diagonalization converged after 10 iterations.
 Energy = -14.61740814274305


 -------------------
   SWEEP NUMBER 1
 -------------------
 - Noise parameter: 0.01
 - Maximum bond dimension: 100
 - Truncation parameter: 1e-18

 MICROITERATION NUMBER = 0  , forward sweep
 - Left boundaries taken from index: 0
 - Right boundaries taken from index: 2

 Jacobi-Davidson diagonalization converged after 8 iterations.
 Energy = -14.61740813886786

 MICROITERATION NUMBER = 1  , forward sweep
 - Left boundaries taken from index: 1
 - Right boundaries taken from index: 3

 Jacobi-Davidson diagonalization converged after 10 iterations.
 Energy = -14.61740814591889

 MICROITERATION NUMBER = 2  , forward sweep
 - Left boundaries taken from index: 2
 - Right boundaries taken from index: 4

 Jacobi-Davidson diagonalization converged after 10 iterations.
 Energy = -14.61740815510182

 MICROITERATION NUMBER = 3  , forward sweep
 - Left boundaries taken from index: 3
 - Right boundaries taken from index: 5

 Jacobi-Davidson diagonalization converged after 10 iterations.
 Energy = -14.61740872880446

 MICROITERATION NUMBER = 4  , forward sweep
 - Left boundaries taken from index: 4
 - Right boundaries taken from index: 6

 Jacobi-Davidson diagonalization converged after 10 iterations.
 Energy = -14.61740911243497

 MICROITERATION NUMBER = 5  , forward sweep
 - Left boundaries taken from index: 5
 - Right boundaries taken from index: 7

 Jacobi-Davidson diagonalization converged after 10 iterations.
 Energy = -14.61740915009367

 MICROITERATION NUMBER = 6  , forward sweep
 - Left boundaries taken from index: 6
 - Right boundaries taken from index: 8

 Jacobi-Davidson diagonalization converged after 10 iterations.
 Energy = -14.61740914895088

 MICROITERATION NUMBER = 7  , forward sweep
 - Left boundaries taken from index: 7
 - Right boundaries taken from index: 9

 Jacobi-Davidson diagonalization converged after 7 iterations.
 Energy = -14.61740915526988

 MICROITERATION NUMBER = 8  , forward sweep
 - Left boundaries taken from index: 8
 - Right boundaries taken from index: 10

 Jacobi-Davidson diagonalization converged after 2 iterations.
 Energy = -14.6174091506844

 MICROITERATION NUMBER = 9  , forward sweep
 - Left boundaries taken from index: 9
 - Right boundaries taken from index: 11

 Jacobi-Davidson diagonalization converged after 2 iterations.
 Energy = -14.61740915042862

 MICROITERATION NUMBER = 10  , forward sweep
 - Left boundaries taken from index: 10
 - Right boundaries taken from index: 12

 Jacobi-Davidson diagonalization converged after 2 iterations.
 Energy = -14.61740915451105

 MICROITERATION NUMBER = 11  , forward sweep
 - Left boundaries taken from index: 11
 - Right boundaries taken from index: 13

 Jacobi-Davidson diagonalization converged after 1 iterations.
 Energy = -14.61740915227839

 MICROITERATION NUMBER = 12  , forward sweep
 - Left boundaries taken from index: 12
 - Right boundaries taken from index: 14

 Jacobi-Davidson diagonalization converged after 1 iterations.
 Energy = -14.61740915227839

 MICROITERATION NUMBER = 13  , backward sweep
 - Left boundaries taken from index: 11
 - Right boundaries taken from index: 13

 Jacobi-Davidson diagonalization converged after 1 iterations.
 Energy = -14.61740915227839

 MICROITERATION NUMBER = 14  , backward sweep
 - Left boundaries taken from index: 10
 - Right boundaries taken from index: 12

 Jacobi-Davidson diagonalization converged after 1 iterations.
 Energy = -14.61740915227839

 MICROITERATION NUMBER = 15  , backward sweep
 - Left boundaries taken from index: 9
 - Right boundaries taken from index: 11

 Jacobi-Davidson diagonalization converged after 1 iterations.
 Energy = -14.61740915227839

 MICROITERATION NUMBER = 16  , backward sweep
 - Left boundaries taken from index: 8
 - Right boundaries taken from index: 10

 Jacobi-Davidson diagonalization converged after 1 iterations.
 Energy = -14.61740915227839

 MICROITERATION NUMBER = 17  , backward sweep
 - Left boundaries taken from index: 7
 - Right boundaries taken from index: 9

 Jacobi-Davidson diagonalization converged after 1 iterations.
 Energy = -14.61740915227838

 MICROITERATION NUMBER = 18  , backward sweep
 - Left boundaries taken from index: 6
 - Right boundaries taken from index: 8

 Jacobi-Davidson diagonalization converged after 2 iterations.
 Energy = -14.61740915115295

 MICROITERATION NUMBER = 19  , backward sweep
 - Left boundaries taken from index: 5
 - Right boundaries taken from index: 7

 Jacobi-Davidson diagonalization converged after 5 iterations.
 Energy = -14.6174091542073

 MICROITERATION NUMBER = 20  , backward sweep
 - Left boundaries taken from index: 4
 - Right boundaries taken from index: 6

 Jacobi-Davidson diagonalization converged after 10 iterations.
 Energy = -14.61740915086448

 MICROITERATION NUMBER = 21  , backward sweep
 - Left boundaries taken from index: 3
 - Right boundaries taken from index: 5

 Jacobi-Davidson diagonalization converged after 10 iterations.
 Energy = -14.61740914887766

 MICROITERATION NUMBER = 22  , backward sweep
 - Left boundaries taken from index: 2
 - Right boundaries taken from index: 4

 Jacobi-Davidson diagonalization converged after 10 iterations.
 Energy = -14.61740916452027

 MICROITERATION NUMBER = 23  , backward sweep
 - Left boundaries taken from index: 1
 - Right boundaries taken from index: 3

 Jacobi-Davidson diagonalization converged after 8 iterations.
 Energy = -14.61740916406933


 -------------------
   SWEEP NUMBER 2
 -------------------
 - Noise parameter: 0.01
 - Maximum bond dimension: 100
 - Truncation parameter: 1.000000000000001e-16

 MICROITERATION NUMBER = 0  , forward sweep
 - Left boundaries taken from index: 0
 - Right boundaries taken from index: 2

 Jacobi-Davidson diagonalization converged after 1 iterations.
 Energy = -14.61740916312301

 MICROITERATION NUMBER = 1  , forward sweep
 - Left boundaries taken from index: 1
 - Right boundaries taken from index: 3

 Jacobi-Davidson diagonalization converged after 1 iterations.
 Energy = -14.61740916312302

 MICROITERATION NUMBER = 2  , forward sweep
 - Left boundaries taken from index: 2
 - Right boundaries taken from index: 4

 Jacobi-Davidson diagonalization converged after 5 iterations.
 Energy = -14.61740916208371

 MICROITERATION NUMBER = 3  , forward sweep
 - Left boundaries taken from index: 3
 - Right boundaries taken from index: 5

 Jacobi-Davidson diagonalization converged after 10 iterations.
 Energy = -14.61740916079964

 MICROITERATION NUMBER = 4  , forward sweep
 - Left boundaries taken from index: 4
 - Right boundaries taken from index: 6

 Jacobi-Davidson diagonalization converged after 7 iterations.
 Energy = -14.61740916686646

 MICROITERATION NUMBER = 5  , forward sweep
 - Left boundaries taken from index: 5
 - Right boundaries taken from index: 7

 Jacobi-Davidson diagonalization converged after 3 iterations.
 Energy = -14.6174091657094

 MICROITERATION NUMBER = 6  , forward sweep
 - Left boundaries taken from index: 6
 - Right boundaries taken from index: 8

 Jacobi-Davidson diagonalization converged after 3 iterations.
 Energy = -14.61740916498506

 MICROITERATION NUMBER = 7  , forward sweep
 - Left boundaries taken from index: 7
 - Right boundaries taken from index: 9

 Jacobi-Davidson diagonalization converged after 2 iterations.
 Energy = -14.61740916309781

 MICROITERATION NUMBER = 8  , forward sweep
 - Left boundaries taken from index: 8
 - Right boundaries taken from index: 10

 Jacobi-Davidson diagonalization converged after 1 iterations.
 Energy = -14.61740916325322

 MICROITERATION NUMBER = 9  , forward sweep
 - Left boundaries taken from index: 9
 - Right boundaries taken from index: 11

 Jacobi-Davidson diagonalization converged after 1 iterations.
 Energy = -14.6174091632532

 MICROITERATION NUMBER = 10  , forward sweep
 - Left boundaries taken from index: 10
 - Right boundaries taken from index: 12

 Jacobi-Davidson diagonalization converged after 1 iterations.
 Energy = -14.61740916325321

 MICROITERATION NUMBER = 11  , forward sweep
 - Left boundaries taken from index: 11
 - Right boundaries taken from index: 13

 Jacobi-Davidson diagonalization converged after 1 iterations.
 Energy = -14.61740916325322

 MICROITERATION NUMBER = 12  , forward sweep
 - Left boundaries taken from index: 12
 - Right boundaries taken from index: 14

 Jacobi-Davidson diagonalization converged after 1 iterations.
 Energy = -14.61740916325321

 MICROITERATION NUMBER = 13  , backward sweep
 - Left boundaries taken from index: 11
 - Right boundaries taken from index: 13

 Jacobi-Davidson diagonalization converged after 1 iterations.
 Energy = -14.61740916325322

 MICROITERATION NUMBER = 14  , backward sweep
 - Left boundaries taken from index: 10
 - Right boundaries taken from index: 12

 Jacobi-Davidson diagonalization converged after 1 iterations.
 Energy = -14.61740916325321

 MICROITERATION NUMBER = 15  , backward sweep
 - Left boundaries taken from index: 9
 - Right boundaries taken from index: 11

 Jacobi-Davidson diagonalization converged after 1 iterations.
 Energy = -14.6174091632532

 MICROITERATION NUMBER = 16  , backward sweep
 - Left boundaries taken from index: 8
 - Right boundaries taken from index: 10

 Jacobi-Davidson diagonalization converged after 1 iterations.
 Energy = -14.61740916325323

 MICROITERATION NUMBER = 17  , backward sweep
 - Left boundaries taken from index: 7
 - Right boundaries taken from index: 9

 Jacobi-Davidson diagonalization converged after 1 iterations.
 Energy = -14.6174091632532

 MICROITERATION NUMBER = 18  , backward sweep
 - Left boundaries taken from index: 6
 - Right boundaries taken from index: 8

 Jacobi-Davidson diagonalization converged after 1 iterations.
 Energy = -14.6174091632532

 MICROITERATION NUMBER = 19  , backward sweep
 - Left boundaries taken from index: 5
 - Right boundaries taken from index: 7

 Jacobi-Davidson diagonalization converged after 1 iterations.
 Energy = -14.61740916325319

 MICROITERATION NUMBER = 20  , backward sweep
 - Left boundaries taken from index: 4
 - Right boundaries taken from index: 6

 Jacobi-Davidson diagonalization converged after 1 iterations.
 Energy = -14.61740916325319

 MICROITERATION NUMBER = 21  , backward sweep
 - Left boundaries taken from index: 3
 - Right boundaries taken from index: 5

 Jacobi-Davidson diagonalization converged after 5 iterations.
 Energy = -14.61740916363091

 MICROITERATION NUMBER = 22  , backward sweep
 - Left boundaries taken from index: 2
 - Right boundaries taken from index: 4

 Jacobi-Davidson diagonalization converged after 6 iterations.
 Energy = -14.61740916183611

 MICROITERATION NUMBER = 23  , backward sweep
 - Left boundaries taken from index: 1
 - Right boundaries taken from index: 3

 Jacobi-Davidson diagonalization converged after 1 iterations.
 Energy = -14.61740916325483


 -------------------
   SWEEP NUMBER 3
 -------------------
 - Noise parameter: 0.0001
 - Maximum bond dimension: 100
 - Truncation parameter: 1e-16

 MICROITERATION NUMBER = 0  , forward sweep
 - Left boundaries taken from index: 0
 - Right boundaries taken from index: 2

 Jacobi-Davidson diagonalization converged after 1 iterations.
 Energy = -14.61740916325483

 MICROITERATION NUMBER = 1  , forward sweep
 - Left boundaries taken from index: 1
 - Right boundaries taken from index: 3

 Jacobi-Davidson diagonalization converged after 1 iterations.
 Energy = -14.61740916325483

 MICROITERATION NUMBER = 2  , forward sweep
 - Left boundaries taken from index: 2
 - Right boundaries taken from index: 4

 Jacobi-Davidson diagonalization converged after 1 iterations.
 Energy = -14.61740916325484

 MICROITERATION NUMBER = 3  , forward sweep
 - Left boundaries taken from index: 3
 - Right boundaries taken from index: 5

 Jacobi-Davidson diagonalization converged after 3 iterations.
 Energy = -14.61740916529392

 MICROITERATION NUMBER = 4  , forward sweep
 - Left boundaries taken from index: 4
 - Right boundaries taken from index: 6

 Jacobi-Davidson diagonalization converged after 2 iterations.
 Energy = -14.61740916350868

 MICROITERATION NUMBER = 5  , forward sweep
 - Left boundaries taken from index: 5
 - Right boundaries taken from index: 7

 Jacobi-Davidson diagonalization converged after 1 iterations.
 Energy = -14.61740916325487

 MICROITERATION NUMBER = 6  , forward sweep
 - Left boundaries taken from index: 6
 - Right boundaries taken from index: 8

 Jacobi-Davidson diagonalization converged after 1 iterations.
 Energy = -14.61740916325486

 MICROITERATION NUMBER = 7  , forward sweep
 - Left boundaries taken from index: 7
 - Right boundaries taken from index: 9

 Jacobi-Davidson diagonalization converged after 1 iterations.
 Energy = -14.61740916325487

 MICROITERATION NUMBER = 8  , forward sweep
 - Left boundaries taken from index: 8
 - Right boundaries taken from index: 10

 Jacobi-Davidson diagonalization converged after 1 iterations.
 Energy = -14.61740916325487

 MICROITERATION NUMBER = 9  , forward sweep
 - Left boundaries taken from index: 9
 - Right boundaries taken from index: 11

 Jacobi-Davidson diagonalization converged after 1 iterations.
 Energy = -14.61740916325486

 MICROITERATION NUMBER = 10  , forward sweep
 - Left boundaries taken from index: 10
 - Right boundaries taken from index: 12

 Jacobi-Davidson diagonalization converged after 1 iterations.
 Energy = -14.61740916325486

 MICROITERATION NUMBER = 11  , forward sweep
 - Left boundaries taken from index: 11
 - Right boundaries taken from index: 13

 Jacobi-Davidson diagonalization converged after 1 iterations.
 Energy = -14.61740916325487

 MICROITERATION NUMBER = 12  , forward sweep
 - Left boundaries taken from index: 12
 - Right boundaries taken from index: 14

 Jacobi-Davidson diagonalization converged after 1 iterations.
 Energy = -14.61740916325487

 MICROITERATION NUMBER = 13  , backward sweep
 - Left boundaries taken from index: 11
 - Right boundaries taken from index: 13

 Jacobi-Davidson diagonalization converged after 1 iterations.
 Energy = -14.61740916325487

 MICROITERATION NUMBER = 14  , backward sweep
 - Left boundaries taken from index: 10
 - Right boundaries taken from index: 12

 Jacobi-Davidson diagonalization converged after 1 iterations.
 Energy = -14.61740916325486

 MICROITERATION NUMBER = 15  , backward sweep
 - Left boundaries taken from index: 9
 - Right boundaries taken from index: 11

 Jacobi-Davidson diagonalization converged after 1 iterations.
 Energy = -14.61740916325487

 MICROITERATION NUMBER = 16  , backward sweep
 - Left boundaries taken from index: 8
 - Right boundaries taken from index: 10

 Jacobi-Davidson diagonalization converged after 1 iterations.
 Energy = -14.61740916325487

 MICROITERATION NUMBER = 17  , backward sweep
 - Left boundaries taken from index: 7
 - Right boundaries taken from index: 9

 Jacobi-Davidson diagonalization converged after 1 iterations.
 Energy = -14.61740916325487

 MICROITERATION NUMBER = 18  , backward sweep
 - Left boundaries taken from index: 6
 - Right boundaries taken from index: 8

 Jacobi-Davidson diagonalization converged after 1 iterations.
 Energy = -14.61740916325486

 MICROITERATION NUMBER = 19  , backward sweep
 - Left boundaries taken from index: 5
 - Right boundaries taken from index: 7

 Jacobi-Davidson diagonalization converged after 1 iterations.
 Energy = -14.61740916325486

 MICROITERATION NUMBER = 20  , backward sweep
 - Left boundaries taken from index: 4
 - Right boundaries taken from index: 6

 Jacobi-Davidson diagonalization converged after 1 iterations.
 Energy = -14.61740916325486

 MICROITERATION NUMBER = 21  , backward sweep
 - Left boundaries taken from index: 3
 - Right boundaries taken from index: 5

 Jacobi-Davidson diagonalization converged after 1 iterations.
 Energy = -14.61740916325486

 MICROITERATION NUMBER = 22  , backward sweep
 - Left boundaries taken from index: 2
 - Right boundaries taken from index: 4

 Jacobi-Davidson diagonalization converged after 1 iterations.
 Energy = -14.61740916325486

 MICROITERATION NUMBER = 23  , backward sweep
 - Left boundaries taken from index: 1
 - Right boundaries taken from index: 3

 Jacobi-Davidson diagonalization converged after 1 iterations.
 Energy = -14.61740916325485

Task took 8.0657 seconds.
