  SCINE QCMaquis 
  Quantum Chemical Density Matrix Renormalization group
  available from https://scine.ethz.ch/download/qcmaquis
  based on the ALPS MPS codes from http://alps.comp-phys.org/
  copyright (c) 2015-2018 Laboratory of Physical Chemistry, ETH Zurich
  copyright (c) 2012-2016 by Sebastian Keller
  copyright (c) 2016-2021 by Alberto Baiardi, Leon Freitag, 
  Stefan Knecht, Yingjin Ma 
  for details see the publication: 
  A. Baiardi, J. Chem. Theory Comput. 17, 3320 (2021)

This binary contains symmetries: u1dg 2u1 2u1pg su2u1pg 
DMRG version 3.1.0-57795bdc1074e31a6a41f8f56863a6cfd4e0e641 (TranscorrelatedHamiltonian) release-3.0.6-gitlab
Temporary storage is disabled
MPO Bond 0: 18/0
MPO Bond 1: 18/0
MPO Bond 2: 10/0
MPO Bond 3: 1/0
site_types: 0 0 0 0 
phys[0]: |( <1,1>: 1 )( <1,0>: 1 )( <0,1>: 1 )( <0,0>: 1 )|
Right end: <2,1>
init norm: (0.01388888889,0)
MPS site 0
|( <0,0>: 1 )|
Sum: 1
|( <1,1>: 1 )( <1,0>: 1 )( <0,1>: 1 )( <0,0>: 1 )|
Sum: 4
MPS site 1
|( <1,1>: 1 )( <1,0>: 1 )( <0,1>: 1 )( <0,0>: 1 )|
Sum: 4
|( <2,1>: 1 )( <2,0>: 1 )( <1,1>: 2 )( <1,0>: 2 )( <0,1>: 1 )( <0,0>: 1 )|
Sum: 8
MPS site 2
|( <2,1>: 1 )( <2,0>: 1 )( <1,1>: 2 )( <1,0>: 2 )( <0,1>: 1 )( <0,0>: 1 )|
Sum: 8
|( <2,1>: 1 )( <2,0>: 1 )( <1,1>: 1 )( <1,0>: 1 )|
Sum: 4
MPS site 3
|( <2,1>: 1 )( <2,0>: 1 )( <1,1>: 1 )( <1,0>: 1 )|
Sum: 4
|( <2,1>: 1 )|
Sum: 1

site 0 activating sector <1,1>
site 1 activating sector <2,1>
site 2 activating sector <2,1>
site 3 activating sector <2,1>
MPS initialization has finished...
Partial initialization of boundaries completed.
Full initialization of boundaries completed.
Done init_left_right
TSMPOTensor: 18x1,  18 operators, 18 tags
TSMPOTensor: 1x18,  18 operators, 18 tags
TSMPOTensor: 18x10,  27 operators, 27 tags
Total number of tags: 63
 +--------------------------------------------+
  Sweep number 1 - site numbers 0 and 1
 +--------------------------------------------+
+------------+------------+
  ITERATION  |   ERROR 
+------------+------------+
    1        |  3.3080E+00 
    2        |  4.8391E-01 
    3        |  3.7162E-02 
    4        |  1.1302E-03 
    5        |  3.8808E-05 
    6        |  8.4868E-07 
    7        |  1.7635E-08 
    8        |  1.5727E-10 
    9        |  5.6157E-13 
+------------+------------+
 Energy = -1.69434945797005
Cutoff - 1e-16
Sum: 4 -> 4
Memory usage : 922976 845572 
Sweep has been running for 0.014129275 seconds.
 +--------------------------------------------+
  Sweep number 1 - site numbers 1 and 2
 +--------------------------------------------+
+------------+------------+
  ITERATION  |   ERROR 
+------------+------------+
    1        |  3.2392E+00 
    2        |  4.3333E-01 
    3        |  3.3634E-02 
    4        |  1.1800E-03 
    5        |  3.1686E-05 
    6        |  6.8534E-07 
    7        |  8.6725E-09 
    8        |  5.7449E-11 
+------------+------------+
Cutoff - 1e-16
Sum: 8 -> 8
Memory usage : 922976 845572 
Sweep has been running for 0.030770103 seconds.
 +--------------------------------------------+
  Sweep number 1 - site numbers 2 and 3
 +--------------------------------------------+
+------------+------------+
  ITERATION  |   ERROR 
+------------+------------+
    1        |  1.7404E+00 
    2        |  6.9469E-02 
    3        |  1.6589E-03 
    4        |  8.9179E-05 
    5        |  3.8692E-06 
    6        |  7.0761E-08 
    7        |  8.1188E-10 
    8        |  4.1236E-12 
+------------+------------+
Cutoff - 1e-16
Sum: 4 -> 4
Memory usage : 922976 845572 
Sweep has been running for 0.045774595 seconds.
 +--------------------------------------------+
  Sweep number 2 - site numbers 2 and 3
 +--------------------------------------------+
+------------+------------+
  ITERATION  |   ERROR 
+------------+------------+
    1        |  6.2572E-01 
    2        |  7.3226E-03 
    3        |  3.3816E-04 
    4        |  1.3318E-05 
    5        |  2.2091E-07 
    6        |  3.0747E-09 
    7        |  2.8998E-11 
+------------+------------+
Cutoff - 1e-16
Sum: 4 -> 4
Memory usage : 922976 845572 
Sweep has been running for 0.058679196 seconds.
 +--------------------------------------------+
  Sweep number 2 - site numbers 1 and 2
 +--------------------------------------------+
+------------+------------+
  ITERATION  |   ERROR 
+------------+------------+
    1        |  8.2510E-01 
    2        |  2.4749E-02 
    3        |  1.4329E-03 
    4        |  5.7539E-05 
    5        |  1.4630E-06 
    6        |  1.6987E-08 
    7        |  1.7896E-10 
    8        |  1.4845E-12 
+------------+------------+
Cutoff - 1e-16
Sum: 8 -> 8
Memory usage : 922976 845572 
Sweep has been running for 0.0748832 seconds.
 +--------------------------------------------+
  Sweep number 2 - site numbers 0 and 1
 +--------------------------------------------+
+------------+------------+
  ITERATION  |   ERROR 
+------------+------------+
    1        |  2.5261E-01 
    2        |  1.4531E-03 
    3        |  9.3636E-05 
    4        |  4.9929E-06 
    5        |  9.9874E-08 
    6        |  1.1969E-09 
    7        |  6.9701E-12 
+------------+------------+
 Energy = -6.39460991853011
Cutoff - 1e-16
Sum: 4 -> 4
Memory usage : 922976 845572 
Sweep has been running for 0.085768885 seconds.
 +--------------------------------------------+
  Sweep number 3 - site numbers 0 and 1
 +--------------------------------------------+
+------------+------------+
  ITERATION  |   ERROR 
+------------+------------+
    1        |  8.4276E-02 
    2        |  3.9996E-04 
    3        |  2.0535E-05 
    4        |  2.4732E-07 
    5        |  2.8863E-09 
    6        |  2.3083E-11 
+------------+------------+
 Energy = -6.39077830104308
Cutoff - 1e-16
Sum: 4 -> 4
Memory usage : 922976 845572 
Sweep has been running for 0.009791074 seconds.
 +--------------------------------------------+
  Sweep number 3 - site numbers 1 and 2
 +--------------------------------------------+
+------------+------------+
  ITERATION  |   ERROR 
+------------+------------+
    1        |  2.2375E-01 
    2        |  1.9551E-03 
    3        |  8.2120E-05 
    4        |  2.1461E-06 
    5        |  4.8821E-08 
    6        |  7.8173E-10 
    7        |  1.4752E-11 
+------------+------------+
Cutoff - 1e-16
Sum: 8 -> 8
Memory usage : 922976 845572 
Sweep has been running for 0.025231624 seconds.
 +--------------------------------------------+
  Sweep number 3 - site numbers 2 and 3
 +--------------------------------------------+
+------------+------------+
  ITERATION  |   ERROR 
+------------+------------+
    1        |  7.4219E-02 
    2        |  1.5367E-04 
    3        |  7.9334E-06 
    4        |  3.2865E-07 
    5        |  6.5230E-09 
    6        |  7.2040E-11 
+------------+------------+
Cutoff - 1e-16
Sum: 4 -> 4
Memory usage : 922976 845572 
Sweep has been running for 0.037094749 seconds.
 +--------------------------------------------+
  Sweep number 4 - site numbers 2 and 3
 +--------------------------------------------+
+------------+------------+
  ITERATION  |   ERROR 
+------------+------------+
    1        |  2.7302E-02 
    2        |  3.8414E-05 
    3        |  2.0018E-06 
    4        |  2.9718E-08 
    5        |  2.4714E-10 
    6        |  2.0309E-12 
+------------+------------+
Cutoff - 1e-16
Sum: 4 -> 4
Memory usage : 922976 845572 
Sweep has been running for 0.04820445 seconds.
 +--------------------------------------------+
  Sweep number 4 - site numbers 1 and 2
 +--------------------------------------------+
+------------+------------+
  ITERATION  |   ERROR 
+------------+------------+
    1        |  6.7701E-02 
    2        |  1.8023E-04 
    3        |  7.0042E-06 
    4        |  1.9778E-07 
    5        |  5.3523E-09 
    6        |  9.1220E-11 
+------------+------------+
Cutoff - 1e-16
Sum: 8 -> 8
Memory usage : 922976 845572 
Sweep has been running for 0.060913203 seconds.
 +--------------------------------------------+
  Sweep number 4 - site numbers 0 and 1
 +--------------------------------------------+
+------------+------------+
  ITERATION  |   ERROR 
+------------+------------+
    1        |  2.2644E-02 
    2        |  1.4441E-05 
    3        |  7.3574E-07 
    4        |  2.8740E-08 
    5        |  3.9202E-10 
    6        |  3.1897E-12 
+------------+------------+
 Energy = -6.41721095015586
Cutoff - 1e-16
Sum: 4 -> 4
Memory usage : 922976 845572 
Sweep has been running for 0.070557722 seconds.
 +--------------------------------------------+
  Sweep number 5 - site numbers 0 and 1
 +--------------------------------------------+
+------------+------------+
  ITERATION  |   ERROR 
+------------+------------+
    1        |  8.4088E-03 
    2        |  3.6682E-06 
    3        |  1.8945E-07 
    4        |  2.7584E-09 
    5        |  2.2886E-11 
+------------+------------+
 Energy = -6.41659349369237
Cutoff - 1e-16
Sum: 4 -> 4
Memory usage : 922976 845572 
Sweep has been running for 0.008185207 seconds.
 +--------------------------------------------+
  Sweep number 5 - site numbers 1 and 2
 +--------------------------------------------+
+------------+------------+
  ITERATION  |   ERROR 
+------------+------------+
    1        |  2.0707E-02 
    2        |  1.7233E-05 
    3        |  6.7861E-07 
    4        |  1.9144E-08 
    5        |  5.3453E-10 
    6        |  9.6780E-12 
+------------+------------+
Cutoff - 1e-16
Sum: 8 -> 8
Memory usage : 922976 845572 
Sweep has been running for 0.02084094 seconds.
 +--------------------------------------------+
  Sweep number 5 - site numbers 2 and 3
 +--------------------------------------------+
+------------+------------+
  ITERATION  |   ERROR 
+------------+------------+
    1        |  7.0363E-03 
    2        |  1.4299E-06 
    3        |  6.8476E-08 
    4        |  2.6621E-09 
    5        |  3.6996E-11 
+------------+------------+
Cutoff - 1e-16
Sum: 4 -> 4
Memory usage : 922976 845572 
Sweep has been running for 0.030902621 seconds.
 +--------------------------------------------+
  Sweep number 6 - site numbers 2 and 3
 +--------------------------------------------+
+------------+------------+
  ITERATION  |   ERROR 
+------------+------------+
    1        |  2.6590E-03 
    2        |  3.4848E-07 
    3        |  1.7626E-08 
    4        |  2.8411E-10 
    5        |  2.6332E-12 
+------------+------------+
Cutoff - 1e-16
Sum: 4 -> 4
Memory usage : 922976 845572 
Sweep has been running for 0.040201724 seconds.
 +--------------------------------------------+
  Sweep number 6 - site numbers 1 and 2
 +--------------------------------------------+
+------------+------------+
  ITERATION  |   ERROR 
+------------+------------+
    1        |  6.4177E-03 
    2        |  1.6673E-06 
    3        |  6.6524E-08 
    4        |  1.9270E-09 
    5        |  5.3970E-11 
+------------+------------+
Cutoff - 1e-16
Sum: 8 -> 8
Memory usage : 922976 845572 
Sweep has been running for 0.050981653 seconds.
 +--------------------------------------------+
  Sweep number 6 - site numbers 0 and 1
 +--------------------------------------------+
+------------+------------+
  ITERATION  |   ERROR 
+------------+------------+
    1        |  2.1974E-03 
    2        |  1.4050E-07 
    3        |  6.4087E-09 
    4        |  2.5009E-10 
    5        |  3.6804E-12 
+------------+------------+
 Energy = -6.41837133711666
Cutoff - 1e-16
Sum: 4 -> 4
Memory usage : 922976 845572 
Sweep has been running for 0.059878305 seconds.
 +--------------------------------------------+
  Sweep number 7 - site numbers 0 and 1
 +--------------------------------------------+
+------------+------------+
  ITERATION  |   ERROR 
+------------+------------+
    1        |  8.3711E-04 
    2        |  3.3189E-08 
    3        |  1.6496E-09 
    4        |  2.8412E-11 
+------------+------------+
 Energy = -6.41830021102313
Cutoff - 1e-16
Sum: 4 -> 4
Memory usage : 922976 845572 
Sweep has been running for 0.007144949 seconds.
 +--------------------------------------------+
  Sweep number 7 - site numbers 1 and 2
 +--------------------------------------------+
+------------+------------+
  ITERATION  |   ERROR 
+------------+------------+
    1        |  2.0027E-03 
    2        |  1.6414E-07 
    3        |  6.5970E-09 
    4        |  1.9126E-10 
    5        |  5.2435E-12 
+------------+------------+
Cutoff - 1e-16
Sum: 8 -> 8
Memory usage : 922976 845572 
Sweep has been running for 0.018284899 seconds.
 +--------------------------------------------+
  Sweep number 7 - site numbers 2 and 3
 +--------------------------------------------+
+------------+------------+
  ITERATION  |   ERROR 
+------------+------------+
    1        |  6.9289E-04 
    2        |  1.4102E-08 
    3        |  6.0782E-10 
    4        |  2.3714E-11 
+------------+------------+
Cutoff - 1e-16
Sum: 4 -> 4
Memory usage : 922976 845572 
Sweep has been running for 0.027035184 seconds.
 +--------------------------------------------+
  Sweep number 8 - site numbers 2 and 3
 +--------------------------------------------+
+------------+------------+
  ITERATION  |   ERROR 
+------------+------------+
    1        |  2.6652E-04 
    2        |  3.1837E-09 
    3        |  1.5094E-10 
    4        |  2.7028E-12 
+------------+------------+
Cutoff - 1e-16
Sum: 4 -> 4
Memory usage : 922976 845572 
Sweep has been running for 0.035036274 seconds.
 +--------------------------------------------+
  Sweep number 8 - site numbers 1 and 2
 +--------------------------------------------+
+------------+------------+
  ITERATION  |   ERROR 
+------------+------------+
    1        |  6.3115E-04 
    2        |  1.6465E-08 
    3        |  6.6756E-10 
    4        |  1.9284E-11 
+------------+------------+
Cutoff - 1e-16
Sum: 8 -> 8
Memory usage : 922976 845572 
Sweep has been running for 0.044154928 seconds.
 +--------------------------------------------+
  Sweep number 8 - site numbers 0 and 1
 +--------------------------------------------+
+------------+------------+
  ITERATION  |   ERROR 
+------------+------------+
    1        |  2.2085E-04 
    2        |  1.4421E-09 
    3        |  6.0046E-11 
+------------+------------+
 Energy = -6.41848812018176
Cutoff - 1e-16
Sum: 4 -> 4
Memory usage : 922976 845572 
Sweep has been running for 0.050562501 seconds.
 +--------------------------------------------+
  Sweep number 9 - site numbers 0 and 1
 +--------------------------------------------+
+------------+------------+
  ITERATION  |   ERROR 
+------------+------------+
    1        |  8.6072E-05 
    2        |  3.2841E-10 
    3        |  1.9273E-11 
+------------+------------+
 Energy = -6.41847995068879
Cutoff - 1e-16
Sum: 4 -> 4
Memory usage : 922976 845572 
Sweep has been running for 0.006204842 seconds.
 +--------------------------------------------+
  Sweep number 9 - site numbers 1 and 2
 +--------------------------------------------+
+------------+------------+
  ITERATION  |   ERROR 
+------------+------------+
    1        |  2.0034E-04 
    2        |  1.6766E-09 
    3        |  7.3213E-11 
+------------+------------+
Cutoff - 1e-16
Sum: 8 -> 8
Memory usage : 922976 845572 
Sweep has been running for 0.013813253 seconds.
 +--------------------------------------------+
  Sweep number 9 - site numbers 2 and 3
 +--------------------------------------------+
+------------+------------+
  ITERATION  |   ERROR 
+------------+------------+
    1        |  7.1178E-05 
    2        |  1.6500E-10 
    3        |  6.3245E-12 
+------------+------------+
Cutoff - 1e-16
Sum: 4 -> 4
Memory usage : 922976 845572 
Sweep has been running for 0.020894115 seconds.
 +--------------------------------------------+
  Sweep number 10 - site numbers 2 and 3
 +--------------------------------------------+
+------------+------------+
  ITERATION  |   ERROR 
+------------+------------+
    1        |  2.8047E-05 
    2        |  3.4688E-11 
+------------+------------+
Cutoff - 1e-16
Sum: 4 -> 4
Memory usage : 922976 845572 
Sweep has been running for 0.025657649 seconds.
 +--------------------------------------------+
  Sweep number 10 - site numbers 1 and 2
 +--------------------------------------------+
+------------+------------+
  ITERATION  |   ERROR 
+------------+------------+
    1        |  6.6226E-05 
    2        |  1.8467E-10 
    3        |  8.6258E-12 
+------------+------------+
Cutoff - 1e-16
Sum: 8 -> 8
Memory usage : 922976 845572 
Sweep has been running for 0.033040073 seconds.
 +--------------------------------------------+
  Sweep number 10 - site numbers 0 and 1
 +--------------------------------------------+
+------------+------------+
  ITERATION  |   ERROR 
+------------+------------+
    1        |  2.3502E-05 
    2        |  1.8223E-11 
+------------+------------+
 Energy = -6.41850112782818
Cutoff - 1e-16
Sum: 4 -> 4
Memory usage : 922976 845572 
Sweep has been running for 0.038256612 seconds.
 +--------------------------------------------+
  Sweep number 11 - site numbers 0 and 1
 +--------------------------------------------+
+------------+------------+
  ITERATION  |   ERROR 
+------------+------------+
    1        |  1.0209E-05 
    2        |  4.3932E-12 
+------------+------------+
 Energy = -6.41850011759897
Cutoff - 1e-16
Sum: 4 -> 4
Memory usage : 922976 845572 
Sweep has been running for 0.005168349 seconds.
 +--------------------------------------------+
  Sweep number 11 - site numbers 1 and 2
 +--------------------------------------------+
+------------+------------+
  ITERATION  |   ERROR 
+------------+------------+
    1        |  2.1190E-05 
    2        |  1.9829E-11 
+------------+------------+
Cutoff - 1e-16
Sum: 8 -> 8
Memory usage : 922976 845572 
Sweep has been running for 0.011424919 seconds.
 +--------------------------------------------+
  Sweep number 11 - site numbers 2 and 3
 +--------------------------------------------+
+------------+------------+
  ITERATION  |   ERROR 
+------------+------------+
    1        |  7.8900E-06 
    2        |  2.3534E-12 
+------------+------------+
Cutoff - 1e-16
Sum: 4 -> 4
Memory usage : 922976 845572 
Sweep has been running for 0.017022563 seconds.
 +--------------------------------------------+
  Sweep number 12 - site numbers 2 and 3
 +--------------------------------------------+
+------------+------------+
  ITERATION  |   ERROR 
+------------+------------+
    1        |  3.8521E-06 
    2        |  8.4044E-13 
+------------+------------+
Cutoff - 1e-16
Sum: 4 -> 4
Memory usage : 922976 845572 
Sweep has been running for 0.021827294 seconds.
 +--------------------------------------------+
  Sweep number 12 - site numbers 1 and 2
 +--------------------------------------------+
+------------+------------+
  ITERATION  |   ERROR 
+------------+------------+
    1        |  9.3547E-06 
    2        |  3.8862E-12 
+------------+------------+
Cutoff - 1e-16
Sum: 8 -> 8
Memory usage : 922976 845572 
Sweep has been running for 0.027811521 seconds.
 +--------------------------------------------+
  Sweep number 12 - site numbers 0 and 1
 +--------------------------------------------+
+------------+------------+
  ITERATION  |   ERROR 
+------------+------------+
    1        |  3.4463E-06 
    2        |  4.4593E-13 
+------------+------------+
 Energy = -6.418502508624
Cutoff - 1e-16
Sum: 4 -> 4
Memory usage : 922976 845572 
Sweep has been running for 0.033028084 seconds.
 +--------------------------------------------+
  Sweep number 13 - site numbers 0 and 1
 +--------------------------------------------+
+------------+------------+
  ITERATION  |   ERROR 
+------------+------------+
    1        |  1.6754E-06 
    2        |  1.9930E-13 
+------------+------------+
 Energy = -6.41850230198054
Cutoff - 1e-16
Sum: 4 -> 4
Memory usage : 922976 845572 
Sweep has been running for 0.005088362 seconds.
 +--------------------------------------------+
  Sweep number 13 - site numbers 1 and 2
 +--------------------------------------------+
+------------+------------+
  ITERATION  |   ERROR 
+------------+------------+
    1        |  4.2123E-06 
    2        |  7.9976E-13 
+------------+------------+
Cutoff - 1e-16
Sum: 8 -> 8
Memory usage : 922976 845572 
Sweep has been running for 0.011267829 seconds.
 +--------------------------------------------+
  Sweep number 13 - site numbers 2 and 3
 +--------------------------------------------+
+------------+------------+
  ITERATION  |   ERROR 
+------------+------------+
    1        |  1.5852E-06 
    2        |  1.1994E-13 
+------------+------------+
Cutoff - 1e-16
Sum: 4 -> 4
Memory usage : 922976 845572 
Sweep has been running for 0.017255077 seconds.
 +--------------------------------------------+
  Sweep number 14 - site numbers 2 and 3
 +--------------------------------------------+
+------------+------------+
  ITERATION  |   ERROR 
+------------+------------+
    1        |  8.2544E-07 
    2        |  4.2836E-14 
+------------+------------+
Cutoff - 1e-16
Sum: 4 -> 4
Memory usage : 922976 845572 
Sweep has been running for 0.022223249 seconds.
 +--------------------------------------------+
  Sweep number 14 - site numbers 1 and 2
 +--------------------------------------------+
+------------+------------+
  ITERATION  |   ERROR 
+------------+------------+
    1        |  1.8054E-06 
    2        |  1.6344E-13 
+------------+------------+
Cutoff - 1e-16
Sum: 8 -> 8
Memory usage : 922976 845572 
Sweep has been running for 0.028178007 seconds.
 +--------------------------------------------+
  Sweep number 14 - site numbers 0 and 1
 +--------------------------------------------+
+------------+------------+
  ITERATION  |   ERROR 
+------------+------------+
    1        |  7.3478E-07 
    2        |  3.1582E-14 
+------------+------------+
 Energy = -6.41850285378713
Cutoff - 1e-16
Sum: 4 -> 4
Memory usage : 922976 845572 
Sweep has been running for 0.03370983 seconds.
 +--------------------------------------------+
  Sweep number 15 - site numbers 0 and 1
 +--------------------------------------------+
+------------+------------+
  ITERATION  |   ERROR 
+------------+------------+
    1        |  4.2038E-07 
    2        |  1.1474E-14 
+------------+------------+
 Energy = -6.41850278948893
Cutoff - 1e-16
Sum: 4 -> 4
Memory usage : 922976 845572 
Sweep has been running for 0.005121441 seconds.
 +--------------------------------------------+
  Sweep number 15 - site numbers 1 and 2
 +--------------------------------------------+
+------------+------------+
  ITERATION  |   ERROR 
+------------+------------+
    1        |  8.3971E-07 
    2        |  3.5744E-14 
+------------+------------+
Cutoff - 1e-16
Sum: 8 -> 8
Memory usage : 922976 845572 
Sweep has been running for 0.011172642 seconds.
 +--------------------------------------------+
  Sweep number 15 - site numbers 2 and 3
 +--------------------------------------------+
+------------+------------+
  ITERATION  |   ERROR 
+------------+------------+
    1        |  3.4372E-07 
    2        |  7.1619E-15 
+------------+------------+
Cutoff - 1e-16
Sum: 4 -> 4
Memory usage : 922976 845572 
Sweep has been running for 0.016748477 seconds.
 +--------------------------------------------+
  Sweep number 16 - site numbers 2 and 3
 +--------------------------------------------+
+------------+------------+
  ITERATION  |   ERROR 
+------------+------------+
    1        |  2.0170E-07 
    2        |  2.4609E-15 
+------------+------------+
Cutoff - 1e-16
Sum: 4 -> 4
Memory usage : 922976 845572 
Sweep has been running for 0.02160632 seconds.
 +--------------------------------------------+
  Sweep number 16 - site numbers 1 and 2
 +--------------------------------------------+
+------------+------------+
  ITERATION  |   ERROR 
+------------+------------+
    1        |  3.8184E-07 
    2        |  8.2709E-15 
+------------+------------+
Cutoff - 1e-16
Sum: 8 -> 8
Memory usage : 922976 845572 
Sweep has been running for 0.027650221 seconds.
 +--------------------------------------------+
  Sweep number 16 - site numbers 0 and 1
 +--------------------------------------------+
+------------+------------+
  ITERATION  |   ERROR 
+------------+------------+
    1        |  1.7224E-07 
    2        |  1.8238E-15 
+------------+------------+
 Energy = -6.41850291165991
Cutoff - 1e-16
Sum: 4 -> 4
Memory usage : 922976 845572 
Sweep has been running for 0.032821078 seconds.
 +--------------------------------------------+
  Sweep number 17 - site numbers 0 and 1
 +--------------------------------------------+
+------------+------------+
  ITERATION  |   ERROR 
+------------+------------+
    1        |  1.0323E-07 
    2        |  6.5324E-16 
+------------+------------+
 Energy = -6.41850289333708
Cutoff - 1e-16
Sum: 4 -> 4
Memory usage : 922976 845572 
Sweep has been running for 0.00523606 seconds.
 +--------------------------------------------+
  Sweep number 17 - site numbers 1 and 2
 +--------------------------------------------+
+------------+------------+
  ITERATION  |   ERROR 
+------------+------------+
    1        |  1.8436E-07 
    2        |  1.9138E-15 
+------------+------------+
Cutoff - 1e-16
Sum: 8 -> 8
Memory usage : 922976 845572 
Sweep has been running for 0.011445728 seconds.
 +--------------------------------------------+
  Sweep number 17 - site numbers 2 and 3
 +--------------------------------------------+
+------------+------------+
  ITERATION  |   ERROR 
+------------+------------+
    1        |  8.2998E-08 
    2        |  4.3311E-16 
+------------+------------+
Cutoff - 1e-16
Sum: 4 -> 4
Memory usage : 922976 845572 
Sweep has been running for 0.017311176 seconds.
 +--------------------------------------------+
  Sweep number 18 - site numbers 2 and 3
 +--------------------------------------------+
+------------+------------+
  ITERATION  |   ERROR 
+------------+------------+
    1        |  5.0624E-08 
    2        |  1.5208E-16 
+------------+------------+
Cutoff - 1e-16
Sum: 4 -> 4
Memory usage : 922976 845572 
Sweep has been running for 0.022311612 seconds.
 +--------------------------------------------+
  Sweep number 18 - site numbers 1 and 2
 +--------------------------------------------+
+------------+------------+
  ITERATION  |   ERROR 
+------------+------------+
    1        |  8.7130E-08 
    2        |  4.6516E-16 
+------------+------------+
Cutoff - 1e-16
Sum: 8 -> 8
Memory usage : 922976 845572 
Sweep has been running for 0.028291286 seconds.
 +--------------------------------------------+
  Sweep number 18 - site numbers 0 and 1
 +--------------------------------------------+
+------------+------------+
  ITERATION  |   ERROR 
+------------+------------+
    1        |  4.2343E-08 
    2        |  1.0731E-16 
+------------+------------+
 Energy = -6.41850292406145
Cutoff - 1e-16
Sum: 4 -> 4
Memory usage : 922976 845572 
Sweep has been running for 0.033626063 seconds.
 +--------------------------------------------+
  Sweep number 19 - site numbers 0 and 1
 +--------------------------------------------+
+------------+------------+
  ITERATION  |   ERROR 
+------------+------------+
    1        |  2.5336E-08 
    2        |  3.9294E-17 
+------------+------------+
 Energy = -6.41850291917602
Cutoff - 1e-16
Sum: 4 -> 4
Memory usage : 922976 845572 
Sweep has been running for 0.005255974 seconds.
 +--------------------------------------------+
  Sweep number 19 - site numbers 1 and 2
 +--------------------------------------------+
+------------+------------+
  ITERATION  |   ERROR 
+------------+------------+
    1        |  4.2997E-08 
    2        |  1.1206E-16 
+------------+------------+
Cutoff - 1e-16
Sum: 8 -> 8
Memory usage : 922976 845572 
Sweep has been running for 0.011471274 seconds.
 +--------------------------------------------+
  Sweep number 19 - site numbers 2 and 3
 +--------------------------------------------+
+------------+------------+
  ITERATION  |   ERROR 
+------------+------------+
    1        |  2.0863E-08 
    2        |  2.6157E-17 
+------------+------------+
Cutoff - 1e-16
Sum: 4 -> 4
Memory usage : 922976 845572 
Sweep has been running for 0.017317445 seconds.
 +--------------------------------------------+
  Sweep number 20 - site numbers 2 and 3
 +--------------------------------------------+
+------------+------------+
  ITERATION  |   ERROR 
+------------+------------+
    1        |  1.2534E-08 
    2        |  9.5451E-18 
+------------+------------+
Cutoff - 1e-16
Sum: 4 -> 4
Memory usage : 922976 845572 
Sweep has been running for 0.022264713 seconds.
 +--------------------------------------------+
  Sweep number 20 - site numbers 1 and 2
 +--------------------------------------------+
+------------+------------+
  ITERATION  |   ERROR 
+------------+------------+
    1        |  2.0917E-08 
    2        |  2.7592E-17 
+------------+------------+
Cutoff - 1e-16
Sum: 8 -> 8
Memory usage : 922976 845572 
Sweep has been running for 0.028178159 seconds.
 +--------------------------------------------+
  Sweep number 20 - site numbers 0 and 1
 +--------------------------------------------+
+------------+------------+
  ITERATION  |   ERROR 
+------------+------------+
    1        |  1.0566E-08 
    2        |  6.5053E-18 
+------------+------------+
 Energy = -6.41850292701804
Cutoff - 1e-16
Sum: 4 -> 4
Memory usage : 922976 845572 
Sweep has been running for 0.033575738 seconds.
 +--------------------------------------------+
  Sweep number 21 - site numbers 0 and 1
 +--------------------------------------------+
+------------+------------+
  ITERATION  |   ERROR 
+------------+------------+
    1        |  6.2562E-09 
    2        |  2.4244E-18 
+------------+------------+
 Energy = -6.4185029257782
Cutoff - 1e-16
Sum: 4 -> 4
Memory usage : 922976 845572 
Sweep has been running for 0.005187369 seconds.
 +--------------------------------------------+
  Sweep number 21 - site numbers 1 and 2
 +--------------------------------------------+
+------------+------------+
  ITERATION  |   ERROR 
+------------+------------+
    1        |  1.0378E-08 
    2        |  6.7517E-18 
+------------+------------+
Cutoff - 1e-16
Sum: 8 -> 8
Memory usage : 922976 845572 
Sweep has been running for 0.011487642 seconds.
 +--------------------------------------------+
  Sweep number 21 - site numbers 2 and 3
 +--------------------------------------------+
+------------+------------+
  ITERATION  |   ERROR 
+------------+------------+
    1        |  5.2292E-09 
    2        |  1.6003E-18 
+------------+------------+
Cutoff - 1e-16
Sum: 4 -> 4
Memory usage : 922976 845572 
Sweep has been running for 0.017352893 seconds.
 +--------------------------------------------+
  Sweep number 22 - site numbers 2 and 3
 +--------------------------------------------+
+------------+------------+
  ITERATION  |   ERROR 
+------------+------------+
    1        |  3.1043E-09 
    2        |  5.9672E-19 
+------------+------------+
Cutoff - 1e-16
Sum: 4 -> 4
Memory usage : 922976 845572 
Sweep has been running for 0.022362148 seconds.
 +--------------------------------------------+
  Sweep number 22 - site numbers 1 and 2
 +--------------------------------------------+
+------------+------------+
  ITERATION  |   ERROR 
+------------+------------+
    1        |  5.1234E-09 
    2        |  1.6692E-18 
+------------+------------+
Cutoff - 1e-16
Sum: 8 -> 8
Memory usage : 922976 845572 
Sweep has been running for 0.028664915 seconds.
 +--------------------------------------------+
  Sweep number 22 - site numbers 0 and 1
 +--------------------------------------------+
+------------+------------+
  ITERATION  |   ERROR 
+------------+------------+
    1        |  2.6260E-09 
    2        |  3.9852E-19 
+------------+------------+
 Energy = -6.41850292773987
Cutoff - 1e-16
Sum: 4 -> 4
Memory usage : 922976 845572 
Sweep has been running for 0.03412897 seconds.
 +--------------------------------------------+
  Sweep number 23 - site numbers 0 and 1
 +--------------------------------------------+
+------------+------------+
  ITERATION  |   ERROR 
+------------+------------+
    1        |  1.5495E-09 
    2        |  1.5000E-19 
+------------+------------+
 Energy = -6.41850292743107
Cutoff - 1e-16
Sum: 4 -> 4
Memory usage : 922976 845572 
Sweep has been running for 0.00525527 seconds.
 +--------------------------------------------+
  Sweep number 23 - site numbers 1 and 2
 +--------------------------------------------+
+------------+------------+
  ITERATION  |   ERROR 
+------------+------------+
    1        |  2.5455E-09 
    2        |  4.1141E-19 
+------------+------------+
Cutoff - 1e-16
Sum: 8 -> 8
Memory usage : 922976 845572 
Sweep has been running for 0.011525467 seconds.
 +--------------------------------------------+
  Sweep number 23 - site numbers 2 and 3
 +--------------------------------------------+
+------------+------------+
  ITERATION  |   ERROR 
+------------+------------+
    1        |  1.3027E-09 
    2        |  9.8469E-20 
+------------+------------+
Cutoff - 1e-16
Sum: 4 -> 4
Memory usage : 922976 845572 
Sweep has been running for 0.01742907 seconds.
 +--------------------------------------------+
  Sweep number 24 - site numbers 2 and 3
 +--------------------------------------------+
+------------+------------+
  ITERATION  |   ERROR 
+------------+------------+
    1        |  7.7038E-10 
    2        |  3.7102E-20 
+------------+------------+
Cutoff - 1e-16
Sum: 4 -> 4
Memory usage : 922976 845572 
Sweep has been running for 0.022459059 seconds.
 +--------------------------------------------+
  Sweep number 24 - site numbers 1 and 2
 +--------------------------------------------+
+------------+------------+
  ITERATION  |   ERROR 
+------------+------------+
    1        |  1.2640E-09 
    2        |  1.0193E-19 
+------------+------------+
Cutoff - 1e-16
Sum: 8 -> 8
Memory usage : 922976 845572 
Sweep has been running for 0.028566606 seconds.
 +--------------------------------------------+
  Sweep number 24 - site numbers 0 and 1
 +--------------------------------------------+
+------------+------------+
  ITERATION  |   ERROR 
+------------+------------+
    1        |  6.5143E-10 
    2        |  2.4510E-20 
+------------+------------+
 Energy = -6.41850292791714
Cutoff - 1e-16
Sum: 4 -> 4
Memory usage : 922976 845572 
Sweep has been running for 0.0339826 seconds.
 +--------------------------------------------+
  Sweep number 25 - site numbers 0 and 1
 +--------------------------------------------+
+------------+------------+
  ITERATION  |   ERROR 
+------------+------------+
    1        |  3.8442E-10 
    2        |  9.2739E-21 
+------------+------------+
 Energy = -6.41850292784054
Cutoff - 1e-16
Sum: 4 -> 4
Memory usage : 922976 845572 
Sweep has been running for 0.00675803 seconds.
 +--------------------------------------------+
  Sweep number 25 - site numbers 1 and 2
 +--------------------------------------------+
+------------+------------+
  ITERATION  |   ERROR 
+------------+------------+
    1        |  6.2871E-10 
    2        |  2.5221E-20 
+------------+------------+
Cutoff - 1e-16
Sum: 8 -> 8
Memory usage : 922976 845572 
Sweep has been running for 0.014874081 seconds.
 +--------------------------------------------+
  Sweep number 25 - site numbers 2 and 3
 +--------------------------------------------+
+------------+------------+
  ITERATION  |   ERROR 
+------------+------------+
    1        |  3.2379E-10 
    2        |  6.0718E-21 
+------------+------------+
Cutoff - 1e-16
Sum: 4 -> 4
Memory usage : 922976 845572 
Sweep has been running for 0.021386108 seconds.
 +--------------------------------------------+
  Sweep number 26 - site numbers 2 and 3
 +--------------------------------------------+
+------------+------------+
  ITERATION  |   ERROR 
+------------+------------+
    1        |  1.9137E-10 
    2        |  2.2993E-21 
+------------+------------+
Cutoff - 1e-16
Sum: 4 -> 4
Memory usage : 922976 845572 
Sweep has been running for 0.026449974 seconds.
 +--------------------------------------------+
  Sweep number 26 - site numbers 1 and 2
 +--------------------------------------------+
+------------+------------+
  ITERATION  |   ERROR 
+------------+------------+
    1        |  3.1294E-10 
    2        |  6.2578E-21 
+------------+------------+
Cutoff - 1e-16
Sum: 8 -> 8
Memory usage : 922976 845572 
Sweep has been running for 0.03273675 seconds.
 +--------------------------------------------+
  Sweep number 26 - site numbers 0 and 1
 +--------------------------------------------+
+------------+------------+
  ITERATION  |   ERROR 
+------------+------------+
    1        |  1.6164E-10 
    2        |  1.5105E-21 
+------------+------------+
 Energy = -6.41850292796079
Cutoff - 1e-16
Sum: 4 -> 4
Memory usage : 922976 845572 
Sweep has been running for 0.038082876 seconds.
 +--------------------------------------------+
  Sweep number 27 - site numbers 0 and 1
 +--------------------------------------------+
+------------+------------+
  ITERATION  |   ERROR 
+------------+------------+
    1        |  9.5466E-11 
+------------+------------+
 Energy = -6.41850292796079
Cutoff - 1e-16
Sum: 4 -> 4
Memory usage : 922976 845572 
Sweep has been running for 0.004158082 seconds.
 +--------------------------------------------+
  Sweep number 27 - site numbers 1 and 2
 +--------------------------------------------+
+------------+------------+
  ITERATION  |   ERROR 
+------------+------------+
    1        |  1.5849E-10 
    2        |  1.6066E-21 
+------------+------------+
Cutoff - 1e-16
Sum: 8 -> 8
Memory usage : 922976 845572 
Sweep has been running for 0.010317703 seconds.
 +--------------------------------------------+
  Sweep number 27 - site numbers 2 and 3
 +--------------------------------------------+
+------------+------------+
  ITERATION  |   ERROR 
+------------+------------+
    1        |  7.7266E-11 
+------------+------------+
Cutoff - 1e-16
Sum: 4 -> 4
Memory usage : 922976 845572 
Sweep has been running for 0.014524567 seconds.
 +--------------------------------------------+
  Sweep number 28 - site numbers 2 and 3
 +--------------------------------------------+
+------------+------------+
  ITERATION  |   ERROR 
+------------+------------+
    1        |  7.7266E-11 
+------------+------------+
Cutoff - 1e-16
Sum: 4 -> 4
Memory usage : 922976 845572 
Sweep has been running for 0.017908334 seconds.
 +--------------------------------------------+
  Sweep number 28 - site numbers 1 and 2
 +--------------------------------------------+
+------------+------------+
  ITERATION  |   ERROR 
+------------+------------+
    1        |  9.6578E-11 
+------------+------------+
Cutoff - 1e-16
Sum: 8 -> 8
Memory usage : 922976 845572 
Sweep has been running for 0.022130654 seconds.
 +--------------------------------------------+
  Sweep number 28 - site numbers 0 and 1
 +--------------------------------------------+
+------------+------------+
  ITERATION  |   ERROR 
+------------+------------+
    1        |  8.3719E-11 
+------------+------------+
 Energy = -6.41850292797726
Cutoff - 1e-16
Sum: 4 -> 4
Memory usage : 922976 845572 
Sweep has been running for 0.026443994 seconds.
 +--------------------------------------------+
  Sweep number 29 - site numbers 0 and 1
 +--------------------------------------------+
+------------+------------+
  ITERATION  |   ERROR 
+------------+------------+
    1        |  8.3719E-11 
+------------+------------+
 Energy = -6.41850292797726
Cutoff - 1e-16
Sum: 4 -> 4
Memory usage : 922976 845572 
Sweep has been running for 0.00403742 seconds.
 +--------------------------------------------+
  Sweep number 29 - site numbers 1 and 2
 +--------------------------------------------+
+------------+------------+
  ITERATION  |   ERROR 
+------------+------------+
    1        |  9.6578E-11 
+------------+------------+
Cutoff - 1e-16
Sum: 8 -> 8
Memory usage : 922976 845572 
Sweep has been running for 0.008661693 seconds.
 +--------------------------------------------+
  Sweep number 29 - site numbers 2 and 3
 +--------------------------------------------+
+------------+------------+
  ITERATION  |   ERROR 
+------------+------------+
    1        |  7.7265E-11 
+------------+------------+
Cutoff - 1e-16
Sum: 4 -> 4
Memory usage : 922976 845572 
Sweep has been running for 0.012843578 seconds.
 +--------------------------------------------+
  Sweep number 30 - site numbers 2 and 3
 +--------------------------------------------+
+------------+------------+
  ITERATION  |   ERROR 
+------------+------------+
    1        |  7.7265E-11 
+------------+------------+
Cutoff - 1e-16
Sum: 4 -> 4
Memory usage : 922976 845572 
Sweep has been running for 0.016279023 seconds.
 +--------------------------------------------+
  Sweep number 30 - site numbers 1 and 2
 +--------------------------------------------+
+------------+------------+
  ITERATION  |   ERROR 
+------------+------------+
    1        |  9.6578E-11 
+------------+------------+
Cutoff - 1e-16
Sum: 8 -> 8
Memory usage : 922976 845572 
Sweep has been running for 0.020487588 seconds.
 +--------------------------------------------+
  Sweep number 30 - site numbers 0 and 1
 +--------------------------------------------+
+------------+------------+
  ITERATION  |   ERROR 
+------------+------------+
    1        |  8.3719E-11 
+------------+------------+
 Energy = -6.41850292797726
Cutoff - 1e-16
Sum: 4 -> 4
Memory usage : 922976 845572 
Sweep has been running for 0.0247439 seconds.
 +--------------------------------------------+
  Sweep number 31 - site numbers 0 and 1
 +--------------------------------------------+
+------------+------------+
  ITERATION  |   ERROR 
+------------+------------+
    1        |  8.3719E-11 
+------------+------------+
 Energy = -6.41850292797726
Cutoff - 1e-16
Sum: 4 -> 4
Memory usage : 922976 845572 
Sweep has been running for 0.004011146 seconds.
 +--------------------------------------------+
  Sweep number 31 - site numbers 1 and 2
 +--------------------------------------------+
+------------+------------+
  ITERATION  |   ERROR 
+------------+------------+
    1        |  9.6578E-11 
+------------+------------+
Cutoff - 1e-16
Sum: 8 -> 8
Memory usage : 922976 845572 
Sweep has been running for 0.008590172 seconds.
 +--------------------------------------------+
  Sweep number 31 - site numbers 2 and 3
 +--------------------------------------------+
+------------+------------+
  ITERATION  |   ERROR 
+------------+------------+
    1        |  7.7266E-11 
+------------+------------+
Cutoff - 1e-16
Sum: 4 -> 4
Memory usage : 922976 845572 
Sweep has been running for 0.012836416 seconds.
 +--------------------------------------------+
  Sweep number 32 - site numbers 2 and 3
 +--------------------------------------------+
+------------+------------+
  ITERATION  |   ERROR 
+------------+------------+
    1        |  7.7266E-11 
+------------+------------+
Cutoff - 1e-16
Sum: 4 -> 4
Memory usage : 922976 845572 
Sweep has been running for 0.016238271 seconds.
 +--------------------------------------------+
  Sweep number 32 - site numbers 1 and 2
 +--------------------------------------------+
+------------+------------+
  ITERATION  |   ERROR 
+------------+------------+
    1        |  9.6578E-11 
+------------+------------+
Cutoff - 1e-16
Sum: 8 -> 8
Memory usage : 922976 845572 
Sweep has been running for 0.020559811 seconds.
 +--------------------------------------------+
  Sweep number 32 - site numbers 0 and 1
 +--------------------------------------------+
+------------+------------+
  ITERATION  |   ERROR 
+------------+------------+
    1        |  8.3720E-11 
+------------+------------+
 Energy = -6.41850292797726
Cutoff - 1e-16
Sum: 4 -> 4
Memory usage : 922976 845572 
Sweep has been running for 0.024779138 seconds.
 +--------------------------------------------+
  Sweep number 33 - site numbers 0 and 1
 +--------------------------------------------+
+------------+------------+
  ITERATION  |   ERROR 
+------------+------------+
    1        |  8.3720E-11 
+------------+------------+
 Energy = -6.41850292797726
Cutoff - 1e-16
Sum: 4 -> 4
Memory usage : 922976 845572 
Sweep has been running for 0.004016449 seconds.
 +--------------------------------------------+
  Sweep number 33 - site numbers 1 and 2
 +--------------------------------------------+
+------------+------------+
  ITERATION  |   ERROR 
+------------+------------+
    1        |  9.6579E-11 
+------------+------------+
Cutoff - 1e-16
Sum: 8 -> 8
Memory usage : 922976 845572 
Sweep has been running for 0.008588268 seconds.
 +--------------------------------------------+
  Sweep number 33 - site numbers 2 and 3
 +--------------------------------------------+
+------------+------------+
  ITERATION  |   ERROR 
+------------+------------+
    1        |  7.7266E-11 
+------------+------------+
Cutoff - 1e-16
Sum: 4 -> 4
Memory usage : 922976 845572 
Sweep has been running for 0.012735444 seconds.
 +--------------------------------------------+
  Sweep number 34 - site numbers 2 and 3
 +--------------------------------------------+
+------------+------------+
  ITERATION  |   ERROR 
+------------+------------+
    1        |  7.7266E-11 
+------------+------------+
Cutoff - 1e-16
Sum: 4 -> 4
Memory usage : 922976 845572 
Sweep has been running for 0.016116332 seconds.
 +--------------------------------------------+
  Sweep number 34 - site numbers 1 and 2
 +--------------------------------------------+
+------------+------------+
  ITERATION  |   ERROR 
+------------+------------+
    1        |  9.6579E-11 
+------------+------------+
Cutoff - 1e-16
Sum: 8 -> 8
Memory usage : 922976 845572 
Sweep has been running for 0.020439329 seconds.
 +--------------------------------------------+
  Sweep number 34 - site numbers 0 and 1
 +--------------------------------------------+
+------------+------------+
  ITERATION  |   ERROR 
+------------+------------+
    1        |  8.3721E-11 
+------------+------------+
 Energy = -6.41850292797726
Cutoff - 1e-16
Sum: 4 -> 4
Memory usage : 922976 845572 
Sweep has been running for 0.024691577 seconds.
 +--------------------------------------------+
  Sweep number 35 - site numbers 0 and 1
 +--------------------------------------------+
+------------+------------+
  ITERATION  |   ERROR 
+------------+------------+
    1        |  8.3721E-11 
+------------+------------+
 Energy = -6.41850292797726
Cutoff - 1e-16
Sum: 4 -> 4
Memory usage : 922976 845572 
Sweep has been running for 0.00404618 seconds.
 +--------------------------------------------+
  Sweep number 35 - site numbers 1 and 2
 +--------------------------------------------+
+------------+------------+
  ITERATION  |   ERROR 
+------------+------------+
    1        |  9.6579E-11 
+------------+------------+
Cutoff - 1e-16
Sum: 8 -> 8
Memory usage : 922976 845572 
Sweep has been running for 0.008552533 seconds.
 +--------------------------------------------+
  Sweep number 35 - site numbers 2 and 3
 +--------------------------------------------+
+------------+------------+
  ITERATION  |   ERROR 
+------------+------------+
    1        |  7.7268E-11 
+------------+------------+
Cutoff - 1e-16
Sum: 4 -> 4
Memory usage : 922976 845572 
Sweep has been running for 0.013099015 seconds.
 +--------------------------------------------+
  Sweep number 36 - site numbers 2 and 3
 +--------------------------------------------+
+------------+------------+
  ITERATION  |   ERROR 
+------------+------------+
    1        |  7.7268E-11 
+------------+------------+
Cutoff - 1e-16
Sum: 4 -> 4
Memory usage : 922976 845572 
Sweep has been running for 0.01648074 seconds.
 +--------------------------------------------+
  Sweep number 36 - site numbers 1 and 2
 +--------------------------------------------+
+------------+------------+
  ITERATION  |   ERROR 
+------------+------------+
    1        |  9.6579E-11 
+------------+------------+
Cutoff - 1e-16
Sum: 8 -> 8
Memory usage : 922976 845572 
Sweep has been running for 0.020712427 seconds.
 +--------------------------------------------+
  Sweep number 36 - site numbers 0 and 1
 +--------------------------------------------+
+------------+------------+
  ITERATION  |   ERROR 
+------------+------------+
    1        |  8.3720E-11 
+------------+------------+
 Energy = -6.41850292797726
Cutoff - 1e-16
Sum: 4 -> 4
Memory usage : 922976 845572 
Sweep has been running for 0.025050518 seconds.
 +--------------------------------------------+
  Sweep number 37 - site numbers 0 and 1
 +--------------------------------------------+
+------------+------------+
  ITERATION  |   ERROR 
+------------+------------+
    1        |  8.3720E-11 
+------------+------------+
 Energy = -6.41850292797726
Cutoff - 1e-16
Sum: 4 -> 4
Memory usage : 922976 845572 
Sweep has been running for 0.00415339 seconds.
 +--------------------------------------------+
  Sweep number 37 - site numbers 1 and 2
 +--------------------------------------------+
+------------+------------+
  ITERATION  |   ERROR 
+------------+------------+
    1        |  9.6579E-11 
+------------+------------+
Cutoff - 1e-16
Sum: 8 -> 8
Memory usage : 922976 845572 
Sweep has been running for 0.008736453 seconds.
 +--------------------------------------------+
  Sweep number 37 - site numbers 2 and 3
 +--------------------------------------------+
+------------+------------+
  ITERATION  |   ERROR 
+------------+------------+
    1        |  7.7267E-11 
+------------+------------+
Cutoff - 1e-16
Sum: 4 -> 4
Memory usage : 922976 845572 
Sweep has been running for 0.012932465 seconds.
 +--------------------------------------------+
  Sweep number 38 - site numbers 2 and 3
 +--------------------------------------------+
+------------+------------+
  ITERATION  |   ERROR 
+------------+------------+
    1        |  7.7267E-11 
+------------+------------+
Cutoff - 1e-16
Sum: 4 -> 4
Memory usage : 922976 845572 
Sweep has been running for 0.016427598 seconds.
 +--------------------------------------------+
  Sweep number 38 - site numbers 1 and 2
 +--------------------------------------------+
+------------+------------+
  ITERATION  |   ERROR 
+------------+------------+
    1        |  9.6579E-11 
+------------+------------+
Cutoff - 1e-16
Sum: 8 -> 8
Memory usage : 922976 845572 
Sweep has been running for 0.020709557 seconds.
 +--------------------------------------------+
  Sweep number 38 - site numbers 0 and 1
 +--------------------------------------------+
+------------+------------+
  ITERATION  |   ERROR 
+------------+------------+
    1        |  8.3721E-11 
+------------+------------+
 Energy = -6.41850292797727
Cutoff - 1e-16
Sum: 4 -> 4
Memory usage : 922976 845572 
Sweep has been running for 0.025047809 seconds.
 +--------------------------------------------+
  Sweep number 39 - site numbers 0 and 1
 +--------------------------------------------+
+------------+------------+
  ITERATION  |   ERROR 
+------------+------------+
    1        |  8.3721E-11 
+------------+------------+
 Energy = -6.41850292797726
Cutoff - 1e-16
Sum: 4 -> 4
Memory usage : 922976 845572 
Sweep has been running for 0.00418907 seconds.
 +--------------------------------------------+
  Sweep number 39 - site numbers 1 and 2
 +--------------------------------------------+
+------------+------------+
  ITERATION  |   ERROR 
+------------+------------+
    1        |  9.6580E-11 
+------------+------------+
Cutoff - 1e-16
Sum: 8 -> 8
Memory usage : 922976 845572 
Sweep has been running for 0.008738723 seconds.
 +--------------------------------------------+
  Sweep number 39 - site numbers 2 and 3
 +--------------------------------------------+
+------------+------------+
  ITERATION  |   ERROR 
+------------+------------+
    1        |  7.7267E-11 
+------------+------------+
Cutoff - 1e-16
Sum: 4 -> 4
Memory usage : 922976 845572 
Sweep has been running for 0.01293854 seconds.
 +--------------------------------------------+
  Sweep number 40 - site numbers 2 and 3
 +--------------------------------------------+
+------------+------------+
  ITERATION  |   ERROR 
+------------+------------+
    1        |  7.7267E-11 
+------------+------------+
Cutoff - 1e-16
Sum: 4 -> 4
Memory usage : 922976 845572 
Sweep has been running for 0.016322455 seconds.
 +--------------------------------------------+
  Sweep number 40 - site numbers 1 and 2
 +--------------------------------------------+
+------------+------------+
  ITERATION  |   ERROR 
+------------+------------+
    1        |  9.6580E-11 
+------------+------------+
Cutoff - 1e-16
Sum: 8 -> 8
Memory usage : 922976 845572 
Sweep has been running for 0.02057093 seconds.
 +--------------------------------------------+
  Sweep number 40 - site numbers 0 and 1
 +--------------------------------------------+
+------------+------------+
  ITERATION  |   ERROR 
+------------+------------+
    1        |  8.3721E-11 
+------------+------------+
 Energy = -6.41850292797726
Cutoff - 1e-16
Sum: 4 -> 4
Memory usage : 922976 845572 
Sweep has been running for 0.024880916 seconds.
Task took 1.657125 seconds.
