  SCINE QCMaquis 
  Quantum Chemical Density Matrix Renormalization group
  available from https://scine.ethz.ch/download/qcmaquis
  based on the ALPS MPS codes from http://alps.comp-phys.org/
  copyright (c) 2015-2018 Department of Chemistry and Applied Biosciences, ETH Zurich
  copyright (c) 2012-2016 by Sebastian Keller
  copyright (c) 2016-2018 by Alberto Baiardi, Leon Freitag, 
  Stefan Knecht, Yingjin Ma 
  for details see the publication: 
  S. Keller et al., J. Chem. Phys. 143, 244118 (2015)

This binary contains symmetries: u1dg 2u1 2u1pg su2u1pg 
DMRG version 3.1.0-0a16862dc132f9e3849ef20f8a6d3545f1fb796f (TranscorrelatedHamiltonian) release-3.0.6-gitlab
Temporary storage is disabled
MPO Bond 0: 10/0
MPO Bond 1: 10/0
MPO Bond 2: 6/0
MPO Bond 3: 1/0
site_types: 0 0 0 0 
phys[0]: |( <1,1>: 1 )( <1,0>: 1 )( <0,1>: 1 )( <0,0>: 1 )|
Right end: <2,1>
init norm: 0.01388888889
MPS site 0
|( <0,0>: 1 )|
Sum: 1
|( <1,1>: 1 )( <1,0>: 1 )( <0,1>: 1 )( <0,0>: 1 )|
Sum: 4
MPS site 1
|( <1,1>: 1 )( <1,0>: 1 )( <0,1>: 1 )( <0,0>: 1 )|
Sum: 4
|( <2,1>: 1 )( <2,0>: 1 )( <1,1>: 2 )( <1,0>: 2 )( <0,1>: 1 )( <0,0>: 1 )|
Sum: 8
MPS site 2
|( <2,1>: 1 )( <2,0>: 1 )( <1,1>: 2 )( <1,0>: 2 )( <0,1>: 1 )( <0,0>: 1 )|
Sum: 8
|( <2,1>: 1 )( <2,0>: 1 )( <1,1>: 1 )( <1,0>: 1 )|
Sum: 4
MPS site 3
|( <2,1>: 1 )( <2,0>: 1 )( <1,1>: 1 )( <1,0>: 1 )|
Sum: 4
|( <2,1>: 1 )|
Sum: 1

site 0 activating sector <1,1>
site 1 activating sector <2,1>
site 2 activating sector <2,1>
site 3 activating sector <2,1>
MPS initialization has finished...
Expecting 0 states to orthogonalize to.
Boundaries are partially initialized...
Boundaries are fully initialized...
Done init_left_right
TSMPOTensor: 10x1,  10 operators, 10 tags
TSMPOTensor: 1x10,  10 operators, 10 tags
TSMPOTensor: 10x6,  15 operators, 15 tags
Total number of tags: 35

Sweep 0, optimizing sites 0 and 1
JCD used 10 iterations.
Time elapsed in JCD: 0.012465652
Energy 1 -8.24121372851535
Sum: 4 -> 4
Time elapsed in TRUNC: 0.000700007
Propagating t with norm 1
Memory usage : 795992 795992 
Sweep has been running for 0.015440206 seconds.

Sweep 0, optimizing sites 1 and 2
JCD used 10 iterations.
Time elapsed in JCD: 0.014170919
Energy 1 -9.78923108069847
Sum: 8 -> 8
Time elapsed in TRUNC: 0.00077188
Propagating t with norm 1
Memory usage : 795992 795992 
Sweep has been running for 0.032709425 seconds.

Sweep 0, optimizing sites 2 and 3
JCD used 10 iterations.
Time elapsed in JCD: 0.011563982
Energy 1 -9.7892926258206
Sum: 4 -> 4
Time elapsed in TRUNC: 0.000669676
Propagating t with norm 1
Memory usage : 795992 795992 
Sweep has been running for 0.047084429 seconds.

Sweep 0, optimizing sites 2 and 3
JCD used 10 iterations.
Time elapsed in JCD: 0.011542117
Energy -1 -9.7892926201323
Sum: 4 -> 4
Time elapsed in TRUNC: 0.000397596
Propagating t with norm 1
Memory usage : 795992 795992 
Sweep has been running for 0.061121801 seconds.

Sweep 0, optimizing sites 1 and 2
JCD used 10 iterations.
Time elapsed in JCD: 0.014118582
Energy -1 -9.78931031272523
Sum: 8 -> 8
Time elapsed in TRUNC: 0.00044618
Propagating t with norm 1
Memory usage : 795992 795992 
Sweep has been running for 0.078124577 seconds.

Sweep 0, optimizing sites 0 and 1
JCD used 10 iterations.
Time elapsed in JCD: 0.011871666
Energy -1 -9.78931031621381
Sum: 4 -> 4
Time elapsed in TRUNC: 0.000349061
Propagating t with norm 1
Memory usage : 795992 795992 
Sweep has been running for 0.092607481 seconds.

Sweep 1, optimizing sites 0 and 1
JCD used 2 iterations.
Time elapsed in JCD: 0.00175543
Energy 1 -9.78931031536055
Sum: 4 -> 4
Time elapsed in TRUNC: 0.000651672
Propagating t with norm 1
Memory usage : 795992 795992 
Sweep has been running for 0.004628635 seconds.

Sweep 1, optimizing sites 1 and 2
JCD used 10 iterations.
Time elapsed in JCD: 0.014414532
Energy 1 -9.78931031696185
Sum: 8 -> 8
Time elapsed in TRUNC: 0.000778733
Propagating t with norm 1
Memory usage : 795992 795992 
Sweep has been running for 0.022329031 seconds.

Sweep 1, optimizing sites 2 and 3
JCD used 1 iterations.
Time elapsed in JCD: 0.001117122
Energy 1 -9.789310315368
Sum: 4 -> 4
Time elapsed in TRUNC: 0.000593969
Propagating t with norm 1
Memory usage : 795992 795992 
Sweep has been running for 0.02616783 seconds.

Sweep 1, optimizing sites 2 and 3
JCD used 1 iterations.
Time elapsed in JCD: 0.001171695
Energy -1 -9.789310315368
Sum: 4 -> 4
Time elapsed in TRUNC: 0.000380583
Propagating t with norm 1
Memory usage : 795992 795992 
Sweep has been running for 0.029828432 seconds.

Sweep 1, optimizing sites 1 and 2
JCD used 1 iterations.
Time elapsed in JCD: 0.001216358
Energy -1 -9.789310315368
Sum: 8 -> 8
Time elapsed in TRUNC: 0.000439866
Propagating t with norm 1
Memory usage : 795992 795992 
Sweep has been running for 0.033857137 seconds.

Sweep 1, optimizing sites 0 and 1
JCD used 1 iterations.
Time elapsed in JCD: 0.000835331
Energy -1 -9.789310315368
Sum: 4 -> 4
Time elapsed in TRUNC: 0.000345871
Propagating t with norm 1
Memory usage : 795992 795992 
Sweep has been running for 0.041079354 seconds.

Sweep 2, optimizing sites 0 and 1
JCD used 1 iterations.
Time elapsed in JCD: 0.000976358
Energy 1 -9.789310315368
Sum: 4 -> 4
Time elapsed in TRUNC: 0.000639971
Propagating t with norm 1
Memory usage : 795992 795992 
Sweep has been running for 0.004338032 seconds.

Sweep 2, optimizing sites 1 and 2
JCD used 1 iterations.
Time elapsed in JCD: 0.001188929
Energy 1 -9.789310315368
Sum: 8 -> 8
Time elapsed in TRUNC: 0.000745929
Propagating t with norm 1
Memory usage : 795992 795992 
Sweep has been running for 0.008523321 seconds.

Sweep 2, optimizing sites 2 and 3
JCD used 1 iterations.
Time elapsed in JCD: 0.001060226
Energy 1 -9.789310315368
Sum: 4 -> 4
Time elapsed in TRUNC: 0.000578678
Propagating t with norm 1
Memory usage : 795992 795992 
Sweep has been running for 0.012164964 seconds.

Sweep 2, optimizing sites 2 and 3
JCD used 1 iterations.
Time elapsed in JCD: 0.001070153
Energy -1 -9.789310315368
Sum: 4 -> 4
Time elapsed in TRUNC: 0.00039014
Propagating t with norm 1
Memory usage : 795992 795992 
Sweep has been running for 0.01561151 seconds.

Sweep 2, optimizing sites 1 and 2
JCD used 1 iterations.
Time elapsed in JCD: 0.001179394
Energy -1 -9.789310315368
Sum: 8 -> 8
Time elapsed in TRUNC: 0.000451339
Propagating t with norm 1
Memory usage : 795992 795992 
Sweep has been running for 0.019579532 seconds.

Sweep 2, optimizing sites 0 and 1
JCD used 1 iterations.
Time elapsed in JCD: 0.000850337
Energy -1 -9.789310315368
Sum: 4 -> 4
Time elapsed in TRUNC: 0.000356442
Propagating t with norm 1
Memory usage : 795992 795992 
Sweep has been running for 0.02288066 seconds.

Sweep 3, optimizing sites 0 and 1
JCD used 1 iterations.
Time elapsed in JCD: 0.000882747
Energy 1 -9.789310315368
Sum: 4 -> 4
Time elapsed in TRUNC: 0.000603022
Propagating t with norm 1
Memory usage : 795992 795992 
Sweep has been running for 0.003604302 seconds.

Sweep 3, optimizing sites 1 and 2
JCD used 1 iterations.
Time elapsed in JCD: 0.00116461
Energy 1 -9.789310315368
Sum: 8 -> 8
Time elapsed in TRUNC: 0.000719171
Propagating t with norm 1
Memory usage : 795992 795992 
Sweep has been running for 0.007686185 seconds.

Sweep 3, optimizing sites 2 and 3
JCD used 1 iterations.
Time elapsed in JCD: 0.001091706
Energy 1 -9.789310315368
Sum: 4 -> 4
Time elapsed in TRUNC: 0.000560981
Propagating t with norm 1
Memory usage : 795992 795992 
Sweep has been running for 0.011322932 seconds.

Sweep 3, optimizing sites 2 and 3
JCD used 1 iterations.
Time elapsed in JCD: 0.00109237
Energy -1 -9.789310315368
Sum: 4 -> 4
Time elapsed in TRUNC: 0.000360137
Propagating t with norm 1
Memory usage : 795992 795992 
Sweep has been running for 0.014701566 seconds.

Sweep 3, optimizing sites 1 and 2
JCD used 1 iterations.
Time elapsed in JCD: 0.00119794
Energy -1 -9.789310315368
Sum: 8 -> 8
Time elapsed in TRUNC: 0.000541327
Propagating t with norm 1
Memory usage : 795992 795992 
Sweep has been running for 0.018740503 seconds.

Sweep 3, optimizing sites 0 and 1
JCD used 1 iterations.
Time elapsed in JCD: 0.000817661
Energy -1 -9.789310315368
Sum: 4 -> 4
Time elapsed in TRUNC: 0.000330826
Propagating t with norm 1
Memory usage : 795992 795992 
Sweep has been running for 0.022000296 seconds.

Sweep 4, optimizing sites 0 and 1
JCD used 1 iterations.
Time elapsed in JCD: 0.000864145
Energy 1 -9.789310315368
Sum: 4 -> 4
Time elapsed in TRUNC: 0.000603555
Propagating t with norm 1
Memory usage : 795992 795992 
Sweep has been running for 0.003567232 seconds.

Sweep 4, optimizing sites 1 and 2
JCD used 1 iterations.
Time elapsed in JCD: 0.001157318
Energy 1 -9.789310315368
Sum: 8 -> 8
Time elapsed in TRUNC: 0.00074339
Propagating t with norm 1
Memory usage : 795992 795992 
Sweep has been running for 0.00788314 seconds.

Sweep 4, optimizing sites 2 and 3
JCD used 1 iterations.
Time elapsed in JCD: 0.001111819
Energy 1 -9.789310315368
Sum: 4 -> 4
Time elapsed in TRUNC: 0.000578967
Propagating t with norm 1
Memory usage : 795992 795992 
Sweep has been running for 0.011684429 seconds.

Sweep 4, optimizing sites 2 and 3
JCD used 1 iterations.
Time elapsed in JCD: 0.001108928
Energy -1 -9.789310315368
Sum: 4 -> 4
Time elapsed in TRUNC: 0.000382812
Propagating t with norm 1
Memory usage : 795992 795992 
Sweep has been running for 0.015199687 seconds.

Sweep 4, optimizing sites 1 and 2
JCD used 1 iterations.
Time elapsed in JCD: 0.001182227
Energy -1 -9.789310315368
Sum: 8 -> 8
Time elapsed in TRUNC: 0.000442345
Propagating t with norm 1
Memory usage : 795992 795992 
Sweep has been running for 0.019183644 seconds.

Sweep 4, optimizing sites 0 and 1
JCD used 1 iterations.
Time elapsed in JCD: 0.000831873
Energy -1 -9.789310315368
Sum: 4 -> 4
Time elapsed in TRUNC: 0.000346168
Propagating t with norm 1
Memory usage : 795992 795992 
Sweep has been running for 0.022590049 seconds.

Sweep 5, optimizing sites 0 and 1
JCD used 1 iterations.
Time elapsed in JCD: 0.000906969
Energy 1 -9.789310315368
Sum: 4 -> 4
Time elapsed in TRUNC: 0.000657064
Propagating t with norm 1
Memory usage : 795992 795992 
Sweep has been running for 0.003816528 seconds.

Sweep 5, optimizing sites 1 and 2
JCD used 1 iterations.
Time elapsed in JCD: 0.001184016
Energy 1 -9.789310315368
Sum: 8 -> 8
Time elapsed in TRUNC: 0.000738351
Propagating t with norm 1
Memory usage : 795992 795992 
Sweep has been running for 0.008075347 seconds.

Sweep 5, optimizing sites 2 and 3
JCD used 1 iterations.
Time elapsed in JCD: 0.001122647
Energy 1 -9.789310315368
Sum: 4 -> 4
Time elapsed in TRUNC: 0.001525038
Propagating t with norm 1
Memory usage : 795992 795992 
Sweep has been running for 0.012865777 seconds.

Sweep 5, optimizing sites 2 and 3
JCD used 1 iterations.
Time elapsed in JCD: 0.00111524
Energy -1 -9.789310315368
Sum: 4 -> 4
Time elapsed in TRUNC: 0.000385216
Propagating t with norm 1
Memory usage : 795992 795992 
Sweep has been running for 0.017630809 seconds.

Sweep 5, optimizing sites 1 and 2
JCD used 1 iterations.
Time elapsed in JCD: 0.001588025
Energy -1 -9.789310315368
Sum: 8 -> 8
Time elapsed in TRUNC: 0.000537356
Propagating t with norm 1
Memory usage : 795992 795992 
Sweep has been running for 0.022440708 seconds.

Sweep 5, optimizing sites 0 and 1
JCD used 1 iterations.
Time elapsed in JCD: 0.000888444
Energy -1 -9.789310315368
Sum: 4 -> 4
Time elapsed in TRUNC: 0.000369752
Propagating t with norm 1
Memory usage : 795992 795992 
Sweep has been running for 0.026062095 seconds.

Sweep 6, optimizing sites 0 and 1
JCD used 1 iterations.
Time elapsed in JCD: 0.000896508
Energy 1 -9.789310315368
Sum: 4 -> 4
Time elapsed in TRUNC: 0.000632186
Propagating t with norm 1
Memory usage : 795992 795992 
Sweep has been running for 0.003850397 seconds.

Sweep 6, optimizing sites 1 and 2
JCD used 1 iterations.
Time elapsed in JCD: 0.001188356
Energy 1 -9.789310315368
Sum: 8 -> 8
Time elapsed in TRUNC: 0.000763647
Propagating t with norm 1
Memory usage : 795992 795992 
Sweep has been running for 0.008176652 seconds.

Sweep 6, optimizing sites 2 and 3
JCD used 1 iterations.
Time elapsed in JCD: 0.001146067
Energy 1 -9.789310315368
Sum: 4 -> 4
Time elapsed in TRUNC: 0.00058714
Propagating t with norm 1
Memory usage : 795992 795992 
Sweep has been running for 0.012018444 seconds.

Sweep 6, optimizing sites 2 and 3
JCD used 1 iterations.
Time elapsed in JCD: 0.001109922
Energy -1 -9.789310315368
Sum: 4 -> 4
Time elapsed in TRUNC: 0.000400901
Propagating t with norm 1
Memory usage : 795992 795992 
Sweep has been running for 0.015576827 seconds.

Sweep 6, optimizing sites 1 and 2
JCD used 1 iterations.
Time elapsed in JCD: 0.001162666
Energy -1 -9.789310315368
Sum: 8 -> 8
Time elapsed in TRUNC: 0.000448673
Propagating t with norm 1
Memory usage : 795992 795992 
Sweep has been running for 0.019568035 seconds.

Sweep 6, optimizing sites 0 and 1
JCD used 1 iterations.
Time elapsed in JCD: 0.000946016
Energy -1 -9.789310315368
Sum: 4 -> 4
Time elapsed in TRUNC: 0.000347707
Propagating t with norm 1
Memory usage : 795992 795992 
Sweep has been running for 0.023118775 seconds.

Sweep 7, optimizing sites 0 and 1
JCD used 1 iterations.
Time elapsed in JCD: 0.000895503
Energy 1 -9.789310315368
Sum: 4 -> 4
Time elapsed in TRUNC: 0.000624437
Propagating t with norm 1
Memory usage : 795992 795992 
Sweep has been running for 0.003737789 seconds.

Sweep 7, optimizing sites 1 and 2
JCD used 1 iterations.
Time elapsed in JCD: 0.001184211
Energy 1 -9.789310315368
Sum: 8 -> 8
Time elapsed in TRUNC: 0.000739592
Propagating t with norm 1
Memory usage : 795992 795992 
Sweep has been running for 0.007988823 seconds.

Sweep 7, optimizing sites 2 and 3
JCD used 1 iterations.
Time elapsed in JCD: 0.001121615
Energy 1 -9.789310315368
Sum: 4 -> 4
Time elapsed in TRUNC: 0.000582581
Propagating t with norm 1
Memory usage : 795992 795992 
Sweep has been running for 0.011885866 seconds.

Sweep 7, optimizing sites 2 and 3
JCD used 1 iterations.
Time elapsed in JCD: 0.001110618
Energy -1 -9.789310315368
Sum: 4 -> 4
Time elapsed in TRUNC: 0.000382953
Propagating t with norm 1
Memory usage : 795992 795992 
Sweep has been running for 0.015415295 seconds.

Sweep 7, optimizing sites 1 and 2
JCD used 1 iterations.
Time elapsed in JCD: 0.001204596
Energy -1 -9.789310315368
Sum: 8 -> 8
Time elapsed in TRUNC: 0.000443512
Propagating t with norm 1
Memory usage : 795992 795992 
Sweep has been running for 0.019463372 seconds.

Sweep 7, optimizing sites 0 and 1
JCD used 1 iterations.
Time elapsed in JCD: 0.000835015
Energy -1 -9.78931031536801
Sum: 4 -> 4
Time elapsed in TRUNC: 0.000349577
Propagating t with norm 1
Memory usage : 795992 795992 
Sweep has been running for 0.02288817 seconds.

Sweep 8, optimizing sites 0 and 1
JCD used 1 iterations.
Time elapsed in JCD: 0.000893128
Energy 1 -9.789310315368
Sum: 4 -> 4
Time elapsed in TRUNC: 0.000620635
Propagating t with norm 1
Memory usage : 795992 795992 
Sweep has been running for 0.003818514 seconds.

Sweep 8, optimizing sites 1 and 2
JCD used 1 iterations.
Time elapsed in JCD: 0.001203889
Energy 1 -9.789310315368
Sum: 8 -> 8
Time elapsed in TRUNC: 0.000740304
Propagating t with norm 1
Memory usage : 795992 795992 
Sweep has been running for 0.008102652 seconds.

Sweep 8, optimizing sites 2 and 3
JCD used 1 iterations.
Time elapsed in JCD: 0.00111746
Energy 1 -9.789310315368
Sum: 4 -> 4
Time elapsed in TRUNC: 0.000580914
Propagating t with norm 1
Memory usage : 795992 795992 
Sweep has been running for 0.011922055 seconds.

Sweep 8, optimizing sites 2 and 3
JCD used 1 iterations.
Time elapsed in JCD: 0.001109998
Energy -1 -9.789310315368
Sum: 4 -> 4
Time elapsed in TRUNC: 0.000380369
Propagating t with norm 1
Memory usage : 795992 795992 
Sweep has been running for 0.015445945 seconds.

Sweep 8, optimizing sites 1 and 2
JCD used 1 iterations.
Time elapsed in JCD: 0.001178826
Energy -1 -9.789310315368
Sum: 8 -> 8
Time elapsed in TRUNC: 0.000444551
Propagating t with norm 1
Memory usage : 795992 795992 
Sweep has been running for 0.019448011 seconds.

Sweep 8, optimizing sites 0 and 1
JCD used 1 iterations.
Time elapsed in JCD: 0.000830474
Energy -1 -9.789310315368
Sum: 4 -> 4
Time elapsed in TRUNC: 0.000347348
Propagating t with norm 1
Memory usage : 795992 795992 
Sweep has been running for 0.022938092 seconds.

Sweep 9, optimizing sites 0 and 1
JCD used 1 iterations.
Time elapsed in JCD: 0.00090573
Energy 1 -9.789310315368
Sum: 4 -> 4
Time elapsed in TRUNC: 0.000631886
Propagating t with norm 1
Memory usage : 795992 795992 
Sweep has been running for 0.003795514 seconds.

Sweep 9, optimizing sites 1 and 2
JCD used 1 iterations.
Time elapsed in JCD: 0.001190785
Energy 1 -9.789310315368
Sum: 8 -> 8
Time elapsed in TRUNC: 0.000743362
Propagating t with norm 1
Memory usage : 795992 795992 
Sweep has been running for 0.008060264 seconds.

Sweep 9, optimizing sites 2 and 3
JCD used 1 iterations.
Time elapsed in JCD: 0.001142525
Energy 1 -9.789310315368
Sum: 4 -> 4
Time elapsed in TRUNC: 0.000584298
Propagating t with norm 1
Memory usage : 795992 795992 
Sweep has been running for 0.011997654 seconds.

Sweep 9, optimizing sites 2 and 3
JCD used 1 iterations.
Time elapsed in JCD: 0.001112119
Energy -1 -9.789310315368
Sum: 4 -> 4
Time elapsed in TRUNC: 0.000380316
Propagating t with norm 1
Memory usage : 795992 795992 
Sweep has been running for 0.015527489 seconds.

Sweep 9, optimizing sites 1 and 2
JCD used 1 iterations.
Time elapsed in JCD: 0.001177814
Energy -1 -9.789310315368
Sum: 8 -> 8
Time elapsed in TRUNC: 0.000441609
Propagating t with norm 1
Memory usage : 795992 795992 
Sweep has been running for 0.019563654 seconds.

Sweep 9, optimizing sites 0 and 1
JCD used 1 iterations.
Time elapsed in JCD: 0.000840759
Energy -1 -9.789310315368
Sum: 4 -> 4
Time elapsed in TRUNC: 0.000347832
Propagating t with norm 1
Memory usage : 795992 795992 
Sweep has been running for 0.023000763 seconds.

Sweep 10, optimizing sites 0 and 1
JCD used 1 iterations.
Time elapsed in JCD: 0.000892198
Energy 1 -9.789310315368
Sum: 4 -> 4
Time elapsed in TRUNC: 0.000620503
Propagating t with norm 1
Memory usage : 795992 795992 
Sweep has been running for 0.003819789 seconds.

Sweep 10, optimizing sites 1 and 2
JCD used 1 iterations.
Time elapsed in JCD: 0.00118505
Energy 1 -9.789310315368
Sum: 8 -> 8
Time elapsed in TRUNC: 0.000738755
Propagating t with norm 1
Memory usage : 795992 795992 
Sweep has been running for 0.008084614 seconds.

Sweep 10, optimizing sites 2 and 3
JCD used 1 iterations.
Time elapsed in JCD: 0.001119443
Energy 1 -9.789310315368
Sum: 4 -> 4
Time elapsed in TRUNC: 0.000580496
Propagating t with norm 1
Memory usage : 795992 795992 
Sweep has been running for 0.011896459 seconds.

Sweep 10, optimizing sites 2 and 3
JCD used 1 iterations.
Time elapsed in JCD: 0.001113644
Energy -1 -9.789310315368
Sum: 4 -> 4
Time elapsed in TRUNC: 0.000380173
Propagating t with norm 1
Memory usage : 795992 795992 
Sweep has been running for 0.01545346 seconds.

Sweep 10, optimizing sites 1 and 2
JCD used 1 iterations.
Time elapsed in JCD: 0.001182743
Energy -1 -9.789310315368
Sum: 8 -> 8
Time elapsed in TRUNC: 0.000449756
Propagating t with norm 1
Memory usage : 795992 795992 
Sweep has been running for 0.01953007 seconds.

Sweep 10, optimizing sites 0 and 1
JCD used 1 iterations.
Time elapsed in JCD: 0.000834394
Energy -1 -9.789310315368
Sum: 4 -> 4
Time elapsed in TRUNC: 0.00035341
Propagating t with norm 1
Memory usage : 795992 795992 
Sweep has been running for 0.022962742 seconds.

Sweep 11, optimizing sites 0 and 1
JCD used 1 iterations.
Time elapsed in JCD: 0.000898964
Energy 1 -9.789310315368
Sum: 4 -> 4
Time elapsed in TRUNC: 0.000628652
Propagating t with norm 1
Memory usage : 795992 795992 
Sweep has been running for 0.029016189 seconds.

Sweep 11, optimizing sites 1 and 2
JCD used 1 iterations.
Time elapsed in JCD: 0.010452202
Energy 1 -9.789310315368
Sum: 8 -> 8
Time elapsed in TRUNC: 0.000937248
Propagating t with norm 1
Memory usage : 795992 795992 
Sweep has been running for 0.044459645 seconds.

Sweep 11, optimizing sites 2 and 3
JCD used 1 iterations.
Time elapsed in JCD: 0.002927896
Energy 1 -9.789310315368
Sum: 4 -> 4
Time elapsed in TRUNC: 0.001980686
Propagating t with norm 1
Memory usage : 795992 795992 
Sweep has been running for 0.056287823 seconds.

Sweep 11, optimizing sites 2 and 3
JCD used 1 iterations.
Time elapsed in JCD: 0.001699883
Energy -1 -9.789310315368
Sum: 4 -> 4
Time elapsed in TRUNC: 0.000740166
Propagating t with norm 1
Memory usage : 795992 795992 
Sweep has been running for 0.063520506 seconds.

Sweep 11, optimizing sites 1 and 2
JCD used 1 iterations.
Time elapsed in JCD: 0.002448843
Energy -1 -9.789310315368
Sum: 8 -> 8
Time elapsed in TRUNC: 0.001245898
Propagating t with norm 1
Memory usage : 795992 795992 
Sweep has been running for 0.072954117 seconds.

Sweep 11, optimizing sites 0 and 1
JCD used 1 iterations.
Time elapsed in JCD: 0.002012999
Energy -1 -9.789310315368
Sum: 4 -> 4
Time elapsed in TRUNC: 0.000461819
Propagating t with norm 1
Memory usage : 795992 795992 
Sweep has been running for 0.082135631 seconds.

Sweep 12, optimizing sites 0 and 1
JCD used 1 iterations.
Time elapsed in JCD: 0.001207827
Energy 1 -9.789310315368
Sum: 4 -> 4
Time elapsed in TRUNC: 0.000701216
Propagating t with norm 1
Memory usage : 795992 795992 
Sweep has been running for 0.004627191 seconds.

Sweep 12, optimizing sites 1 and 2
JCD used 1 iterations.
Time elapsed in JCD: 0.001383071
Energy 1 -9.789310315368
Sum: 8 -> 8
Time elapsed in TRUNC: 0.000868907
Propagating t with norm 1
Memory usage : 795992 795992 
Sweep has been running for 0.009533283 seconds.

Sweep 12, optimizing sites 2 and 3
JCD used 1 iterations.
Time elapsed in JCD: 0.001241038
Energy 1 -9.789310315368
Sum: 4 -> 4
Time elapsed in TRUNC: 0.00075247
Propagating t with norm 1
Memory usage : 795992 795992 
Sweep has been running for 0.013780318 seconds.

Sweep 12, optimizing sites 2 and 3
JCD used 1 iterations.
Time elapsed in JCD: 0.001194275
Energy -1 -9.789310315368
Sum: 4 -> 4
Time elapsed in TRUNC: 0.000420111
Propagating t with norm 1
Memory usage : 795992 795992 
Sweep has been running for 0.0184343 seconds.

Sweep 12, optimizing sites 1 and 2
JCD used 1 iterations.
Time elapsed in JCD: 0.001330975
Energy -1 -9.789310315368
Sum: 8 -> 8
Time elapsed in TRUNC: 0.000575922
Propagating t with norm 1
Memory usage : 795992 795992 
Sweep has been running for 0.023443979 seconds.

Sweep 12, optimizing sites 0 and 1
JCD used 1 iterations.
Time elapsed in JCD: 0.000982471
Energy -1 -9.789310315368
Sum: 4 -> 4
Time elapsed in TRUNC: 0.000401587
Propagating t with norm 1
Memory usage : 795992 795992 
Sweep has been running for 0.054262313 seconds.

Sweep 13, optimizing sites 0 and 1
JCD used 1 iterations.
Time elapsed in JCD: 0.00120549
Energy 1 -9.789310315368
Sum: 4 -> 4
Time elapsed in TRUNC: 0.000807825
Propagating t with norm 1
Memory usage : 795992 795992 
Sweep has been running for 0.017094989 seconds.

Sweep 13, optimizing sites 1 and 2
JCD used 1 iterations.
Time elapsed in JCD: 0.009819843
Energy 1 -9.789310315368
Sum: 8 -> 8
Time elapsed in TRUNC: 0.001266201
Propagating t with norm 1
Memory usage : 795992 795992 
Sweep has been running for 0.031342148 seconds.

Sweep 13, optimizing sites 2 and 3
JCD used 1 iterations.
Time elapsed in JCD: 0.001891348
Energy 1 -9.789310315368
Sum: 4 -> 4
Time elapsed in TRUNC: 0.000747757
Propagating t with norm 1
Memory usage : 795992 795992 
Sweep has been running for 0.049383949 seconds.

Sweep 13, optimizing sites 2 and 3
JCD used 1 iterations.
Time elapsed in JCD: 0.015566884
Energy -1 -9.789310315368
Sum: 4 -> 4
Time elapsed in TRUNC: 0.000885205
Propagating t with norm 1
Memory usage : 795992 795992 
Sweep has been running for 0.074563428 seconds.

Sweep 13, optimizing sites 1 and 2
JCD used 1 iterations.
Time elapsed in JCD: 0.00920923
Energy -1 -9.789310315368
Sum: 8 -> 8
Time elapsed in TRUNC: 0.001461359
Propagating t with norm 1
Memory usage : 795992 795992 
Sweep has been running for 0.08880079 seconds.

Sweep 13, optimizing sites 0 and 1
JCD used 1 iterations.
Time elapsed in JCD: 0.011821317
Energy -1 -9.789310315368
Sum: 4 -> 4
Time elapsed in TRUNC: 0.003164715
Propagating t with norm 1
Memory usage : 795992 795992 
Sweep has been running for 0.112738213 seconds.

Sweep 14, optimizing sites 0 and 1
JCD used 1 iterations.
Time elapsed in JCD: 0.001037901
Energy 1 -9.789310315368
Sum: 4 -> 4
Time elapsed in TRUNC: 0.00060157
Propagating t with norm 1
Memory usage : 795992 795992 
Sweep has been running for 0.005963303 seconds.

Sweep 14, optimizing sites 1 and 2
JCD used 1 iterations.
Time elapsed in JCD: 0.001468033
Energy 1 -9.789310315368
Sum: 8 -> 8
Time elapsed in TRUNC: 0.000987277
Propagating t with norm 1
Memory usage : 795992 795992 
Sweep has been running for 0.011083759 seconds.

Sweep 14, optimizing sites 2 and 3
JCD used 1 iterations.
Time elapsed in JCD: 0.001035825
Energy 1 -9.789310315368
Sum: 4 -> 4
Time elapsed in TRUNC: 0.000555586
Propagating t with norm 1
Memory usage : 795992 795992 
Sweep has been running for 0.01454273 seconds.

Sweep 14, optimizing sites 2 and 3
JCD used 1 iterations.
Time elapsed in JCD: 0.001588687
Energy -1 -9.789310315368
Sum: 4 -> 4
Time elapsed in TRUNC: 0.000492311
Propagating t with norm 1
Memory usage : 795992 795992 
Sweep has been running for 0.018878741 seconds.

Sweep 14, optimizing sites 1 and 2
JCD used 1 iterations.
Time elapsed in JCD: 0.001482698
Energy -1 -9.789310315368
Sum: 8 -> 8
Time elapsed in TRUNC: 0.000544798
Propagating t with norm 1
Memory usage : 795992 795992 
Sweep has been running for 0.023619752 seconds.

Sweep 14, optimizing sites 0 and 1
JCD used 1 iterations.
Time elapsed in JCD: 0.000974836
Energy -1 -9.789310315368
Sum: 4 -> 4
Time elapsed in TRUNC: 0.00040578
Propagating t with norm 1
Memory usage : 795992 795992 
Sweep has been running for 0.027466467 seconds.

Sweep 15, optimizing sites 0 and 1
JCD used 1 iterations.
Time elapsed in JCD: 0.000989141
Energy 1 -9.789310315368
Sum: 4 -> 4
Time elapsed in TRUNC: 0.000679887
Propagating t with norm 1
Memory usage : 795992 795992 
Sweep has been running for 0.004173777 seconds.

Sweep 15, optimizing sites 1 and 2
JCD used 1 iterations.
Time elapsed in JCD: 0.003730521
Energy 1 -9.789310315368
Sum: 8 -> 8
Time elapsed in TRUNC: 0.000947099
Propagating t with norm 1
Memory usage : 795992 795992 
Sweep has been running for 0.015830049 seconds.

Sweep 15, optimizing sites 2 and 3
JCD used 1 iterations.
Time elapsed in JCD: 0.001307751
Energy 1 -9.789310315368
Sum: 4 -> 4
Time elapsed in TRUNC: 0.000699828
Propagating t with norm 1
Memory usage : 795992 795992 
Sweep has been running for 0.020290788 seconds.

Sweep 15, optimizing sites 2 and 3
JCD used 1 iterations.
Time elapsed in JCD: 0.001202738
Energy -1 -9.789310315368
Sum: 4 -> 4
Time elapsed in TRUNC: 0.000943185
Propagating t with norm 1
Memory usage : 795992 795992 
Sweep has been running for 0.026254439 seconds.

Sweep 15, optimizing sites 1 and 2
JCD used 1 iterations.
Time elapsed in JCD: 0.001599586
Energy -1 -9.789310315368
Sum: 8 -> 8
Time elapsed in TRUNC: 0.000695526
Propagating t with norm 1
Memory usage : 795992 795992 
Sweep has been running for 0.031823927 seconds.

Sweep 15, optimizing sites 0 and 1
JCD used 1 iterations.
Time elapsed in JCD: 0.000968613
Energy -1 -9.789310315368
Sum: 4 -> 4
Time elapsed in TRUNC: 0.000365334
Propagating t with norm 1
Memory usage : 795992 795992 
Sweep has been running for 0.0354433 seconds.

Sweep 16, optimizing sites 0 and 1
JCD used 1 iterations.
Time elapsed in JCD: 0.001057031
Energy 1 -9.789310315368
Sum: 4 -> 4
Time elapsed in TRUNC: 0.001450486
Propagating t with norm 1
Memory usage : 795992 795992 
Sweep has been running for 0.01790071 seconds.

Sweep 16, optimizing sites 1 and 2
JCD used 1 iterations.
Time elapsed in JCD: 0.001283452
Energy 1 -9.789310315368
Sum: 8 -> 8
Time elapsed in TRUNC: 0.002519914
Propagating t with norm 1
Memory usage : 795992 795992 
Sweep has been running for 0.024228616 seconds.

Sweep 16, optimizing sites 2 and 3
JCD used 1 iterations.
Time elapsed in JCD: 0.001574907
Energy 1 -9.789310315368
Sum: 4 -> 4
Time elapsed in TRUNC: 0.000603194
Propagating t with norm 1
Memory usage : 795992 795992 
Sweep has been running for 0.036349544 seconds.

Sweep 16, optimizing sites 2 and 3
JCD used 1 iterations.
Time elapsed in JCD: 0.012231003
Energy -1 -9.789310315368
Sum: 4 -> 4
Time elapsed in TRUNC: 0.000445924
Propagating t with norm 1
Memory usage : 795992 795992 
Sweep has been running for 0.051375411 seconds.

Sweep 16, optimizing sites 1 and 2
JCD used 1 iterations.
Time elapsed in JCD: 0.002890846
Energy -1 -9.789310315368
Sum: 8 -> 8
Time elapsed in TRUNC: 0.000703895
Propagating t with norm 1
Memory usage : 795992 795992 
Sweep has been running for 0.059013041 seconds.

Sweep 16, optimizing sites 0 and 1
JCD used 1 iterations.
Time elapsed in JCD: 0.001037151
Energy -1 -9.789310315368
Sum: 4 -> 4
Time elapsed in TRUNC: 0.001811057
Propagating t with norm 1
Memory usage : 795992 795992 
Sweep has been running for 0.067823459 seconds.

Sweep 17, optimizing sites 0 and 1
JCD used 1 iterations.
Time elapsed in JCD: 0.000893229
Energy 1 -9.789310315368
Sum: 4 -> 4
Time elapsed in TRUNC: 0.000624467
Propagating t with norm 1
Memory usage : 795992 795992 
Sweep has been running for 0.004993533 seconds.

Sweep 17, optimizing sites 1 and 2
JCD used 1 iterations.
Time elapsed in JCD: 0.002096591
Energy 1 -9.789310315368
Sum: 8 -> 8
Time elapsed in TRUNC: 0.000870587
Propagating t with norm 1
Memory usage : 795992 795992 
Sweep has been running for 0.016232982 seconds.

Sweep 17, optimizing sites 2 and 3
JCD used 1 iterations.
Time elapsed in JCD: 0.00115745
Energy 1 -9.789310315368
Sum: 4 -> 4
Time elapsed in TRUNC: 0.000639538
Propagating t with norm 1
Memory usage : 795992 795992 
Sweep has been running for 0.022328227 seconds.

Sweep 17, optimizing sites 2 and 3
JCD used 1 iterations.
Time elapsed in JCD: 0.001297692
Energy -1 -9.789310315368
Sum: 4 -> 4
Time elapsed in TRUNC: 0.002633419
Propagating t with norm 1
Memory usage : 795992 795992 
Sweep has been running for 0.028565262 seconds.

Sweep 17, optimizing sites 1 and 2
JCD used 1 iterations.
Time elapsed in JCD: 0.001211826
Energy -1 -9.789310315368
Sum: 8 -> 8
Time elapsed in TRUNC: 0.002576093
Propagating t with norm 1
Memory usage : 795992 795992 
Sweep has been running for 0.03533734 seconds.

Sweep 17, optimizing sites 0 and 1
JCD used 1 iterations.
Time elapsed in JCD: 0.002305092
Energy -1 -9.789310315368
Sum: 4 -> 4
Time elapsed in TRUNC: 0.00042155
Propagating t with norm 1
Memory usage : 795992 795992 
Sweep has been running for 0.040805609 seconds.

Sweep 18, optimizing sites 0 and 1
JCD used 1 iterations.
Time elapsed in JCD: 0.030064813
Energy 1 -9.789310315368
Sum: 4 -> 4
Time elapsed in TRUNC: 0.004940952
Propagating t with norm 1
Memory usage : 795992 795992 
Sweep has been running for 0.038535712 seconds.

Sweep 18, optimizing sites 1 and 2
JCD used 1 iterations.
Time elapsed in JCD: 0.001495098
Energy 1 -9.789310315368
Sum: 8 -> 8
Time elapsed in TRUNC: 0.000957524
Propagating t with norm 1
Memory usage : 795992 795992 
Sweep has been running for 0.047632795 seconds.

Sweep 18, optimizing sites 2 and 3
JCD used 1 iterations.
Time elapsed in JCD: 0.003373412
Energy 1 -9.789310315368
Sum: 4 -> 4
Time elapsed in TRUNC: 0.000769489
Propagating t with norm 1
Memory usage : 795992 795992 
Sweep has been running for 0.054463162 seconds.

Sweep 18, optimizing sites 2 and 3
JCD used 1 iterations.
Time elapsed in JCD: 0.00134291
Energy -1 -9.789310315368
Sum: 4 -> 4
Time elapsed in TRUNC: 0.000451979
Propagating t with norm 1
Memory usage : 795992 795992 
Sweep has been running for 0.05881505 seconds.

Sweep 18, optimizing sites 1 and 2
JCD used 1 iterations.
Time elapsed in JCD: 0.004383796
Energy -1 -9.789310315368
Sum: 8 -> 8
Time elapsed in TRUNC: 0.000587058
Propagating t with norm 1
Memory usage : 795992 795992 
Sweep has been running for 0.066738779 seconds.

Sweep 18, optimizing sites 0 and 1
JCD used 1 iterations.
Time elapsed in JCD: 0.001130844
Energy -1 -9.789310315368
Sum: 4 -> 4
Time elapsed in TRUNC: 0.000433224
Propagating t with norm 1
Memory usage : 795992 795992 
Sweep has been running for 0.071048595 seconds.

Sweep 19, optimizing sites 0 and 1
JCD used 1 iterations.
Time elapsed in JCD: 0.000927984
Energy 1 -9.789310315368
Sum: 4 -> 4
Time elapsed in TRUNC: 0.000604613
Propagating t with norm 1
Memory usage : 795992 795992 
Sweep has been running for 0.003733477 seconds.

Sweep 19, optimizing sites 1 and 2
JCD used 1 iterations.
Time elapsed in JCD: 0.010554184
Energy 1 -9.789310315368
Sum: 8 -> 8
Time elapsed in TRUNC: 0.001464651
Propagating t with norm 1
Memory usage : 795992 795992 
Sweep has been running for 0.018226729 seconds.

Sweep 19, optimizing sites 2 and 3
JCD used 1 iterations.
Time elapsed in JCD: 0.001136262
Energy 1 -9.789310315368
Sum: 4 -> 4
Time elapsed in TRUNC: 0.000581429
Propagating t with norm 1
Memory usage : 795992 795992 
Sweep has been running for 0.032673902 seconds.

Sweep 19, optimizing sites 2 and 3
JCD used 1 iterations.
Time elapsed in JCD: 0.00117384
Energy -1 -9.789310315368
Sum: 4 -> 4
Time elapsed in TRUNC: 0.000386651
Propagating t with norm 1
Memory usage : 795992 795992 
Sweep has been running for 0.036306769 seconds.

Sweep 19, optimizing sites 1 and 2
JCD used 1 iterations.
Time elapsed in JCD: 0.001188509
Energy -1 -9.789310315368
Sum: 8 -> 8
Time elapsed in TRUNC: 0.007826007
Propagating t with norm 1
Memory usage : 795992 795992 
Sweep has been running for 0.050733828 seconds.

Sweep 19, optimizing sites 0 and 1
JCD used 1 iterations.
Time elapsed in JCD: 0.0008956
Energy -1 -9.789310315368
Sum: 4 -> 4
Time elapsed in TRUNC: 0.000353778
Propagating t with norm 1
Memory usage : 795992 795992 
Sweep has been running for 0.054247281 seconds.
Task took 2.084535 seconds.
